---
http_interactions:
- request:
    method: put
    uri: http://backend:5352/source/home:package_test_user/_meta?user=package_test_user
    body:
      encoding: UTF-8
      string: |
        <project name="home:package_test_user">
          <title/>
          <description/>
          <person userid="package_test_user" role="maintainer"/>
        </project>
    headers:
      Accept-Encoding:
      - gzip;q=1.0,deflate;q=0.6,identity;q=0.3
      Accept:
      - "*/*"
      User-Agent:
      - Ruby
  response:
    status:
      code: 200
      message: OK
    headers:
      Content-Type:
      - text/xml
      Cache-Control:
      - no-cache
      Connection:
      - close
      Content-Length:
      - '156'
    body:
      encoding: UTF-8
      string: |
        <project name="home:package_test_user">
          <title></title>
          <description></description>
          <person userid="package_test_user" role="maintainer"/>
        </project>
  recorded_at: Fri, 24 Feb 2023 13:39:39 GMT
- request:
    method: put
    uri: http://backend:5352/source/home:user_tab_user/_meta?user=user_tab_user
    body:
      encoding: UTF-8
      string: |
        <project name="home:user_tab_user">
          <title/>
          <description/>
          <person userid="user_tab_user" role="maintainer"/>
        </project>
    headers:
      Accept-Encoding:
      - gzip;q=1.0,deflate;q=0.6,identity;q=0.3
      Accept:
      - "*/*"
      User-Agent:
      - Ruby
  response:
    status:
      code: 200
      message: OK
    headers:
      Content-Type:
      - text/xml
      Cache-Control:
      - no-cache
      Connection:
      - close
      Content-Length:
      - '148'
    body:
      encoding: UTF-8
      string: |
        <project name="home:user_tab_user">
          <title></title>
          <description></description>
          <person userid="user_tab_user" role="maintainer"/>
        </project>
  recorded_at: Fri, 24 Feb 2023 13:39:39 GMT
- request:
    method: put
    uri: http://backend:5352/source/home:user_tab_user/group_test_package/_meta?user=user_23
    body:
      encoding: UTF-8
      string: |
        <package name="group_test_package" project="home:user_tab_user">
          <title>The Cricket on the Hearth</title>
          <description>Nemo magnam natus aliquam.</description>
        </package>
    headers:
      Accept-Encoding:
      - gzip;q=1.0,deflate;q=0.6,identity;q=0.3
      Accept:
      - "*/*"
      User-Agent:
      - Ruby
  response:
    status:
      code: 200
      message: OK
    headers:
      Content-Type:
      - text/xml
      Cache-Control:
      - no-cache
      Connection:
      - close
      Content-Length:
      - '175'
    body:
      encoding: UTF-8
      string: |
        <package name="group_test_package" project="home:user_tab_user">
          <title>The Cricket on the Hearth</title>
          <description>Nemo magnam natus aliquam.</description>
        </package>
  recorded_at: Fri, 24 Feb 2023 13:39:39 GMT
- request:
    method: put
    uri: http://backend:5352/source/home:other_user/_meta?user=other_user
    body:
      encoding: UTF-8
      string: |
        <project name="home:other_user">
          <title/>
          <description/>
          <person userid="other_user" role="maintainer"/>
        </project>
    headers:
      Accept-Encoding:
      - gzip;q=1.0,deflate;q=0.6,identity;q=0.3
      Accept:
      - "*/*"
      User-Agent:
      - Ruby
  response:
    status:
      code: 200
      message: OK
    headers:
      Content-Type:
      - text/xml
      Cache-Control:
      - no-cache
      Connection:
      - close
      Content-Length:
      - '142'
    body:
      encoding: UTF-8
      string: |
        <project name="home:other_user">
          <title></title>
          <description></description>
          <person userid="other_user" role="maintainer"/>
        </project>
  recorded_at: Fri, 24 Feb 2023 13:39:39 GMT
- request:
    method: put
    uri: http://backend:5352/source/home:other_user/branch_test_package/_meta?user=user_24
    body:
      encoding: UTF-8
      string: |
        <package name="branch_test_package" project="home:other_user">
          <title>The Millstone</title>
          <description>Dolorem provident aliquid ut.</description>
        </package>
    headers:
      Accept-Encoding:
      - gzip;q=1.0,deflate;q=0.6,identity;q=0.3
      Accept:
      - "*/*"
      User-Agent:
      - Ruby
  response:
    status:
      code: 200
      message: OK
    headers:
      Content-Type:
      - text/xml
      Cache-Control:
      - no-cache
      Connection:
      - close
      Content-Length:
      - '164'
    body:
      encoding: UTF-8
      string: |
        <package name="branch_test_package" project="home:other_user">
          <title>The Millstone</title>
          <description>Dolorem provident aliquid ut.</description>
        </package>
  recorded_at: Fri, 24 Feb 2023 13:39:39 GMT
- request:
    method: put
    uri: http://backend:5352/source/home:other_user/branch_test_package/_config
    body:
      encoding: UTF-8
      string: Vero atque vel. Modi tempora enim. Et ad dolores.
    headers:
      Accept-Encoding:
      - gzip;q=1.0,deflate;q=0.6,identity;q=0.3
      Accept:
      - "*/*"
      User-Agent:
      - Ruby
  response:
    status:
      code: 200
      message: OK
    headers:
      Content-Type:
      - text/xml
      Cache-Control:
      - no-cache
      Connection:
      - close
      Content-Length:
      - '209'
    body:
      encoding: UTF-8
      string: |
        <revision rev="45" vrev="45">
          <srcmd5>cceb2d52872478bc2b6ce7131bc2009a</srcmd5>
          <version>unknown</version>
          <time>1677245979</time>
          <user>unknown</user>
          <comment></comment>
          <requestid/>
        </revision>
  recorded_at: Fri, 24 Feb 2023 13:39:39 GMT
- request:
    method: put
    uri: http://backend:5352/source/home:other_user/branch_test_package/somefile.txt
    body:
      encoding: UTF-8
      string: Et cum nulla. Blanditiis rerum minus. Quidem eos ipsa.
    headers:
      Accept-Encoding:
      - gzip;q=1.0,deflate;q=0.6,identity;q=0.3
      Accept:
      - "*/*"
      User-Agent:
      - Ruby
  response:
    status:
      code: 200
      message: OK
    headers:
      Content-Type:
      - text/xml
      Cache-Control:
      - no-cache
      Connection:
      - close
      Content-Length:
      - '209'
    body:
      encoding: UTF-8
      string: |
        <revision rev="46" vrev="46">
          <srcmd5>ef878e03d0a42b5b141f225a4fe33ac5</srcmd5>
          <version>unknown</version>
          <time>1677245979</time>
          <user>unknown</user>
          <comment></comment>
          <requestid/>
        </revision>
  recorded_at: Fri, 24 Feb 2023 13:39:39 GMT
- request:
    method: get
    uri: http://backend:5352/source/home:user_tab_user/group_test_package
    body:
      encoding: US-ASCII
      string: ''
    headers:
      X-Request-Id:
      - b3c3ee08-21c5-4ccc-a62b-7449f5f7c977
      Accept-Encoding:
      - gzip;q=1.0,deflate;q=0.6,identity;q=0.3
      Accept:
      - "*/*"
      User-Agent:
      - Ruby
  response:
    status:
      code: 200
      message: OK
    headers:
      Content-Type:
      - text/xml
      Cache-Control:
      - no-cache
      Connection:
      - close
      Content-Length:
      - '93'
    body:
      encoding: UTF-8
      string: |
        <directory name="group_test_package" srcmd5="d41d8cd98f00b204e9800998ecf8427e">
        </directory>
  recorded_at: Fri, 24 Feb 2023 13:39:40 GMT
- request:
    method: get
    uri: http://backend:5352/source/home:user_tab_user/group_test_package?expand=1
    body:
      encoding: US-ASCII
      string: ''
    headers:
      Accept-Encoding:
      - gzip;q=1.0,deflate;q=0.6,identity;q=0.3
      Accept:
      - "*/*"
      User-Agent:
      - Ruby
  response:
    status:
      code: 200
      message: OK
    headers:
      Content-Type:
      - text/xml
      Cache-Control:
      - no-cache
      Connection:
      - close
      Content-Length:
      - '93'
    body:
      encoding: UTF-8
      string: |
        <directory name="group_test_package" srcmd5="d41d8cd98f00b204e9800998ecf8427e">
        </directory>
  recorded_at: Fri, 24 Feb 2023 13:39:40 GMT
- request:
    method: get
    uri: http://backend:5352/source/home:user_tab_user/group_test_package/_history?deleted=0&meta=0
    body:
      encoding: US-ASCII
      string: ''
    headers:
      X-Request-Id:
      - b3c3ee08-21c5-4ccc-a62b-7449f5f7c977
      Accept-Encoding:
      - gzip;q=1.0,deflate;q=0.6,identity;q=0.3
      Accept:
      - "*/*"
      User-Agent:
      - Ruby
  response:
    status:
      code: 200
      message: OK
    headers:
      Content-Type:
      - text/xml
      Cache-Control:
      - no-cache
      Connection:
      - close
      Content-Length:
      - '31'
    body:
      encoding: UTF-8
      string: |
        <revisionlist>
        </revisionlist>
  recorded_at: Fri, 24 Feb 2023 13:39:40 GMT
- request:
    method: get
    uri: http://backend:5352/source/home:user_tab_user/group_test_package
    body:
      encoding: US-ASCII
      string: ''
    headers:
      X-Request-Id:
      - b3c3ee08-21c5-4ccc-a62b-7449f5f7c977
      Accept-Encoding:
      - gzip;q=1.0,deflate;q=0.6,identity;q=0.3
      Accept:
      - "*/*"
      User-Agent:
      - Ruby
  response:
    status:
      code: 200
      message: OK
    headers:
      Content-Type:
      - text/xml
      Cache-Control:
      - no-cache
      Connection:
      - close
      Content-Length:
      - '93'
    body:
      encoding: UTF-8
      string: |
        <directory name="group_test_package" srcmd5="d41d8cd98f00b204e9800998ecf8427e">
        </directory>
  recorded_at: Fri, 24 Feb 2023 13:39:40 GMT
- request:
    method: get
    uri: http://backend:5352/source/home:user_tab_user/group_test_package
    body:
      encoding: US-ASCII
      string: ''
    headers:
      X-Request-Id:
      - b3c3ee08-21c5-4ccc-a62b-7449f5f7c977
      Accept-Encoding:
      - gzip;q=1.0,deflate;q=0.6,identity;q=0.3
      Accept:
      - "*/*"
      User-Agent:
      - Ruby
  response:
    status:
      code: 200
      message: OK
    headers:
      Content-Type:
      - text/xml
      Cache-Control:
      - no-cache
      Connection:
      - close
      Content-Length:
      - '93'
    body:
      encoding: UTF-8
      string: |
        <directory name="group_test_package" srcmd5="d41d8cd98f00b204e9800998ecf8427e">
        </directory>
  recorded_at: Fri, 24 Feb 2023 13:39:40 GMT
- request:
    method: get
    uri: http://backend:5352/source/home:user_tab_user/group_test_package
    body:
      encoding: US-ASCII
      string: ''
    headers:
      X-Request-Id:
      - 77d837ba-77fc-4ab5-9c56-3998261b7821
      Accept-Encoding:
      - gzip;q=1.0,deflate;q=0.6,identity;q=0.3
      Accept:
      - "*/*"
      User-Agent:
      - Ruby
  response:
    status:
      code: 200
      message: OK
    headers:
      Content-Type:
      - text/xml
      Cache-Control:
      - no-cache
      Connection:
      - close
      Content-Length:
      - '93'
    body:
      encoding: UTF-8
      string: |
        <directory name="group_test_package" srcmd5="d41d8cd98f00b204e9800998ecf8427e">
        </directory>
  recorded_at: Fri, 24 Feb 2023 13:39:40 GMT
- request:
    method: get
    uri: http://backend:5352/build/home:user_tab_user/_result?lastbuild=1&locallink=1&multibuild=1&package=group_test_package&view=status
    body:
      encoding: US-ASCII
      string: ''
    headers:
      X-Request-Id:
      - 77d837ba-77fc-4ab5-9c56-3998261b7821
      Accept-Encoding:
      - gzip;q=1.0,deflate;q=0.6,identity;q=0.3
      Accept:
      - "*/*"
      User-Agent:
      - Ruby
  response:
    status:
      code: 200
      message: OK
    headers:
      Content-Type:
      - text/xml
      Cache-Control:
      - no-cache
      Connection:
      - close
      Content-Length:
      - '55'
    body:
      encoding: UTF-8
      string: '<resultlist state="00000000000000000000000000000000"/>

'
  recorded_at: Fri, 24 Feb 2023 13:39:40 GMT
- request:
    method: get
    uri: http://backend:5352/source/home:user_tab_user/group_test_package
    body:
      encoding: US-ASCII
      string: ''
    headers:
      X-Request-Id:
      - 04e93723-38ff-49b3-82fe-7096e477e5c9
      Accept-Encoding:
      - gzip;q=1.0,deflate;q=0.6,identity;q=0.3
      Accept:
      - "*/*"
      User-Agent:
      - Ruby
  response:
    status:
      code: 200
      message: OK
    headers:
      Content-Type:
      - text/xml
      Cache-Control:
      - no-cache
      Connection:
      - close
      Content-Length:
      - '93'
    body:
      encoding: UTF-8
      string: |
        <directory name="group_test_package" srcmd5="d41d8cd98f00b204e9800998ecf8427e">
        </directory>
  recorded_at: Fri, 24 Feb 2023 13:39:40 GMT
- request:
    method: get
    uri: http://backend:5352/build/home:user_tab_user/_result?lastbuild=1&locallink=1&multibuild=1&package=group_test_package&view=status
    body:
      encoding: US-ASCII
      string: ''
    headers:
      X-Request-Id:
      - 04e93723-38ff-49b3-82fe-7096e477e5c9
      Accept-Encoding:
      - gzip;q=1.0,deflate;q=0.6,identity;q=0.3
      Accept:
      - "*/*"
      User-Agent:
      - Ruby
  response:
    status:
      code: 200
      message: OK
    headers:
      Content-Type:
      - text/xml
      Cache-Control:
      - no-cache
      Connection:
      - close
      Content-Length:
      - '55'
    body:
      encoding: UTF-8
      string: '<resultlist state="00000000000000000000000000000000"/>

'
  recorded_at: Fri, 24 Feb 2023 13:39:40 GMT
- request:
    method: get
    uri: http://backend:5352/build/home:user_tab_user/_result?package=group_test_package&view=status
    body:
      encoding: US-ASCII
      string: ''
    headers:
      X-Request-Id:
      - d58b46f6-0d2e-4401-a093-aeb9d9207adf
      Accept-Encoding:
      - gzip;q=1.0,deflate;q=0.6,identity;q=0.3
      Accept:
      - "*/*"
      User-Agent:
      - Ruby
  response:
    status:
      code: 200
      message: OK
    headers:
      Content-Type:
      - text/xml
      Cache-Control:
      - no-cache
      Connection:
      - close
      Content-Length:
      - '55'
    body:
      encoding: UTF-8
      string: '<resultlist state="00000000000000000000000000000000"/>

'
  recorded_at: Fri, 24 Feb 2023 13:39:40 GMT
- request:
    method: put
    uri: http://backend:5352/source/home:user_tab_user/group_test_package/_meta?user=user_tab_user
    body:
      encoding: UTF-8
      string: |
        <package name="group_test_package" project="home:user_tab_user">
          <title>The Cricket on the Hearth</title>
          <description>Nemo magnam natus aliquam.</description>
          <person userid="user_tab_user" role="maintainer"/>
          <group groupid="existing_group" role="bugowner"/>
          <group groupid="existing_group" role="maintainer"/>
          <group groupid="other_group" role="maintainer"/>
        </package>
    headers:
      Accept-Encoding:
      - gzip;q=1.0,deflate;q=0.6,identity;q=0.3
      Accept:
      - "*/*"
      User-Agent:
      - Ruby
  response:
    status:
      code: 200
      message: OK
    headers:
      Content-Type:
      - text/xml
      Cache-Control:
      - no-cache
      Connection:
      - close
      Content-Length:
      - '385'
    body:
      encoding: UTF-8
      string: |
        <package name="group_test_package" project="home:user_tab_user">
          <title>The Cricket on the Hearth</title>
          <description>Nemo magnam natus aliquam.</description>
          <person userid="user_tab_user" role="maintainer"/>
          <group groupid="existing_group" role="bugowner"/>
          <group groupid="existing_group" role="maintainer"/>
          <group groupid="other_group" role="maintainer"/>
        </package>
  recorded_at: Fri, 24 Feb 2023 13:39:42 GMT
recorded_with: VCR 6.1.0
