---
http_interactions:
- request:
    method: put
    uri: http://backend:5352/source/home:Iggy/_meta?user=Iggy
    body:
      encoding: UTF-8
      string: |
        <project name="home:Iggy">
          <title/>
          <description/>
          <person userid="Iggy" role="maintainer"/>
        </project>
    headers:
      Accept-Encoding:
      - gzip;q=1.0,deflate;q=0.6,identity;q=0.3
      Accept:
      - "*/*"
      User-Agent:
      - Ruby
  response:
    status:
      code: 200
      message: OK
    headers:
      Content-Type:
      - text/xml
      Cache-Control:
      - no-cache
      Connection:
      - close
      Content-Length:
      - '130'
    body:
      encoding: UTF-8
      string: |
        <project name="home:Iggy">
          <title></title>
          <description></description>
          <person userid="Iggy" role="maintainer"/>
        </project>
  recorded_at: Mon, 31 Jan 2022 15:05:59 GMT
- request:
    method: put
    uri: http://backend:5352/source/foo_project/_meta?user=user_83
    body:
      encoding: UTF-8
      string: |
        <project name="foo_project">
          <title>To Your Scattered Bodies Go</title>
          <description/>
          <person userid="Iggy" role="maintainer"/>
        </project>
    headers:
      Accept-Encoding:
      - gzip;q=1.0,deflate;q=0.6,identity;q=0.3
      Accept:
      - "*/*"
      User-Agent:
      - Ruby
  response:
    status:
      code: 200
      message: OK
    headers:
      Content-Type:
      - text/xml
      Cache-Control:
      - no-cache
      Connection:
      - close
      Content-Length:
      - '159'
    body:
      encoding: UTF-8
      string: |
        <project name="foo_project">
          <title>To Your Scattered Bodies Go</title>
          <description></description>
          <person userid="Iggy" role="maintainer"/>
        </project>
  recorded_at: Mon, 31 Jan 2022 15:05:59 GMT
- request:
    method: put
    uri: http://backend:5352/source/foo_project/bar_package/_meta?user=user_84
    body:
      encoding: UTF-8
      string: |
        <package name="bar_package" project="foo_project">
          <title>Precious Bane</title>
          <description>Ullam ut labore tempora.</description>
        </package>
    headers:
      Accept-Encoding:
      - gzip;q=1.0,deflate;q=0.6,identity;q=0.3
      Accept:
      - "*/*"
      User-Agent:
      - Ruby
  response:
    status:
      code: 200
      message: OK
    headers:
      Content-Type:
      - text/xml
      Cache-Control:
      - no-cache
      Connection:
      - close
      Content-Length:
      - '147'
    body:
      encoding: UTF-8
      string: |
        <package name="bar_package" project="foo_project">
          <title>Precious Bane</title>
          <description>Ullam ut labore tempora.</description>
        </package>
  recorded_at: Mon, 31 Jan 2022 15:05:59 GMT
- request:
    method: put
    uri: http://backend:5352/source/foo_project/bar_package/_config
    body:
      encoding: UTF-8
      string: Sunt soluta voluptatem. Ut labore dignissimos. Neque dolores nobis.
    headers:
      Accept-Encoding:
      - gzip;q=1.0,deflate;q=0.6,identity;q=0.3
      Accept:
      - "*/*"
      User-Agent:
      - Ruby
  response:
    status:
      code: 200
      message: OK
    headers:
      Content-Type:
      - text/xml
      Cache-Control:
      - no-cache
      Connection:
      - close
      Content-Length:
      - '209'
    body:
      encoding: UTF-8
      string: |
        <revision rev="91" vrev="91">
          <srcmd5>eb89b74ff1f6da319ed1203b17623465</srcmd5>
          <version>unknown</version>
          <time>1643641559</time>
          <user>unknown</user>
          <comment></comment>
          <requestid/>
        </revision>
  recorded_at: Mon, 31 Jan 2022 15:05:59 GMT
- request:
    method: put
    uri: http://backend:5352/source/foo_project/bar_package/somefile.txt
    body:
      encoding: UTF-8
      string: Eos accusamus rem. Esse nobis rerum. Nulla ratione eos.
    headers:
      Accept-Encoding:
      - gzip;q=1.0,deflate;q=0.6,identity;q=0.3
      Accept:
      - "*/*"
      User-Agent:
      - Ruby
  response:
    status:
      code: 200
      message: OK
    headers:
      Content-Type:
      - text/xml
      Cache-Control:
      - no-cache
      Connection:
      - close
      Content-Length:
      - '209'
    body:
      encoding: UTF-8
      string: |
        <revision rev="92" vrev="92">
          <srcmd5>3d9c65fdb5e9e41f9963b3cb68026c29</srcmd5>
          <version>unknown</version>
          <time>1643641559</time>
          <user>unknown</user>
          <comment></comment>
          <requestid/>
        </revision>
  recorded_at: Mon, 31 Jan 2022 15:05:59 GMT
- request:
    method: post
    uri: http://backend:5352/search/package/id?match=(linkinfo/@package=%22bar_package%22%20and%20linkinfo/@project=%22foo_project%22%20and%20@project=%22foo_project%22)
    body:
      encoding: UTF-8
      string: ''
    headers:
      Content-Type:
      - application/octet-stream
      Accept-Encoding:
      - gzip;q=1.0,deflate;q=0.6,identity;q=0.3
      Accept:
      - "*/*"
      User-Agent:
      - Ruby
  response:
    status:
      code: 200
      message: OK
    headers:
      Content-Type:
      - text/xml
      Cache-Control:
      - no-cache
      Connection:
      - close
      Content-Length:
      - '27'
    body:
      encoding: UTF-8
      string: |
        <collection>
        </collection>
  recorded_at: Mon, 31 Jan 2022 15:05:59 GMT
- request:
    method: put
    uri: http://backend:5352/source/home:Iggy/bar_package-123456789/_meta?user=Iggy
    body:
      encoding: UTF-8
      string: |
        <package name="bar_package-123456789" project="home:Iggy">
          <title>Precious Bane</title>
          <description>Ullam ut labore tempora.</description>
        </package>
    headers:
      Accept-Encoding:
      - gzip;q=1.0,deflate;q=0.6,identity;q=0.3
      Accept:
      - "*/*"
      User-Agent:
      - Ruby
  response:
    status:
      code: 200
      message: OK
    headers:
      Content-Type:
      - text/xml
      Cache-Control:
      - no-cache
      Connection:
      - close
      Content-Length:
      - '155'
    body:
      encoding: UTF-8
      string: |
        <package name="bar_package-123456789" project="home:Iggy">
          <title>Precious Bane</title>
          <description>Ullam ut labore tempora.</description>
        </package>
  recorded_at: Mon, 31 Jan 2022 15:05:59 GMT
- request:
    method: post
    uri: http://backend:5352/source/home:Iggy/bar_package-123456789?cmd=branch&noservice=1&opackage=bar_package&oproject=foo_project&user=Iggy
    body:
      encoding: UTF-8
      string: ''
    headers:
      Content-Type:
      - application/octet-stream
      Accept-Encoding:
      - gzip;q=1.0,deflate;q=0.6,identity;q=0.3
      Accept:
      - "*/*"
      User-Agent:
      - Ruby
  response:
    status:
      code: 200
      message: OK
    headers:
      Content-Type:
      - text/xml
      Cache-Control:
      - no-cache
      Connection:
      - close
      Content-Length:
      - '206'
    body:
      encoding: UTF-8
      string: |
        <revision rev="21" vrev="21">
          <srcmd5>1577db14fa2614a8b36585900934217f</srcmd5>
          <version>unknown</version>
          <time>1643641559</time>
          <user>Iggy</user>
          <comment></comment>
          <requestid/>
        </revision>
  recorded_at: Mon, 31 Jan 2022 15:05:59 GMT
- request:
    method: put
    uri: http://backend:5352/source/home:Iggy/bar_package-123456789/_meta?user=Iggy
    body:
      encoding: UTF-8
      string: |
        <package name="bar_package-123456789" project="home:Iggy">
          <title>Precious Bane</title>
          <description>Ullam ut labore tempora.</description>
        </package>
    headers:
      Accept-Encoding:
      - gzip;q=1.0,deflate;q=0.6,identity;q=0.3
      Accept:
      - "*/*"
      User-Agent:
      - Ruby
  response:
    status:
      code: 200
      message: OK
    headers:
      Content-Type:
      - text/xml
      Cache-Control:
      - no-cache
      Connection:
      - close
      Content-Length:
      - '155'
    body:
      encoding: UTF-8
      string: |
        <package name="bar_package-123456789" project="home:Iggy">
          <title>Precious Bane</title>
          <description>Ullam ut labore tempora.</description>
        </package>
  recorded_at: Mon, 31 Jan 2022 15:05:59 GMT
- request:
    method: get
    uri: http://backend:5352/source/home:Iggy/bar_package-123456789
    body:
      encoding: US-ASCII
      string: ''
    headers:
      Accept-Encoding:
      - gzip;q=1.0,deflate;q=0.6,identity;q=0.3
      Accept:
      - "*/*"
      User-Agent:
      - Ruby
  response:
    status:
      code: 200
      message: OK
    headers:
      Content-Type:
      - text/xml
      Cache-Control:
      - no-cache
      Connection:
      - close
      Content-Length:
      - '733'
    body:
      encoding: UTF-8
      string: |
        <directory name="bar_package-123456789" rev="21" vrev="21" srcmd5="1577db14fa2614a8b36585900934217f">
          <linkinfo project="foo_project" package="bar_package" srcmd5="3d9c65fdb5e9e41f9963b3cb68026c29" baserev="3d9c65fdb5e9e41f9963b3cb68026c29" xsrcmd5="3076cadd800a8c58a0eb51c11c2ea099" lsrcmd5="1577db14fa2614a8b36585900934217f"/>
          <entry name="_branch_request" md5="c4321e613d633f87e139ae1201ad0bf8" size="113" mtime="1643641537"/>
          <entry name="_config" md5="c34c5d5e1810d64546d9673a9fbce58d" size="67" mtime="1643641559"/>
          <entry name="_link" md5="a3f0666cfdfd4816f82cedf1f30ed1bf" size="141" mtime="1643641559"/>
          <entry name="somefile.txt" md5="0bf85c0fbb0538a5c48b740544d20b69" size="55" mtime="1643641559"/>
        </directory>
  recorded_at: Mon, 31 Jan 2022 15:05:59 GMT
- request:
    method: get
    uri: http://backend:5352/source/home:Iggy/bar_package-123456789?view=info
    body:
      encoding: US-ASCII
      string: ''
    headers:
      Accept-Encoding:
      - gzip;q=1.0,deflate;q=0.6,identity;q=0.3
      Accept:
      - "*/*"
      User-Agent:
      - Ruby
  response:
    status:
      code: 200
      message: OK
    headers:
      Content-Type:
      - text/xml
      Cache-Control:
      - no-cache
      Connection:
      - close
      Content-Length:
      - '341'
    body:
      encoding: UTF-8
      string: |
        <sourceinfo package="bar_package-123456789" rev="21" vrev="113" srcmd5="3076cadd800a8c58a0eb51c11c2ea099" lsrcmd5="1577db14fa2614a8b36585900934217f" verifymd5="3d9c65fdb5e9e41f9963b3cb68026c29">
          <error>bad build configuration, no build type defined or detected</error>
          <linked project="foo_project" package="bar_package"/>
        </sourceinfo>
  recorded_at: Mon, 31 Jan 2022 15:05:59 GMT
- request:
    method: get
    uri: http://backend:5352/source/home:Iggy/bar_package-123456789
    body:
      encoding: US-ASCII
      string: ''
    headers:
      Accept-Encoding:
      - gzip;q=1.0,deflate;q=0.6,identity;q=0.3
      Accept:
      - "*/*"
      User-Agent:
      - Ruby
  response:
    status:
      code: 200
      message: OK
    headers:
      Content-Type:
      - text/xml
      Cache-Control:
      - no-cache
      Connection:
      - close
      Content-Length:
      - '733'
    body:
      encoding: UTF-8
      string: |
        <directory name="bar_package-123456789" rev="21" vrev="21" srcmd5="1577db14fa2614a8b36585900934217f">
          <linkinfo project="foo_project" package="bar_package" srcmd5="3d9c65fdb5e9e41f9963b3cb68026c29" baserev="3d9c65fdb5e9e41f9963b3cb68026c29" xsrcmd5="3076cadd800a8c58a0eb51c11c2ea099" lsrcmd5="1577db14fa2614a8b36585900934217f"/>
          <entry name="_branch_request" md5="c4321e613d633f87e139ae1201ad0bf8" size="113" mtime="1643641537"/>
          <entry name="_config" md5="c34c5d5e1810d64546d9673a9fbce58d" size="67" mtime="1643641559"/>
          <entry name="_link" md5="a3f0666cfdfd4816f82cedf1f30ed1bf" size="141" mtime="1643641559"/>
          <entry name="somefile.txt" md5="0bf85c0fbb0538a5c48b740544d20b69" size="55" mtime="1643641559"/>
        </directory>
  recorded_at: Mon, 31 Jan 2022 15:05:59 GMT
- request:
    method: post
    uri: http://backend:5352/source/home:Iggy/bar_package-123456789?cmd=diff&linkrev=base&onlyissues=1&orev=0&view=xml
    body:
      encoding: UTF-8
      string: ''
    headers:
      Content-Type:
      - application/octet-stream
      Accept-Encoding:
      - gzip;q=1.0,deflate;q=0.6,identity;q=0.3
      Accept:
      - "*/*"
      User-Agent:
      - Ruby
  response:
    status:
      code: 200
      message: OK
    headers:
      Content-Type:
      - text/xml
      Cache-Control:
      - no-cache
      Connection:
      - close
      Content-Length:
      - '323'
    body:
      encoding: UTF-8
      string: |
        <sourcediff key="d6cf817a54e5c4eeb66f35d10141827e">
          <old project="home:Iggy" package="bar_package-123456789" rev="0" srcmd5="d41d8cd98f00b204e9800998ecf8427e"/>
          <new project="home:Iggy" package="bar_package-123456789" rev="21" srcmd5="1577db14fa2614a8b36585900934217f"/>
          <files/>
          <issues>
          </issues>
        </sourcediff>
  recorded_at: Mon, 31 Jan 2022 15:05:59 GMT
- request:
    method: post
    uri: http://backend:5352/source/home:Iggy/bar_package-123456789?cmd=linkdiff&linkrev=base&onlyissues=1&view=xml
    body:
      encoding: UTF-8
      string: ''
    headers:
      Content-Type:
      - application/octet-stream
      Accept-Encoding:
      - gzip;q=1.0,deflate;q=0.6,identity;q=0.3
      Accept:
      - "*/*"
      User-Agent:
      - Ruby
  response:
    status:
      code: 200
      message: OK
    headers:
      Content-Type:
      - text/xml
      Cache-Control:
      - no-cache
      Connection:
      - close
      Content-Length:
      - '376'
    body:
      encoding: UTF-8
      string: |
        <sourcediff key="a1302e2125354a7e4a9358c72328f6a5">
          <old project="foo_project" package="bar_package" rev="3d9c65fdb5e9e41f9963b3cb68026c29" srcmd5="3d9c65fdb5e9e41f9963b3cb68026c29"/>
          <new project="home:Iggy" package="bar_package-123456789" rev="3076cadd800a8c58a0eb51c11c2ea099" srcmd5="3076cadd800a8c58a0eb51c11c2ea099"/>
          <files/>
          <issues>
          </issues>
        </sourcediff>
  recorded_at: Mon, 31 Jan 2022 15:05:59 GMT
- request:
    method: put
    uri: http://backend:5352/source/home:Iggy/_meta?user=Iggy
    body:
      encoding: UTF-8
      string: |
        <project name="home:Iggy">
          <title/>
          <description/>
          <person userid="Iggy" role="maintainer"/>
          <repository name="openSUSE_Tumbleweed">
            <arch>x86_64</arch>
          </repository>
          <repository name="Unicorn_123">
            <arch>x86_64</arch>
            <arch>i586</arch>
            <arch>ppc</arch>
            <arch>aarch64</arch>
          </repository>
        </project>
    headers:
      Accept-Encoding:
      - gzip;q=1.0,deflate;q=0.6,identity;q=0.3
      Accept:
      - "*/*"
      User-Agent:
      - Ruby
  response:
    status:
      code: 200
      message: OK
    headers:
      Content-Type:
      - text/xml
      Cache-Control:
      - no-cache
      Connection:
      - close
      Content-Length:
      - '354'
    body:
      encoding: UTF-8
      string: |
        <project name="home:Iggy">
          <title></title>
          <description></description>
          <person userid="Iggy" role="maintainer"/>
          <repository name="openSUSE_Tumbleweed">
            <arch>x86_64</arch>
          </repository>
          <repository name="Unicorn_123">
            <arch>x86_64</arch>
            <arch>i586</arch>
            <arch>ppc</arch>
            <arch>aarch64</arch>
          </repository>
        </project>
  recorded_at: Mon, 31 Jan 2022 15:05:59 GMT
- request:
    method: put
    uri: http://backend:5352/source/home:Iggy/bar_package-123456789/_branch_request?user=Iggy
    body:
      encoding: UTF-8
      string: '{"action":"opened","pull_request":{"head":{"repo":{"full_name":"reponame"},"sha":"123456789"}}}'
    headers:
      Accept-Encoding:
      - gzip;q=1.0,deflate;q=0.6,identity;q=0.3
      Accept:
      - "*/*"
      User-Agent:
      - Ruby
  response:
    status:
      code: 200
      message: OK
    headers:
      Content-Type:
      - text/xml
      Cache-Control:
      - no-cache
      Connection:
      - close
      Content-Length:
      - '206'
    body:
      encoding: UTF-8
      string: |
        <revision rev="22" vrev="22">
          <srcmd5>b9b0bc55fe8653c1c66ca70aaed48b2e</srcmd5>
          <version>unknown</version>
          <time>1643641559</time>
          <user>Iggy</user>
          <comment></comment>
          <requestid/>
        </revision>
  recorded_at: Mon, 31 Jan 2022 15:05:59 GMT
- request:
    method: put
    uri: http://backend:5352/source/home:Iggy/bar_package-123456789/_meta?user=Iggy
    body:
      encoding: UTF-8
      string: |
        <package name="bar_package-123456789" project="home:Iggy">
          <title>Precious Bane</title>
          <description>Ullam ut labore tempora.</description>
        </package>
    headers:
      Accept-Encoding:
      - gzip;q=1.0,deflate;q=0.6,identity;q=0.3
      Accept:
      - "*/*"
      User-Agent:
      - Ruby
  response:
    status:
      code: 200
      message: OK
    headers:
      Content-Type:
      - text/xml
      Cache-Control:
      - no-cache
      Connection:
      - close
      Content-Length:
      - '155'
    body:
      encoding: UTF-8
      string: |
        <package name="bar_package-123456789" project="home:Iggy">
          <title>Precious Bane</title>
          <description>Ullam ut labore tempora.</description>
        </package>
  recorded_at: Mon, 31 Jan 2022 15:05:59 GMT
- request:
    method: get
    uri: http://backend:5352/source/home:Iggy/bar_package-123456789
    body:
      encoding: US-ASCII
      string: ''
    headers:
      Accept-Encoding:
      - gzip;q=1.0,deflate;q=0.6,identity;q=0.3
      Accept:
      - "*/*"
      User-Agent:
      - Ruby
  response:
    status:
      code: 200
      message: OK
    headers:
      Content-Type:
      - text/xml
      Cache-Control:
      - no-cache
      Connection:
      - close
      Content-Length:
      - '732'
    body:
      encoding: UTF-8
      string: |
        <directory name="bar_package-123456789" rev="22" vrev="22" srcmd5="b9b0bc55fe8653c1c66ca70aaed48b2e">
          <linkinfo project="foo_project" package="bar_package" srcmd5="3d9c65fdb5e9e41f9963b3cb68026c29" baserev="3d9c65fdb5e9e41f9963b3cb68026c29" xsrcmd5="05bb50c3c6e394c3c99353aade5b71ce" lsrcmd5="b9b0bc55fe8653c1c66ca70aaed48b2e"/>
          <entry name="_branch_request" md5="a0ae3e8c1598e691c7662a4b258bd481" size="95" mtime="1643632108"/>
          <entry name="_config" md5="c34c5d5e1810d64546d9673a9fbce58d" size="67" mtime="1643641559"/>
          <entry name="_link" md5="a3f0666cfdfd4816f82cedf1f30ed1bf" size="141" mtime="1643641559"/>
          <entry name="somefile.txt" md5="0bf85c0fbb0538a5c48b740544d20b69" size="55" mtime="1643641559"/>
        </directory>
  recorded_at: Mon, 31 Jan 2022 15:05:59 GMT
- request:
    method: get
    uri: http://backend:5352/source/home:Iggy/bar_package-123456789?view=info
    body:
      encoding: US-ASCII
      string: ''
    headers:
      Accept-Encoding:
      - gzip;q=1.0,deflate;q=0.6,identity;q=0.3
      Accept:
      - "*/*"
      User-Agent:
      - Ruby
  response:
    status:
      code: 200
      message: OK
    headers:
      Content-Type:
      - text/xml
      Cache-Control:
      - no-cache
      Connection:
      - close
      Content-Length:
      - '341'
    body:
      encoding: UTF-8
      string: |
        <sourceinfo package="bar_package-123456789" rev="22" vrev="114" srcmd5="05bb50c3c6e394c3c99353aade5b71ce" lsrcmd5="b9b0bc55fe8653c1c66ca70aaed48b2e" verifymd5="a92334dcb6ffd384d53222c6eafb2516">
          <error>bad build configuration, no build type defined or detected</error>
          <linked project="foo_project" package="bar_package"/>
        </sourceinfo>
  recorded_at: Mon, 31 Jan 2022 15:05:59 GMT
- request:
    method: get
    uri: http://backend:5352/source/home:Iggy/bar_package-123456789
    body:
      encoding: US-ASCII
      string: ''
    headers:
      Accept-Encoding:
      - gzip;q=1.0,deflate;q=0.6,identity;q=0.3
      Accept:
      - "*/*"
      User-Agent:
      - Ruby
  response:
    status:
      code: 200
      message: OK
    headers:
      Content-Type:
      - text/xml
      Cache-Control:
      - no-cache
      Connection:
      - close
      Content-Length:
      - '732'
    body:
      encoding: UTF-8
      string: |
        <directory name="bar_package-123456789" rev="22" vrev="22" srcmd5="b9b0bc55fe8653c1c66ca70aaed48b2e">
          <linkinfo project="foo_project" package="bar_package" srcmd5="3d9c65fdb5e9e41f9963b3cb68026c29" baserev="3d9c65fdb5e9e41f9963b3cb68026c29" xsrcmd5="05bb50c3c6e394c3c99353aade5b71ce" lsrcmd5="b9b0bc55fe8653c1c66ca70aaed48b2e"/>
          <entry name="_branch_request" md5="a0ae3e8c1598e691c7662a4b258bd481" size="95" mtime="1643632108"/>
          <entry name="_config" md5="c34c5d5e1810d64546d9673a9fbce58d" size="67" mtime="1643641559"/>
          <entry name="_link" md5="a3f0666cfdfd4816f82cedf1f30ed1bf" size="141" mtime="1643641559"/>
          <entry name="somefile.txt" md5="0bf85c0fbb0538a5c48b740544d20b69" size="55" mtime="1643641559"/>
        </directory>
  recorded_at: Mon, 31 Jan 2022 15:05:59 GMT
- request:
    method: post
    uri: http://backend:5352/source/home:Iggy/bar_package-123456789?cmd=diff&linkrev=base&onlyissues=1&orev=0&view=xml
    body:
      encoding: UTF-8
      string: ''
    headers:
      Content-Type:
      - application/octet-stream
      Accept-Encoding:
      - gzip;q=1.0,deflate;q=0.6,identity;q=0.3
      Accept:
      - "*/*"
      User-Agent:
      - Ruby
  response:
    status:
      code: 200
      message: OK
    headers:
      Content-Type:
      - text/xml
      Cache-Control:
      - no-cache
      Connection:
      - close
      Content-Length:
      - '323'
    body:
      encoding: UTF-8
      string: |
        <sourcediff key="4515f0ad35a543718eeaee152949d4c5">
          <old project="home:Iggy" package="bar_package-123456789" rev="0" srcmd5="d41d8cd98f00b204e9800998ecf8427e"/>
          <new project="home:Iggy" package="bar_package-123456789" rev="22" srcmd5="b9b0bc55fe8653c1c66ca70aaed48b2e"/>
          <files/>
          <issues>
          </issues>
        </sourcediff>
  recorded_at: Mon, 31 Jan 2022 15:05:59 GMT
- request:
    method: post
    uri: http://backend:5352/source/home:Iggy/bar_package-123456789?cmd=linkdiff&linkrev=base&onlyissues=1&view=xml
    body:
      encoding: UTF-8
      string: ''
    headers:
      Content-Type:
      - application/octet-stream
      Accept-Encoding:
      - gzip;q=1.0,deflate;q=0.6,identity;q=0.3
      Accept:
      - "*/*"
      User-Agent:
      - Ruby
  response:
    status:
      code: 200
      message: OK
    headers:
      Content-Type:
      - text/xml
      Cache-Control:
      - no-cache
      Connection:
      - close
      Content-Length:
      - '376'
    body:
      encoding: UTF-8
      string: |
        <sourcediff key="3d7358d3a4ac90e44265eef8e346c264">
          <old project="foo_project" package="bar_package" rev="3d9c65fdb5e9e41f9963b3cb68026c29" srcmd5="3d9c65fdb5e9e41f9963b3cb68026c29"/>
          <new project="home:Iggy" package="bar_package-123456789" rev="05bb50c3c6e394c3c99353aade5b71ce" srcmd5="05bb50c3c6e394c3c99353aade5b71ce"/>
          <files/>
          <issues>
          </issues>
        </sourcediff>
  recorded_at: Mon, 31 Jan 2022 15:05:59 GMT
- request:
    method: get
    uri: http://backend:5352/source/home:Iggy/bar_package-123456789
    body:
      encoding: US-ASCII
      string: ''
    headers:
      Accept-Encoding:
      - gzip;q=1.0,deflate;q=0.6,identity;q=0.3
      Accept:
      - "*/*"
      User-Agent:
      - Ruby
  response:
    status:
      code: 200
      message: OK
    headers:
      Content-Type:
      - text/xml
      Cache-Control:
      - no-cache
      Connection:
      - close
      Content-Length:
      - '732'
    body:
      encoding: UTF-8
      string: |
        <directory name="bar_package-123456789" rev="22" vrev="22" srcmd5="b9b0bc55fe8653c1c66ca70aaed48b2e">
          <linkinfo project="foo_project" package="bar_package" srcmd5="3d9c65fdb5e9e41f9963b3cb68026c29" baserev="3d9c65fdb5e9e41f9963b3cb68026c29" xsrcmd5="05bb50c3c6e394c3c99353aade5b71ce" lsrcmd5="b9b0bc55fe8653c1c66ca70aaed48b2e"/>
          <entry name="_branch_request" md5="a0ae3e8c1598e691c7662a4b258bd481" size="95" mtime="1643632108"/>
          <entry name="_config" md5="c34c5d5e1810d64546d9673a9fbce58d" size="67" mtime="1643641559"/>
          <entry name="_link" md5="a3f0666cfdfd4816f82cedf1f30ed1bf" size="141" mtime="1643641559"/>
          <entry name="somefile.txt" md5="0bf85c0fbb0538a5c48b740544d20b69" size="55" mtime="1643641559"/>
        </directory>
  recorded_at: Mon, 31 Jan 2022 15:05:59 GMT
- request:
    method: get
    uri: http://backend:5352/source/home:Iggy/bar_package-123456789?expand=1
    body:
      encoding: US-ASCII
      string: ''
    headers:
      Accept-Encoding:
      - gzip;q=1.0,deflate;q=0.6,identity;q=0.3
      Accept:
      - "*/*"
      User-Agent:
      - Ruby
  response:
    status:
      code: 200
      message: OK
    headers:
      Content-Type:
      - text/xml
      Cache-Control:
      - no-cache
      Connection:
      - close
      Content-Length:
      - '627'
    body:
      encoding: UTF-8
      string: |
        <directory name="bar_package-123456789" rev="05bb50c3c6e394c3c99353aade5b71ce" vrev="114" srcmd5="05bb50c3c6e394c3c99353aade5b71ce">
          <linkinfo project="foo_project" package="bar_package" srcmd5="3d9c65fdb5e9e41f9963b3cb68026c29" baserev="3d9c65fdb5e9e41f9963b3cb68026c29" lsrcmd5="b9b0bc55fe8653c1c66ca70aaed48b2e"/>
          <entry name="_branch_request" md5="a0ae3e8c1598e691c7662a4b258bd481" size="95" mtime="1643632108"/>
          <entry name="_config" md5="c34c5d5e1810d64546d9673a9fbce58d" size="67" mtime="1643641559"/>
          <entry name="somefile.txt" md5="0bf85c0fbb0538a5c48b740544d20b69" size="55" mtime="1643641559"/>
        </directory>
  recorded_at: Mon, 31 Jan 2022 15:06:00 GMT
- request:
    method: get
    uri: http://backend:5352/source/home:Iggy/bar_package-123456789
    body:
      encoding: US-ASCII
      string: ''
    headers:
      Accept-Encoding:
      - gzip;q=1.0,deflate;q=0.6,identity;q=0.3
      Accept:
      - "*/*"
      User-Agent:
      - Ruby
  response:
    status:
      code: 200
      message: OK
    headers:
      Content-Type:
      - text/xml
      Cache-Control:
      - no-cache
      Connection:
      - close
      Content-Length:
      - '732'
    body:
      encoding: UTF-8
      string: |
        <directory name="bar_package-123456789" rev="22" vrev="22" srcmd5="b9b0bc55fe8653c1c66ca70aaed48b2e">
          <linkinfo project="foo_project" package="bar_package" srcmd5="3d9c65fdb5e9e41f9963b3cb68026c29" baserev="3d9c65fdb5e9e41f9963b3cb68026c29" xsrcmd5="05bb50c3c6e394c3c99353aade5b71ce" lsrcmd5="b9b0bc55fe8653c1c66ca70aaed48b2e"/>
          <entry name="_branch_request" md5="a0ae3e8c1598e691c7662a4b258bd481" size="95" mtime="1643632108"/>
          <entry name="_config" md5="c34c5d5e1810d64546d9673a9fbce58d" size="67" mtime="1643641559"/>
          <entry name="_link" md5="a3f0666cfdfd4816f82cedf1f30ed1bf" size="141" mtime="1643641559"/>
          <entry name="somefile.txt" md5="0bf85c0fbb0538a5c48b740544d20b69" size="55" mtime="1643641559"/>
        </directory>
  recorded_at: Mon, 31 Jan 2022 15:06:00 GMT
- request:
    method: get
    uri: http://backend:5352/source/home:Iggy/bar_package-123456789?expand=1
    body:
      encoding: US-ASCII
      string: ''
    headers:
      Accept-Encoding:
      - gzip;q=1.0,deflate;q=0.6,identity;q=0.3
      Accept:
      - "*/*"
      User-Agent:
      - Ruby
  response:
    status:
      code: 200
      message: OK
    headers:
      Content-Type:
      - text/xml
      Cache-Control:
      - no-cache
      Connection:
      - close
      Content-Length:
      - '627'
    body:
      encoding: UTF-8
      string: |
        <directory name="bar_package-123456789" rev="05bb50c3c6e394c3c99353aade5b71ce" vrev="114" srcmd5="05bb50c3c6e394c3c99353aade5b71ce">
          <linkinfo project="foo_project" package="bar_package" srcmd5="3d9c65fdb5e9e41f9963b3cb68026c29" baserev="3d9c65fdb5e9e41f9963b3cb68026c29" lsrcmd5="b9b0bc55fe8653c1c66ca70aaed48b2e"/>
          <entry name="_branch_request" md5="a0ae3e8c1598e691c7662a4b258bd481" size="95" mtime="1643632108"/>
          <entry name="_config" md5="c34c5d5e1810d64546d9673a9fbce58d" size="67" mtime="1643641559"/>
          <entry name="somefile.txt" md5="0bf85c0fbb0538a5c48b740544d20b69" size="55" mtime="1643641559"/>
        </directory>
  recorded_at: Mon, 31 Jan 2022 15:06:00 GMT
- request:
    method: get
    uri: http://backend:5352/source/home:Iggy/bar_package-123456789
    body:
      encoding: US-ASCII
      string: ''
    headers:
      Accept-Encoding:
      - gzip;q=1.0,deflate;q=0.6,identity;q=0.3
      Accept:
      - "*/*"
      User-Agent:
      - Ruby
  response:
    status:
      code: 200
      message: OK
    headers:
      Content-Type:
      - text/xml
      Cache-Control:
      - no-cache
      Connection:
      - close
      Content-Length:
      - '732'
    body:
      encoding: UTF-8
      string: |
        <directory name="bar_package-123456789" rev="22" vrev="22" srcmd5="b9b0bc55fe8653c1c66ca70aaed48b2e">
          <linkinfo project="foo_project" package="bar_package" srcmd5="3d9c65fdb5e9e41f9963b3cb68026c29" baserev="3d9c65fdb5e9e41f9963b3cb68026c29" xsrcmd5="05bb50c3c6e394c3c99353aade5b71ce" lsrcmd5="b9b0bc55fe8653c1c66ca70aaed48b2e"/>
          <entry name="_branch_request" md5="a0ae3e8c1598e691c7662a4b258bd481" size="95" mtime="1643632108"/>
          <entry name="_config" md5="c34c5d5e1810d64546d9673a9fbce58d" size="67" mtime="1643641559"/>
          <entry name="_link" md5="a3f0666cfdfd4816f82cedf1f30ed1bf" size="141" mtime="1643641559"/>
          <entry name="somefile.txt" md5="0bf85c0fbb0538a5c48b740544d20b69" size="55" mtime="1643641559"/>
        </directory>
  recorded_at: Mon, 31 Jan 2022 15:06:00 GMT
- request:
    method: get
    uri: http://backend:5352/source/home:Iggy/bar_package-123456789?expand=1
    body:
      encoding: US-ASCII
      string: ''
    headers:
      Accept-Encoding:
      - gzip;q=1.0,deflate;q=0.6,identity;q=0.3
      Accept:
      - "*/*"
      User-Agent:
      - Ruby
  response:
    status:
      code: 200
      message: OK
    headers:
      Content-Type:
      - text/xml
      Cache-Control:
      - no-cache
      Connection:
      - close
      Content-Length:
      - '627'
    body:
      encoding: UTF-8
      string: |
        <directory name="bar_package-123456789" rev="05bb50c3c6e394c3c99353aade5b71ce" vrev="114" srcmd5="05bb50c3c6e394c3c99353aade5b71ce">
          <linkinfo project="foo_project" package="bar_package" srcmd5="3d9c65fdb5e9e41f9963b3cb68026c29" baserev="3d9c65fdb5e9e41f9963b3cb68026c29" lsrcmd5="b9b0bc55fe8653c1c66ca70aaed48b2e"/>
          <entry name="_branch_request" md5="a0ae3e8c1598e691c7662a4b258bd481" size="95" mtime="1643632108"/>
          <entry name="_config" md5="c34c5d5e1810d64546d9673a9fbce58d" size="67" mtime="1643641559"/>
          <entry name="somefile.txt" md5="0bf85c0fbb0538a5c48b740544d20b69" size="55" mtime="1643641559"/>
        </directory>
  recorded_at: Mon, 31 Jan 2022 15:06:00 GMT
- request:
    method: get
    uri: http://backend:5352/source/home:Iggy/bar_package-123456789
    body:
      encoding: US-ASCII
      string: ''
    headers:
      Accept-Encoding:
      - gzip;q=1.0,deflate;q=0.6,identity;q=0.3
      Accept:
      - "*/*"
      User-Agent:
      - Ruby
  response:
    status:
      code: 200
      message: OK
    headers:
      Content-Type:
      - text/xml
      Cache-Control:
      - no-cache
      Connection:
      - close
      Content-Length:
      - '732'
    body:
      encoding: UTF-8
      string: |
        <directory name="bar_package-123456789" rev="22" vrev="22" srcmd5="b9b0bc55fe8653c1c66ca70aaed48b2e">
          <linkinfo project="foo_project" package="bar_package" srcmd5="3d9c65fdb5e9e41f9963b3cb68026c29" baserev="3d9c65fdb5e9e41f9963b3cb68026c29" xsrcmd5="05bb50c3c6e394c3c99353aade5b71ce" lsrcmd5="b9b0bc55fe8653c1c66ca70aaed48b2e"/>
          <entry name="_branch_request" md5="a0ae3e8c1598e691c7662a4b258bd481" size="95" mtime="1643632108"/>
          <entry name="_config" md5="c34c5d5e1810d64546d9673a9fbce58d" size="67" mtime="1643641559"/>
          <entry name="_link" md5="a3f0666cfdfd4816f82cedf1f30ed1bf" size="141" mtime="1643641559"/>
          <entry name="somefile.txt" md5="0bf85c0fbb0538a5c48b740544d20b69" size="55" mtime="1643641559"/>
        </directory>
  recorded_at: Mon, 31 Jan 2022 15:06:00 GMT
- request:
    method: get
    uri: http://backend:5352/source/home:Iggy/bar_package-123456789?expand=1
    body:
      encoding: US-ASCII
      string: ''
    headers:
      Accept-Encoding:
      - gzip;q=1.0,deflate;q=0.6,identity;q=0.3
      Accept:
      - "*/*"
      User-Agent:
      - Ruby
  response:
    status:
      code: 200
      message: OK
    headers:
      Content-Type:
      - text/xml
      Cache-Control:
      - no-cache
      Connection:
      - close
      Content-Length:
      - '627'
    body:
      encoding: UTF-8
      string: |
        <directory name="bar_package-123456789" rev="05bb50c3c6e394c3c99353aade5b71ce" vrev="114" srcmd5="05bb50c3c6e394c3c99353aade5b71ce">
          <linkinfo project="foo_project" package="bar_package" srcmd5="3d9c65fdb5e9e41f9963b3cb68026c29" baserev="3d9c65fdb5e9e41f9963b3cb68026c29" lsrcmd5="b9b0bc55fe8653c1c66ca70aaed48b2e"/>
          <entry name="_branch_request" md5="a0ae3e8c1598e691c7662a4b258bd481" size="95" mtime="1643632108"/>
          <entry name="_config" md5="c34c5d5e1810d64546d9673a9fbce58d" size="67" mtime="1643641559"/>
          <entry name="somefile.txt" md5="0bf85c0fbb0538a5c48b740544d20b69" size="55" mtime="1643641559"/>
        </directory>
  recorded_at: Mon, 31 Jan 2022 15:06:00 GMT
- request:
    method: get
    uri: http://backend:5352/source/home:Iggy/bar_package-123456789
    body:
      encoding: US-ASCII
      string: ''
    headers:
      Accept-Encoding:
      - gzip;q=1.0,deflate;q=0.6,identity;q=0.3
      Accept:
      - "*/*"
      User-Agent:
      - Ruby
  response:
    status:
      code: 200
      message: OK
    headers:
      Content-Type:
      - text/xml
      Cache-Control:
      - no-cache
      Connection:
      - close
      Content-Length:
      - '732'
    body:
      encoding: UTF-8
      string: |
        <directory name="bar_package-123456789" rev="22" vrev="22" srcmd5="b9b0bc55fe8653c1c66ca70aaed48b2e">
          <linkinfo project="foo_project" package="bar_package" srcmd5="3d9c65fdb5e9e41f9963b3cb68026c29" baserev="3d9c65fdb5e9e41f9963b3cb68026c29" xsrcmd5="05bb50c3c6e394c3c99353aade5b71ce" lsrcmd5="b9b0bc55fe8653c1c66ca70aaed48b2e"/>
          <entry name="_branch_request" md5="a0ae3e8c1598e691c7662a4b258bd481" size="95" mtime="1643632108"/>
          <entry name="_config" md5="c34c5d5e1810d64546d9673a9fbce58d" size="67" mtime="1643641559"/>
          <entry name="_link" md5="a3f0666cfdfd4816f82cedf1f30ed1bf" size="141" mtime="1643641559"/>
          <entry name="somefile.txt" md5="0bf85c0fbb0538a5c48b740544d20b69" size="55" mtime="1643641559"/>
        </directory>
  recorded_at: Mon, 31 Jan 2022 15:06:00 GMT
- request:
    method: get
    uri: http://backend:5352/source/home:Iggy/bar_package-123456789?expand=1
    body:
      encoding: US-ASCII
      string: ''
    headers:
      Accept-Encoding:
      - gzip;q=1.0,deflate;q=0.6,identity;q=0.3
      Accept:
      - "*/*"
      User-Agent:
      - Ruby
  response:
    status:
      code: 200
      message: OK
    headers:
      Content-Type:
      - text/xml
      Cache-Control:
      - no-cache
      Connection:
      - close
      Content-Length:
      - '627'
    body:
      encoding: UTF-8
      string: |
        <directory name="bar_package-123456789" rev="05bb50c3c6e394c3c99353aade5b71ce" vrev="114" srcmd5="05bb50c3c6e394c3c99353aade5b71ce">
          <linkinfo project="foo_project" package="bar_package" srcmd5="3d9c65fdb5e9e41f9963b3cb68026c29" baserev="3d9c65fdb5e9e41f9963b3cb68026c29" lsrcmd5="b9b0bc55fe8653c1c66ca70aaed48b2e"/>
          <entry name="_branch_request" md5="a0ae3e8c1598e691c7662a4b258bd481" size="95" mtime="1643632108"/>
          <entry name="_config" md5="c34c5d5e1810d64546d9673a9fbce58d" size="67" mtime="1643641559"/>
          <entry name="somefile.txt" md5="0bf85c0fbb0538a5c48b740544d20b69" size="55" mtime="1643641559"/>
        </directory>
  recorded_at: Mon, 31 Jan 2022 15:06:00 GMT
recorded_with: VCR 6.0.0
