---
http_interactions:
- request:
    method: put
    uri: http://backend:5352/source/home:tom/_meta?user=tom
    body:
      encoding: UTF-8
      string: |
        <project name="home:tom">
          <title/>
          <description/>
          <person userid="tom" role="maintainer"/>
        </project>
    headers:
      Accept-Encoding:
      - gzip;q=1.0,deflate;q=0.6,identity;q=0.3
      Accept:
      - "*/*"
      User-Agent:
      - Ruby
  response:
    status:
      code: 200
      message: OK
    headers:
      Content-Type:
      - text/xml
      Cache-Control:
      - no-cache
      Connection:
      - close
      Content-Length:
      - '128'
    body:
      encoding: UTF-8
      string: |
        <project name="home:tom">
          <title></title>
          <description></description>
          <person userid="tom" role="maintainer"/>
        </project>
  recorded_at: Tue, 26 Sep 2023 14:23:50 GMT
- request:
    method: put
    uri: http://backend:5352/source/home:admin/_meta?user=admin
    body:
      encoding: UTF-8
      string: |
        <project name="home:admin">
          <title/>
          <description/>
          <person userid="admin" role="maintainer"/>
        </project>
    headers:
      Accept-Encoding:
      - gzip;q=1.0,deflate;q=0.6,identity;q=0.3
      Accept:
      - "*/*"
      User-Agent:
      - Ruby
  response:
    status:
      code: 200
      message: OK
    headers:
      Content-Type:
      - text/xml
      Cache-Control:
      - no-cache
      Connection:
      - close
      Content-Length:
      - '132'
    body:
      encoding: UTF-8
      string: |
        <project name="home:admin">
          <title></title>
          <description></description>
          <person userid="admin" role="maintainer"/>
        </project>
  recorded_at: Tue, 26 Sep 2023 14:23:50 GMT
- request:
    method: put
    uri: http://backend:5352/source/project_3/_meta?user=admin
    body:
      encoding: UTF-8
      string: |
        <project name="project_3">
          <title>An Acceptable Time</title>
          <description/>
        </project>
    headers:
      Accept-Encoding:
      - gzip;q=1.0,deflate;q=0.6,identity;q=0.3
      Accept:
      - "*/*"
      User-Agent:
      - Ruby
  response:
    status:
      code: 200
      message: OK
    headers:
      Content-Type:
      - text/xml
      Cache-Control:
      - no-cache
      Connection:
      - close
      Content-Length:
      - '104'
    body:
      encoding: UTF-8
      string: |
        <project name="project_3">
          <title>An Acceptable Time</title>
          <description></description>
        </project>
  recorded_at: Tue, 26 Sep 2023 14:23:50 GMT
- request:
    method: put
    uri: http://backend:5352/source/project_3/forbidden_package/_meta?user=admin
    body:
      encoding: UTF-8
      string: |
        <package name="forbidden_package" project="project_3">
          <title>What's Become of Waring</title>
          <description>Aut enim officia quia.</description>
        </package>
    headers:
      Accept-Encoding:
      - gzip;q=1.0,deflate;q=0.6,identity;q=0.3
      Accept:
      - "*/*"
      User-Agent:
      - Ruby
  response:
    status:
      code: 200
      message: OK
    headers:
      Content-Type:
      - text/xml
      Cache-Control:
      - no-cache
      Connection:
      - close
      Content-Length:
      - '159'
    body:
      encoding: UTF-8
      string: |
        <package name="forbidden_package" project="project_3">
          <title>What's Become of Waring</title>
          <description>Aut enim officia quia.</description>
        </package>
  recorded_at: Tue, 26 Sep 2023 14:23:50 GMT
- request:
    method: delete
    uri: http://backend:5352/source/project_3/forbidden_package?user=admin
    body:
      encoding: US-ASCII
      string: ''
    headers:
      Accept-Encoding:
      - gzip;q=1.0,deflate;q=0.6,identity;q=0.3
      Accept:
      - "*/*"
      User-Agent:
      - Ruby
  response:
    status:
      code: 200
      message: OK
    headers:
      Content-Type:
      - text/xml
      Cache-Control:
      - no-cache
      Connection:
      - close
      Content-Length:
      - '21'
    body:
      encoding: UTF-8
      string: '<status code="ok" />

'
  recorded_at: Tue, 26 Sep 2023 14:23:50 GMT
recorded_with: VCR 6.2.0
