---
http_interactions:
- request:
    method: put
    uri: http://backend:5352/source/home:kody/_meta?user=kody
    body:
      encoding: UTF-8
      string: |
        <project name="home:kody">
          <title/>
          <description/>
          <person userid="kody" role="maintainer"/>
        </project>
    headers:
      Accept-Encoding:
      - gzip;q=1.0,deflate;q=0.6,identity;q=0.3
      Accept:
      - "*/*"
      User-Agent:
      - Ruby
  response:
    status:
      code: 200
      message: OK
    headers:
      Content-Type:
      - text/xml
      Cache-Control:
      - no-cache
      Connection:
      - close
      Content-Length:
      - '130'
    body:
      encoding: UTF-8
      string: |
        <project name="home:kody">
          <title></title>
          <description></description>
          <person userid="kody" role="maintainer"/>
        </project>
  recorded_at: Fri, 24 Feb 2023 13:40:22 GMT
- request:
    method: put
    uri: http://backend:5352/source/watchlist_test_project_a/_meta?user=kody
    body:
      encoding: UTF-8
      string: |
        <project name="watchlist_test_project_a">
          <title>Edna O'Brien</title>
          <description/>
        </project>
    headers:
      Accept-Encoding:
      - gzip;q=1.0,deflate;q=0.6,identity;q=0.3
      Accept:
      - "*/*"
      User-Agent:
      - Ruby
  response:
    status:
      code: 200
      message: OK
    headers:
      Content-Type:
      - text/xml
      Cache-Control:
      - no-cache
      Connection:
      - close
      Content-Length:
      - '113'
    body:
      encoding: UTF-8
      string: |
        <project name="watchlist_test_project_a">
          <title>Edna O'Brien</title>
          <description></description>
        </project>
  recorded_at: Fri, 24 Feb 2023 13:40:23 GMT
- request:
    method: get
    uri: http://backend:5352/build/watchlist_test_project_a/_result?code=unresolvable&view=status
    body:
      encoding: US-ASCII
      string: ''
    headers:
      X-Request-Id:
      - 9bed8f8a-1b32-477f-b3f7-86ef25485b20
      Accept-Encoding:
      - gzip;q=1.0,deflate;q=0.6,identity;q=0.3
      Accept:
      - "*/*"
      User-Agent:
      - Ruby
  response:
    status:
      code: 200
      message: OK
    headers:
      Content-Type:
      - text/xml
      Cache-Control:
      - no-cache
      Connection:
      - close
      Content-Length:
      - '55'
    body:
      encoding: UTF-8
      string: '<resultlist state="00000000000000000000000000000000"/>

'
  recorded_at: Fri, 24 Feb 2023 13:40:23 GMT
- request:
    method: get
    uri: http://backend:5352/build/watchlist_test_project_a/_result?view=summary
    body:
      encoding: US-ASCII
      string: ''
    headers:
      X-Request-Id:
      - 37012af7-5192-4c67-8bb9-ff31b165bc3b
      Accept-Encoding:
      - gzip;q=1.0,deflate;q=0.6,identity;q=0.3
      Accept:
      - "*/*"
      User-Agent:
      - Ruby
  response:
    status:
      code: 200
      message: OK
    headers:
      Content-Type:
      - text/xml
      Cache-Control:
      - no-cache
      Connection:
      - close
      Content-Length:
      - '55'
    body:
      encoding: UTF-8
      string: '<resultlist state="00000000000000000000000000000000"/>

'
  recorded_at: Fri, 24 Feb 2023 13:40:23 GMT
- request:
    method: put
    uri: http://backend:5352/source/watchlist_test_project_b/_meta?user=kody
    body:
      encoding: UTF-8
      string: |
        <project name="watchlist_test_project_b">
          <title>O Pioneers!</title>
          <description/>
        </project>
    headers:
      Accept-Encoding:
      - gzip;q=1.0,deflate;q=0.6,identity;q=0.3
      Accept:
      - "*/*"
      User-Agent:
      - Ruby
  response:
    status:
      code: 200
      message: OK
    headers:
      Content-Type:
      - text/xml
      Cache-Control:
      - no-cache
      Connection:
      - close
      Content-Length:
      - '112'
    body:
      encoding: UTF-8
      string: |
        <project name="watchlist_test_project_b">
          <title>O Pioneers!</title>
          <description></description>
        </project>
  recorded_at: Fri, 24 Feb 2023 13:40:24 GMT
- request:
    method: get
    uri: http://backend:5352/build/watchlist_test_project_b/_result?code=unresolvable&view=status
    body:
      encoding: US-ASCII
      string: ''
    headers:
      X-Request-Id:
      - fcfb4a52-d81e-477d-8b73-3591ebd80118
      Accept-Encoding:
      - gzip;q=1.0,deflate;q=0.6,identity;q=0.3
      Accept:
      - "*/*"
      User-Agent:
      - Ruby
  response:
    status:
      code: 200
      message: OK
    headers:
      Content-Type:
      - text/xml
      Cache-Control:
      - no-cache
      Connection:
      - close
      Content-Length:
      - '55'
    body:
      encoding: UTF-8
      string: '<resultlist state="00000000000000000000000000000000"/>

'
  recorded_at: Fri, 24 Feb 2023 13:40:24 GMT
- request:
    method: get
    uri: http://backend:5352/build/watchlist_test_project_b/_result?view=summary
    body:
      encoding: US-ASCII
      string: ''
    headers:
      X-Request-Id:
      - 3125c9a6-cf0e-4c5f-882e-51c2fa87373f
      Accept-Encoding:
      - gzip;q=1.0,deflate;q=0.6,identity;q=0.3
      Accept:
      - "*/*"
      User-Agent:
      - Ruby
  response:
    status:
      code: 200
      message: OK
    headers:
      Content-Type:
      - text/xml
      Cache-Control:
      - no-cache
      Connection:
      - close
      Content-Length:
      - '55'
    body:
      encoding: UTF-8
      string: '<resultlist state="00000000000000000000000000000000"/>

'
  recorded_at: Fri, 24 Feb 2023 13:40:24 GMT
- request:
    method: put
    uri: http://backend:5352/source/watchlist_test_project_a/watchlist_test_package/_meta?user=kody
    body:
      encoding: UTF-8
      string: |
        <package name="watchlist_test_package" project="watchlist_test_project_a">
          <title>I Will Fear No Evil</title>
          <description>At velit hic veniam.</description>
        </package>
    headers:
      Accept-Encoding:
      - gzip;q=1.0,deflate;q=0.6,identity;q=0.3
      Accept:
      - "*/*"
      User-Agent:
      - Ruby
  response:
    status:
      code: 200
      message: OK
    headers:
      Content-Type:
      - text/xml
      Cache-Control:
      - no-cache
      Connection:
      - close
      Content-Length:
      - '173'
    body:
      encoding: UTF-8
      string: |
        <package name="watchlist_test_package" project="watchlist_test_project_a">
          <title>I Will Fear No Evil</title>
          <description>At velit hic veniam.</description>
        </package>
  recorded_at: Fri, 24 Feb 2023 13:40:24 GMT
- request:
    method: get
    uri: http://backend:5352/source/watchlist_test_project_a/watchlist_test_package
    body:
      encoding: US-ASCII
      string: ''
    headers:
      X-Request-Id:
      - ded3efc9-67f7-44b1-9c50-8cc8e3bb2bcd
      Accept-Encoding:
      - gzip;q=1.0,deflate;q=0.6,identity;q=0.3
      Accept:
      - "*/*"
      User-Agent:
      - Ruby
  response:
    status:
      code: 200
      message: OK
    headers:
      Content-Type:
      - text/xml
      Cache-Control:
      - no-cache
      Connection:
      - close
      Content-Length:
      - '97'
    body:
      encoding: UTF-8
      string: |
        <directory name="watchlist_test_package" srcmd5="d41d8cd98f00b204e9800998ecf8427e">
        </directory>
  recorded_at: Fri, 24 Feb 2023 13:40:25 GMT
- request:
    method: get
    uri: http://backend:5352/source/watchlist_test_project_a/watchlist_test_package?expand=1
    body:
      encoding: US-ASCII
      string: ''
    headers:
      Accept-Encoding:
      - gzip;q=1.0,deflate;q=0.6,identity;q=0.3
      Accept:
      - "*/*"
      User-Agent:
      - Ruby
  response:
    status:
      code: 200
      message: OK
    headers:
      Content-Type:
      - text/xml
      Cache-Control:
      - no-cache
      Connection:
      - close
      Content-Length:
      - '97'
    body:
      encoding: UTF-8
      string: |
        <directory name="watchlist_test_package" srcmd5="d41d8cd98f00b204e9800998ecf8427e">
        </directory>
  recorded_at: Fri, 24 Feb 2023 13:40:25 GMT
- request:
    method: get
    uri: http://backend:5352/source/watchlist_test_project_a/watchlist_test_package/_history?deleted=0&meta=0
    body:
      encoding: US-ASCII
      string: ''
    headers:
      X-Request-Id:
      - ded3efc9-67f7-44b1-9c50-8cc8e3bb2bcd
      Accept-Encoding:
      - gzip;q=1.0,deflate;q=0.6,identity;q=0.3
      Accept:
      - "*/*"
      User-Agent:
      - Ruby
  response:
    status:
      code: 200
      message: OK
    headers:
      Content-Type:
      - text/xml
      Cache-Control:
      - no-cache
      Connection:
      - close
      Content-Length:
      - '31'
    body:
      encoding: UTF-8
      string: |
        <revisionlist>
        </revisionlist>
  recorded_at: Fri, 24 Feb 2023 13:40:25 GMT
- request:
    method: get
    uri: http://backend:5352/source/watchlist_test_project_a/watchlist_test_package
    body:
      encoding: US-ASCII
      string: ''
    headers:
      X-Request-Id:
      - c275eb77-084a-4cae-b035-86da835e77e7
      Accept-Encoding:
      - gzip;q=1.0,deflate;q=0.6,identity;q=0.3
      Accept:
      - "*/*"
      User-Agent:
      - Ruby
  response:
    status:
      code: 200
      message: OK
    headers:
      Content-Type:
      - text/xml
      Cache-Control:
      - no-cache
      Connection:
      - close
      Content-Length:
      - '97'
    body:
      encoding: UTF-8
      string: |
        <directory name="watchlist_test_package" srcmd5="d41d8cd98f00b204e9800998ecf8427e">
        </directory>
  recorded_at: Fri, 24 Feb 2023 13:40:25 GMT
- request:
    method: get
    uri: http://backend:5352/build/watchlist_test_project_a/_result?lastbuild=1&locallink=1&multibuild=1&package=watchlist_test_package&view=status
    body:
      encoding: US-ASCII
      string: ''
    headers:
      X-Request-Id:
      - c275eb77-084a-4cae-b035-86da835e77e7
      Accept-Encoding:
      - gzip;q=1.0,deflate;q=0.6,identity;q=0.3
      Accept:
      - "*/*"
      User-Agent:
      - Ruby
  response:
    status:
      code: 200
      message: OK
    headers:
      Content-Type:
      - text/xml
      Cache-Control:
      - no-cache
      Connection:
      - close
      Content-Length:
      - '55'
    body:
      encoding: UTF-8
      string: '<resultlist state="00000000000000000000000000000000"/>

'
  recorded_at: Fri, 24 Feb 2023 13:40:25 GMT
- request:
    method: get
    uri: http://backend:5352/source/watchlist_test_project_a/watchlist_test_package
    body:
      encoding: US-ASCII
      string: ''
    headers:
      X-Request-Id:
      - de416068-b072-46c0-8703-f01db5db05e0
      Accept-Encoding:
      - gzip;q=1.0,deflate;q=0.6,identity;q=0.3
      Accept:
      - "*/*"
      User-Agent:
      - Ruby
  response:
    status:
      code: 200
      message: OK
    headers:
      Content-Type:
      - text/xml
      Cache-Control:
      - no-cache
      Connection:
      - close
      Content-Length:
      - '97'
    body:
      encoding: UTF-8
      string: |
        <directory name="watchlist_test_package" srcmd5="d41d8cd98f00b204e9800998ecf8427e">
        </directory>
  recorded_at: Fri, 24 Feb 2023 13:40:25 GMT
- request:
    method: get
    uri: http://backend:5352/build/watchlist_test_project_a/_result?lastbuild=1&locallink=1&multibuild=1&package=watchlist_test_package&view=status
    body:
      encoding: US-ASCII
      string: ''
    headers:
      X-Request-Id:
      - de416068-b072-46c0-8703-f01db5db05e0
      Accept-Encoding:
      - gzip;q=1.0,deflate;q=0.6,identity;q=0.3
      Accept:
      - "*/*"
      User-Agent:
      - Ruby
  response:
    status:
      code: 200
      message: OK
    headers:
      Content-Type:
      - text/xml
      Cache-Control:
      - no-cache
      Connection:
      - close
      Content-Length:
      - '55'
    body:
      encoding: UTF-8
      string: '<resultlist state="00000000000000000000000000000000"/>

'
  recorded_at: Fri, 24 Feb 2023 13:40:25 GMT
- request:
    method: get
    uri: http://backend:5352/build/watchlist_test_project_a/_result?package=watchlist_test_package&view=status
    body:
      encoding: US-ASCII
      string: ''
    headers:
      X-Request-Id:
      - 4f4fa528-37e8-492f-9d77-c26b0b5b8beb
      Accept-Encoding:
      - gzip;q=1.0,deflate;q=0.6,identity;q=0.3
      Accept:
      - "*/*"
      User-Agent:
      - Ruby
  response:
    status:
      code: 200
      message: OK
    headers:
      Content-Type:
      - text/xml
      Cache-Control:
      - no-cache
      Connection:
      - close
      Content-Length:
      - '55'
    body:
      encoding: UTF-8
      string: '<resultlist state="00000000000000000000000000000000"/>

'
  recorded_at: Fri, 24 Feb 2023 13:40:25 GMT
recorded_with: VCR 6.1.0
