---
http_interactions:
- request:
    method: put
    uri: http://backend:5352/source/home:user_116/_meta?user=user_116
    body:
      encoding: UTF-8
      string: |
        <project name="home:user_116">
          <title/>
          <description/>
          <person userid="user_116" role="maintainer"/>
        </project>
    headers:
      Accept-Encoding:
      - gzip;q=1.0,deflate;q=0.6,identity;q=0.3
      Accept:
      - "*/*"
      User-Agent:
      - Ruby
  response:
    status:
      code: 200
      message: OK
    headers:
      Content-Type:
      - text/xml
      Cache-Control:
      - no-cache
      Connection:
      - close
      Content-Length:
      - '138'
    body:
      encoding: UTF-8
      string: |
        <project name="home:user_116">
          <title></title>
          <description></description>
          <person userid="user_116" role="maintainer"/>
        </project>
  recorded_at: Wed, 14 Jun 2023 16:23:16 GMT
- request:
    method: put
    uri: http://backend:5352/source/target_project/_meta?user=user_117
    body:
      encoding: UTF-8
      string: |
        <project name="target_project">
          <title>A Farewell to Arms</title>
          <description/>
        </project>
    headers:
      Accept-Encoding:
      - gzip;q=1.0,deflate;q=0.6,identity;q=0.3
      Accept:
      - "*/*"
      User-Agent:
      - Ruby
  response:
    status:
      code: 200
      message: OK
    headers:
      Content-Type:
      - text/xml
      Cache-Control:
      - no-cache
      Connection:
      - close
      Content-Length:
      - '109'
    body:
      encoding: UTF-8
      string: |
        <project name="target_project">
          <title>A Farewell to Arms</title>
          <description></description>
        </project>
  recorded_at: Wed, 14 Jun 2023 16:23:16 GMT
- request:
    method: put
    uri: http://backend:5352/source/target_project/target_package/_meta?user=user_118
    body:
      encoding: UTF-8
      string: |
        <package name="target_package" project="target_project">
          <title>The Violent Bear It Away</title>
          <description>Dolore possimus ut velit.</description>
        </package>
    headers:
      Accept-Encoding:
      - gzip;q=1.0,deflate;q=0.6,identity;q=0.3
      Accept:
      - "*/*"
      User-Agent:
      - Ruby
  response:
    status:
      code: 200
      message: OK
    headers:
      Content-Type:
      - text/xml
      Cache-Control:
      - no-cache
      Connection:
      - close
      Content-Length:
      - '165'
    body:
      encoding: UTF-8
      string: |
        <package name="target_package" project="target_project">
          <title>The Violent Bear It Away</title>
          <description>Dolore possimus ut velit.</description>
        </package>
  recorded_at: Wed, 14 Jun 2023 16:23:16 GMT
- request:
    method: put
    uri: http://backend:5352/source/source_project/_meta?user=user_119
    body:
      encoding: UTF-8
      string: |
        <project name="source_project">
          <title>Fame Is the Spur</title>
          <description/>
        </project>
    headers:
      Accept-Encoding:
      - gzip;q=1.0,deflate;q=0.6,identity;q=0.3
      Accept:
      - "*/*"
      User-Agent:
      - Ruby
  response:
    status:
      code: 200
      message: OK
    headers:
      Content-Type:
      - text/xml
      Cache-Control:
      - no-cache
      Connection:
      - close
      Content-Length:
      - '107'
    body:
      encoding: UTF-8
      string: |
        <project name="source_project">
          <title>Fame Is the Spur</title>
          <description></description>
        </project>
  recorded_at: Wed, 14 Jun 2023 16:23:16 GMT
- request:
    method: put
    uri: http://backend:5352/source/source_project/_project/_attribute?meta=1&user=user_119
    body:
      encoding: UTF-8
      string: |
        <attributes>
          <attribute name="ApprovedRequestSource" namespace="OBS"/>
        </attributes>
    headers:
      Accept-Encoding:
      - gzip;q=1.0,deflate;q=0.6,identity;q=0.3
      Accept:
      - "*/*"
      User-Agent:
      - Ruby
  response:
    status:
      code: 200
      message: OK
    headers:
      Content-Type:
      - text/xml
      Cache-Control:
      - no-cache
      Connection:
      - close
      Content-Length:
      - '171'
    body:
      encoding: UTF-8
      string: |
        <revision rev="30">
          <srcmd5>91cc942415d7c009ce24bd2f18f792e4</srcmd5>
          <time>1686759796</time>
          <user>user_119</user>
          <comment></comment>
          <requestid/>
        </revision>
  recorded_at: Wed, 14 Jun 2023 16:23:16 GMT
- request:
    method: put
    uri: http://backend:5352/source/source_project/source_package/_meta?user=user_120
    body:
      encoding: UTF-8
      string: |
        <package name="source_package" project="source_project">
          <title>By Grand Central Station I Sat Down and Wept</title>
          <description>Eveniet quas in earum.</description>
        </package>
    headers:
      Accept-Encoding:
      - gzip;q=1.0,deflate;q=0.6,identity;q=0.3
      Accept:
      - "*/*"
      User-Agent:
      - Ruby
  response:
    status:
      code: 200
      message: OK
    headers:
      Content-Type:
      - text/xml
      Cache-Control:
      - no-cache
      Connection:
      - close
      Content-Length:
      - '182'
    body:
      encoding: UTF-8
      string: |
        <package name="source_package" project="source_project">
          <title>By Grand Central Station I Sat Down and Wept</title>
          <description>Eveniet quas in earum.</description>
        </package>
  recorded_at: Wed, 14 Jun 2023 16:23:16 GMT
- request:
    method: get
    uri: http://backend:5352/source/source_project/source_package
    body:
      encoding: US-ASCII
      string: ''
    headers:
      Accept-Encoding:
      - gzip;q=1.0,deflate;q=0.6,identity;q=0.3
      Accept:
      - "*/*"
      User-Agent:
      - Ruby
  response:
    status:
      code: 200
      message: OK
    headers:
      Content-Type:
      - text/xml
      Cache-Control:
      - no-cache
      Connection:
      - close
      Content-Length:
      - '89'
    body:
      encoding: UTF-8
      string: |
        <directory name="source_package" srcmd5="d41d8cd98f00b204e9800998ecf8427e">
        </directory>
  recorded_at: Wed, 14 Jun 2023 16:23:16 GMT
- request:
    method: post
    uri: http://backend:5352/source/source_project/source_package?cmd=diff&expand=1&filelimit=10000&opackage=target_package&oproject=target_project&tarlimit=10000&view=xml&withissues=1
    body:
      encoding: UTF-8
      string: ''
    headers:
      Content-Type:
      - application/octet-stream
      Accept-Encoding:
      - gzip;q=1.0,deflate;q=0.6,identity;q=0.3
      Accept:
      - "*/*"
      User-Agent:
      - Ruby
  response:
    status:
      code: 200
      message: OK
    headers:
      Content-Type:
      - text/xml
      Content-Length:
      - '328'
      Cache-Control:
      - no-cache
      Connection:
      - close
    body:
      encoding: UTF-8
      string: |
        <sourcediff key="1d2d66e37ffce337361288aaa1a481e8">
          <old project="target_project" package="target_package" rev="0" srcmd5="d41d8cd98f00b204e9800998ecf8427e"/>
          <new project="source_project" package="source_package" rev="0" srcmd5="d41d8cd98f00b204e9800998ecf8427e"/>
          <files>
          </files>
          <issues>
          </issues>
        </sourcediff>
  recorded_at: Wed, 14 Jun 2023 16:23:16 GMT
recorded_with: VCR 6.1.0
