---
http_interactions:
- request:
    method: put
    uri: http://backend:5352/source/home:user_122/_meta?user=user_122
    body:
      encoding: UTF-8
      string: |
        <project name="home:user_122">
          <title/>
          <description/>
          <person userid="user_122" role="maintainer"/>
        </project>
    headers:
      Accept-Encoding:
      - gzip;q=1.0,deflate;q=0.6,identity;q=0.3
      Accept:
      - "*/*"
      User-Agent:
      - Ruby
  response:
    status:
      code: 200
      message: OK
    headers:
      Content-Type:
      - text/xml
      Cache-Control:
      - no-cache
      Connection:
      - close
      Content-Length:
      - '138'
    body:
      encoding: UTF-8
      string: |
        <project name="home:user_122">
          <title></title>
          <description></description>
          <person userid="user_122" role="maintainer"/>
        </project>
  recorded_at: Wed, 14 Jun 2023 16:23:17 GMT
- request:
    method: put
    uri: http://backend:5352/source/target_project/_meta?user=user_123
    body:
      encoding: UTF-8
      string: |
        <project name="target_project">
          <title>The Mermaids Singing</title>
          <description/>
        </project>
    headers:
      Accept-Encoding:
      - gzip;q=1.0,deflate;q=0.6,identity;q=0.3
      Accept:
      - "*/*"
      User-Agent:
      - Ruby
  response:
    status:
      code: 200
      message: OK
    headers:
      Content-Type:
      - text/xml
      Cache-Control:
      - no-cache
      Connection:
      - close
      Content-Length:
      - '111'
    body:
      encoding: UTF-8
      string: |
        <project name="target_project">
          <title>The Mermaids Singing</title>
          <description></description>
        </project>
  recorded_at: Wed, 14 Jun 2023 16:23:17 GMT
- request:
    method: put
    uri: http://backend:5352/source/target_project/target_package/_meta?user=user_124
    body:
      encoding: UTF-8
      string: |
        <package name="target_package" project="target_project">
          <title>The Heart Is Deceitful Above All Things</title>
          <description>Aut iusto aut similique.</description>
        </package>
    headers:
      Accept-Encoding:
      - gzip;q=1.0,deflate;q=0.6,identity;q=0.3
      Accept:
      - "*/*"
      User-Agent:
      - Ruby
  response:
    status:
      code: 200
      message: OK
    headers:
      Content-Type:
      - text/xml
      Cache-Control:
      - no-cache
      Connection:
      - close
      Content-Length:
      - '179'
    body:
      encoding: UTF-8
      string: |
        <package name="target_package" project="target_project">
          <title>The Heart Is Deceitful Above All Things</title>
          <description>Aut iusto aut similique.</description>
        </package>
  recorded_at: Wed, 14 Jun 2023 16:23:17 GMT
- request:
    method: put
    uri: http://backend:5352/source/source_project/_meta?user=user_125
    body:
      encoding: UTF-8
      string: |
        <project name="source_project">
          <title>I Will Fear No Evil</title>
          <description/>
        </project>
    headers:
      Accept-Encoding:
      - gzip;q=1.0,deflate;q=0.6,identity;q=0.3
      Accept:
      - "*/*"
      User-Agent:
      - Ruby
  response:
    status:
      code: 200
      message: OK
    headers:
      Content-Type:
      - text/xml
      Cache-Control:
      - no-cache
      Connection:
      - close
      Content-Length:
      - '110'
    body:
      encoding: UTF-8
      string: |
        <project name="source_project">
          <title>I Will Fear No Evil</title>
          <description></description>
        </project>
  recorded_at: Wed, 14 Jun 2023 16:23:17 GMT
- request:
    method: put
    uri: http://backend:5352/source/source_project/_project/_attribute?meta=1&user=user_125
    body:
      encoding: UTF-8
      string: |
        <attributes>
          <attribute name="ApprovedRequestSource" namespace="OBS"/>
        </attributes>
    headers:
      Accept-Encoding:
      - gzip;q=1.0,deflate;q=0.6,identity;q=0.3
      Accept:
      - "*/*"
      User-Agent:
      - Ruby
  response:
    status:
      code: 200
      message: OK
    headers:
      Content-Type:
      - text/xml
      Cache-Control:
      - no-cache
      Connection:
      - close
      Content-Length:
      - '171'
    body:
      encoding: UTF-8
      string: |
        <revision rev="32">
          <srcmd5>a15d3b145a9458e0481c6ed1bd5293eb</srcmd5>
          <time>1686759797</time>
          <user>user_125</user>
          <comment></comment>
          <requestid/>
        </revision>
  recorded_at: Wed, 14 Jun 2023 16:23:17 GMT
- request:
    method: put
    uri: http://backend:5352/source/source_project/source_package/_meta?user=user_126
    body:
      encoding: UTF-8
      string: |
        <package name="source_package" project="source_project">
          <title>Fame Is the Spur</title>
          <description>Mollitia et rem distinctio.</description>
        </package>
    headers:
      Accept-Encoding:
      - gzip;q=1.0,deflate;q=0.6,identity;q=0.3
      Accept:
      - "*/*"
      User-Agent:
      - Ruby
  response:
    status:
      code: 200
      message: OK
    headers:
      Content-Type:
      - text/xml
      Cache-Control:
      - no-cache
      Connection:
      - close
      Content-Length:
      - '159'
    body:
      encoding: UTF-8
      string: |
        <package name="source_package" project="source_project">
          <title>Fame Is the Spur</title>
          <description>Mollitia et rem distinctio.</description>
        </package>
  recorded_at: Wed, 14 Jun 2023 16:23:17 GMT
- request:
    method: get
    uri: http://backend:5352/source/source_project/source_package
    body:
      encoding: US-ASCII
      string: ''
    headers:
      Accept-Encoding:
      - gzip;q=1.0,deflate;q=0.6,identity;q=0.3
      Accept:
      - "*/*"
      User-Agent:
      - Ruby
  response:
    status:
      code: 200
      message: OK
    headers:
      Content-Type:
      - text/xml
      Cache-Control:
      - no-cache
      Connection:
      - close
      Content-Length:
      - '89'
    body:
      encoding: UTF-8
      string: |
        <directory name="source_package" srcmd5="d41d8cd98f00b204e9800998ecf8427e">
        </directory>
  recorded_at: Wed, 14 Jun 2023 16:23:17 GMT
- request:
    method: post
    uri: http://backend:5352/source/source_project/source_package?cmd=diff&expand=1&filelimit=10000&opackage=target_package&oproject=target_project&tarlimit=10000&view=xml&withissues=1
    body:
      encoding: UTF-8
      string: ''
    headers:
      Content-Type:
      - application/octet-stream
      Accept-Encoding:
      - gzip;q=1.0,deflate;q=0.6,identity;q=0.3
      Accept:
      - "*/*"
      User-Agent:
      - Ruby
  response:
    status:
      code: 200
      message: OK
    headers:
      Content-Type:
      - text/xml
      Content-Length:
      - '328'
      Cache-Control:
      - no-cache
      Connection:
      - close
    body:
      encoding: UTF-8
      string: |
        <sourcediff key="1d2d66e37ffce337361288aaa1a481e8">
          <old project="target_project" package="target_package" rev="0" srcmd5="d41d8cd98f00b204e9800998ecf8427e"/>
          <new project="source_project" package="source_package" rev="0" srcmd5="d41d8cd98f00b204e9800998ecf8427e"/>
          <files>
          </files>
          <issues>
          </issues>
        </sourcediff>
  recorded_at: Wed, 14 Jun 2023 16:23:17 GMT
recorded_with: VCR 6.1.0
