---
http_interactions:
- request:
    method: put
    uri: http://backend:5352/source/home:user_13/_meta?user=user_13
    body:
      encoding: UTF-8
      string: |
        <project name="home:user_13">
          <title/>
          <description/>
          <person userid="user_13" role="maintainer"/>
        </project>
    headers:
      Accept-Encoding:
      - gzip;q=1.0,deflate;q=0.6,identity;q=0.3
      Accept:
      - "*/*"
      User-Agent:
      - Ruby
  response:
    status:
      code: 200
      message: OK
    headers:
      Content-Type:
      - text/xml
      Cache-Control:
      - no-cache
      Connection:
      - close
      Content-Length:
      - '136'
    body:
      encoding: UTF-8
      string: |
        <project name="home:user_13">
          <title></title>
          <description></description>
          <person userid="user_13" role="maintainer"/>
        </project>
  recorded_at: Mon, 04 Sep 2023 14:16:08 GMT
- request:
    method: put
    uri: http://backend:5352/source/home:tom:branches:Update/_meta?user=user_13
    body:
      encoding: UTF-8
      string: |
        <project name="home:tom:branches:Update">
          <title>Endless Night</title>
          <description/>
        </project>
    headers:
      Accept-Encoding:
      - gzip;q=1.0,deflate;q=0.6,identity;q=0.3
      Accept:
      - "*/*"
      User-Agent:
      - Ruby
  response:
    status:
      code: 200
      message: OK
    headers:
      Content-Type:
      - text/xml
      Cache-Control:
      - no-cache
      Connection:
      - close
      Content-Length:
      - '114'
    body:
      encoding: UTF-8
      string: |
        <project name="home:tom:branches:Update">
          <title>Endless Night</title>
          <description></description>
        </project>
  recorded_at: Mon, 04 Sep 2023 14:16:09 GMT
- request:
    method: put
    uri: http://backend:5352/source/home:tom:branches:Update/cacti.openSUSE_11.4_Update/_meta?user=user_13
    body:
      encoding: UTF-8
      string: |
        <package name="cacti.openSUSE_11.4_Update" project="home:tom:branches:Update">
          <title>The Proper Study</title>
          <description>Ea molestiae sint in.</description>
        </package>
    headers:
      Accept-Encoding:
      - gzip;q=1.0,deflate;q=0.6,identity;q=0.3
      Accept:
      - "*/*"
      User-Agent:
      - Ruby
  response:
    status:
      code: 200
      message: OK
    headers:
      Content-Type:
      - text/xml
      Cache-Control:
      - no-cache
      Connection:
      - close
      Content-Length:
      - '175'
    body:
      encoding: UTF-8
      string: |
        <package name="cacti.openSUSE_11.4_Update" project="home:tom:branches:Update">
          <title>The Proper Study</title>
          <description>Ea molestiae sint in.</description>
        </package>
  recorded_at: Mon, 04 Sep 2023 14:16:09 GMT
- request:
    method: put
    uri: http://backend:5352/source/home:tom:branches:Update/cacti.openSUSE_11.4_Update/_config
    body:
      encoding: UTF-8
      string: Tempora minus consequuntur. Ducimus magni maiores. Quia et voluptatum.
    headers:
      Accept-Encoding:
      - gzip;q=1.0,deflate;q=0.6,identity;q=0.3
      Accept:
      - "*/*"
      User-Agent:
      - Ruby
  response:
    status:
      code: 200
      message: OK
    headers:
      Content-Type:
      - text/xml
      Cache-Control:
      - no-cache
      Connection:
      - close
      Content-Length:
      - '209'
    body:
      encoding: UTF-8
      string: |
        <revision rev="41" vrev="41">
          <srcmd5>4512b4b7aa5f432c70cb50503d00cde2</srcmd5>
          <version>unknown</version>
          <time>1693836969</time>
          <user>unknown</user>
          <comment></comment>
          <requestid/>
        </revision>
  recorded_at: Mon, 04 Sep 2023 14:16:09 GMT
- request:
    method: put
    uri: http://backend:5352/source/home:tom:branches:Update/cacti.openSUSE_11.4_Update/DUMMY_FILE
    body:
      encoding: UTF-8
      string: boo#12345
    headers:
      Accept-Encoding:
      - gzip;q=1.0,deflate;q=0.6,identity;q=0.3
      Accept:
      - "*/*"
      User-Agent:
      - Ruby
  response:
    status:
      code: 200
      message: OK
    headers:
      Content-Type:
      - text/xml
      Cache-Control:
      - no-cache
      Connection:
      - close
      Content-Length:
      - '209'
    body:
      encoding: UTF-8
      string: |
        <revision rev="42" vrev="42">
          <srcmd5>4512b4b7aa5f432c70cb50503d00cde2</srcmd5>
          <version>unknown</version>
          <time>1693836969</time>
          <user>unknown</user>
          <comment></comment>
          <requestid/>
        </revision>
  recorded_at: Mon, 04 Sep 2023 14:16:09 GMT
- request:
    method: put
    uri: http://backend:5352/source/home:tom:branches:Update/cacti.openSUSE_11.5_Update/_meta?user=user_13
    body:
      encoding: UTF-8
      string: |
        <package name="cacti.openSUSE_11.5_Update" project="home:tom:branches:Update">
          <title>It's a Battlefield</title>
          <description>Ut ex voluptate maiores.</description>
        </package>
    headers:
      Accept-Encoding:
      - gzip;q=1.0,deflate;q=0.6,identity;q=0.3
      Accept:
      - "*/*"
      User-Agent:
      - Ruby
  response:
    status:
      code: 200
      message: OK
    headers:
      Content-Type:
      - text/xml
      Cache-Control:
      - no-cache
      Connection:
      - close
      Content-Length:
      - '180'
    body:
      encoding: UTF-8
      string: |
        <package name="cacti.openSUSE_11.5_Update" project="home:tom:branches:Update">
          <title>It's a Battlefield</title>
          <description>Ut ex voluptate maiores.</description>
        </package>
  recorded_at: Mon, 04 Sep 2023 14:16:09 GMT
- request:
    method: put
    uri: http://backend:5352/source/home:tom:branches:Update/cacti.openSUSE_11.5_Update/_config
    body:
      encoding: UTF-8
      string: Quidem provident doloremque. Hic maiores blanditiis. Sunt dolore sed.
    headers:
      Accept-Encoding:
      - gzip;q=1.0,deflate;q=0.6,identity;q=0.3
      Accept:
      - "*/*"
      User-Agent:
      - Ruby
  response:
    status:
      code: 200
      message: OK
    headers:
      Content-Type:
      - text/xml
      Cache-Control:
      - no-cache
      Connection:
      - close
      Content-Length:
      - '209'
    body:
      encoding: UTF-8
      string: |
        <revision rev="41" vrev="41">
          <srcmd5>0e731234abfe9025fee98f2657c7f6e5</srcmd5>
          <version>unknown</version>
          <time>1693836969</time>
          <user>unknown</user>
          <comment></comment>
          <requestid/>
        </revision>
  recorded_at: Mon, 04 Sep 2023 14:16:09 GMT
- request:
    method: put
    uri: http://backend:5352/source/home:tom:branches:Update/cacti.openSUSE_11.5_Update/DUMMY_FILE
    body:
      encoding: UTF-8
      string: boo#12345
    headers:
      Accept-Encoding:
      - gzip;q=1.0,deflate;q=0.6,identity;q=0.3
      Accept:
      - "*/*"
      User-Agent:
      - Ruby
  response:
    status:
      code: 200
      message: OK
    headers:
      Content-Type:
      - text/xml
      Cache-Control:
      - no-cache
      Connection:
      - close
      Content-Length:
      - '209'
    body:
      encoding: UTF-8
      string: |
        <revision rev="42" vrev="42">
          <srcmd5>0e731234abfe9025fee98f2657c7f6e5</srcmd5>
          <version>unknown</version>
          <time>1693836969</time>
          <user>unknown</user>
          <comment></comment>
          <requestid/>
        </revision>
  recorded_at: Mon, 04 Sep 2023 14:16:09 GMT
- request:
    method: put
    uri: http://backend:5352/source/openSUSE:11.4/_meta?user=user_13
    body:
      encoding: UTF-8
      string: |
        <project name="openSUSE:11.4">
          <title>Of Mice and Men</title>
          <description/>
        </project>
    headers:
      Accept-Encoding:
      - gzip;q=1.0,deflate;q=0.6,identity;q=0.3
      Accept:
      - "*/*"
      User-Agent:
      - Ruby
  response:
    status:
      code: 200
      message: OK
    headers:
      Content-Type:
      - text/xml
      Cache-Control:
      - no-cache
      Connection:
      - close
      Content-Length:
      - '105'
    body:
      encoding: UTF-8
      string: |
        <project name="openSUSE:11.4">
          <title>Of Mice and Men</title>
          <description></description>
        </project>
  recorded_at: Mon, 04 Sep 2023 14:16:09 GMT
- request:
    method: put
    uri: http://backend:5352/source/openSUSE:11.4/cacti/_meta?user=user_13
    body:
      encoding: UTF-8
      string: |
        <package name="cacti" project="openSUSE:11.4">
          <title>To Sail Beyond the Sunset</title>
          <description>Quae facilis non optio.</description>
        </package>
    headers:
      Accept-Encoding:
      - gzip;q=1.0,deflate;q=0.6,identity;q=0.3
      Accept:
      - "*/*"
      User-Agent:
      - Ruby
  response:
    status:
      code: 200
      message: OK
    headers:
      Content-Type:
      - text/xml
      Cache-Control:
      - no-cache
      Connection:
      - close
      Content-Length:
      - '154'
    body:
      encoding: UTF-8
      string: |
        <package name="cacti" project="openSUSE:11.4">
          <title>To Sail Beyond the Sunset</title>
          <description>Quae facilis non optio.</description>
        </package>
  recorded_at: Mon, 04 Sep 2023 14:16:09 GMT
- request:
    method: put
    uri: http://backend:5352/source/openSUSE:11.4/cacti/_config
    body:
      encoding: UTF-8
      string: A est nesciunt. Culpa nihil cupiditate. Ab non nulla.
    headers:
      Accept-Encoding:
      - gzip;q=1.0,deflate;q=0.6,identity;q=0.3
      Accept:
      - "*/*"
      User-Agent:
      - Ruby
  response:
    status:
      code: 200
      message: OK
    headers:
      Content-Type:
      - text/xml
      Cache-Control:
      - no-cache
      Connection:
      - close
      Content-Length:
      - '209'
    body:
      encoding: UTF-8
      string: |
        <revision rev="41" vrev="41">
          <srcmd5>e91181a4d1bc4e276663cf87620414f3</srcmd5>
          <version>unknown</version>
          <time>1693836969</time>
          <user>unknown</user>
          <comment></comment>
          <requestid/>
        </revision>
  recorded_at: Mon, 04 Sep 2023 14:16:09 GMT
- request:
    method: put
    uri: http://backend:5352/source/openSUSE:11.4/cacti/somefile.txt
    body:
      encoding: UTF-8
      string: Repellat accusantium corrupti. Saepe qui consequatur. Quas blanditiis
        itaque.
    headers:
      Accept-Encoding:
      - gzip;q=1.0,deflate;q=0.6,identity;q=0.3
      Accept:
      - "*/*"
      User-Agent:
      - Ruby
  response:
    status:
      code: 200
      message: OK
    headers:
      Content-Type:
      - text/xml
      Cache-Control:
      - no-cache
      Connection:
      - close
      Content-Length:
      - '209'
    body:
      encoding: UTF-8
      string: |
        <revision rev="42" vrev="42">
          <srcmd5>c791dc7cbf4a38aab55cef104b30631b</srcmd5>
          <version>unknown</version>
          <time>1693836969</time>
          <user>unknown</user>
          <comment></comment>
          <requestid/>
        </revision>
  recorded_at: Mon, 04 Sep 2023 14:16:09 GMT
- request:
    method: put
    uri: http://backend:5352/source/openSUSE:11.4:Update/_meta?user=user_13
    body:
      encoding: UTF-8
      string: |
        <project name="openSUSE:11.4:Update" kind="maintenance_release">
          <title>The Mirror Crack'd from Side to Side</title>
          <description/>
        </project>
    headers:
      Accept-Encoding:
      - gzip;q=1.0,deflate;q=0.6,identity;q=0.3
      Accept:
      - "*/*"
      User-Agent:
      - Ruby
  response:
    status:
      code: 200
      message: OK
    headers:
      Content-Type:
      - text/xml
      Cache-Control:
      - no-cache
      Connection:
      - close
      Content-Length:
      - '160'
    body:
      encoding: UTF-8
      string: |
        <project name="openSUSE:11.4:Update" kind="maintenance_release">
          <title>The Mirror Crack'd from Side to Side</title>
          <description></description>
        </project>
  recorded_at: Mon, 04 Sep 2023 14:16:10 GMT
- request:
    method: put
    uri: http://backend:5352/source/openSUSE:11.4:Update/_project/_attribute?meta=1&user=user_13
    body:
      encoding: UTF-8
      string: |
        <attributes>
          <attribute name="Maintained" namespace="OBS"/>
        </attributes>
    headers:
      Accept-Encoding:
      - gzip;q=1.0,deflate;q=0.6,identity;q=0.3
      Accept:
      - "*/*"
      User-Agent:
      - Ruby
  response:
    status:
      code: 200
      message: OK
    headers:
      Content-Type:
      - text/xml
      Cache-Control:
      - no-cache
      Connection:
      - close
      Content-Length:
      - '170'
    body:
      encoding: UTF-8
      string: |
        <revision rev="62">
          <srcmd5>2da50d8c91d9a6389262134403ad2280</srcmd5>
          <time>1693836970</time>
          <user>user_13</user>
          <comment></comment>
          <requestid/>
        </revision>
  recorded_at: Mon, 04 Sep 2023 14:16:10 GMT
- request:
    method: put
    uri: http://backend:5352/source/openSUSE:11.4/_project/_attribute?meta=1&user=user_13
    body:
      encoding: UTF-8
      string: |
        <attributes>
          <attribute name="UpdateProject" namespace="OBS">
            <value>openSUSE:11.4:Update</value>
          </attribute>
        </attributes>
    headers:
      Accept-Encoding:
      - gzip;q=1.0,deflate;q=0.6,identity;q=0.3
      Accept:
      - "*/*"
      User-Agent:
      - Ruby
  response:
    status:
      code: 200
      message: OK
    headers:
      Content-Type:
      - text/xml
      Cache-Control:
      - no-cache
      Connection:
      - close
      Content-Length:
      - '170'
    body:
      encoding: UTF-8
      string: |
        <revision rev="42">
          <srcmd5>e4e3c29d639df8015c6374fba133c3a6</srcmd5>
          <time>1693836970</time>
          <user>user_13</user>
          <comment></comment>
          <requestid/>
        </revision>
  recorded_at: Mon, 04 Sep 2023 14:16:10 GMT
- request:
    method: put
    uri: http://backend:5352/source/openSUSE:11.4:Update/_meta?user=user_13
    body:
      encoding: UTF-8
      string: |
        <project name="openSUSE:11.4:Update" kind="maintenance_release">
          <title>The Mirror Crack'd from Side to Side</title>
          <description/>
          <link project="openSUSE:11.4"/>
        </project>
    headers:
      Accept-Encoding:
      - gzip;q=1.0,deflate;q=0.6,identity;q=0.3
      Accept:
      - "*/*"
      User-Agent:
      - Ruby
  response:
    status:
      code: 200
      message: OK
    headers:
      Content-Type:
      - text/xml
      Cache-Control:
      - no-cache
      Connection:
      - close
      Content-Length:
      - '194'
    body:
      encoding: UTF-8
      string: |
        <project name="openSUSE:11.4:Update" kind="maintenance_release">
          <title>The Mirror Crack'd from Side to Side</title>
          <description></description>
          <link project="openSUSE:11.4"/>
        </project>
  recorded_at: Mon, 04 Sep 2023 14:16:10 GMT
- request:
    method: put
    uri: http://backend:5352/source/openSUSE:11.5/_meta?user=user_13
    body:
      encoding: UTF-8
      string: |
        <project name="openSUSE:11.5">
          <title>Number the Stars</title>
          <description/>
        </project>
    headers:
      Accept-Encoding:
      - gzip;q=1.0,deflate;q=0.6,identity;q=0.3
      Accept:
      - "*/*"
      User-Agent:
      - Ruby
  response:
    status:
      code: 200
      message: OK
    headers:
      Content-Type:
      - text/xml
      Cache-Control:
      - no-cache
      Connection:
      - close
      Content-Length:
      - '106'
    body:
      encoding: UTF-8
      string: |
        <project name="openSUSE:11.5">
          <title>Number the Stars</title>
          <description></description>
        </project>
  recorded_at: Mon, 04 Sep 2023 14:16:10 GMT
- request:
    method: put
    uri: http://backend:5352/source/openSUSE:11.5/cacti/_meta?user=user_13
    body:
      encoding: UTF-8
      string: |
        <package name="cacti" project="openSUSE:11.5">
          <title>A Summer Bird-Cage</title>
          <description>Impedit eos est enim.</description>
        </package>
    headers:
      Accept-Encoding:
      - gzip;q=1.0,deflate;q=0.6,identity;q=0.3
      Accept:
      - "*/*"
      User-Agent:
      - Ruby
  response:
    status:
      code: 200
      message: OK
    headers:
      Content-Type:
      - text/xml
      Cache-Control:
      - no-cache
      Connection:
      - close
      Content-Length:
      - '145'
    body:
      encoding: UTF-8
      string: |
        <package name="cacti" project="openSUSE:11.5">
          <title>A Summer Bird-Cage</title>
          <description>Impedit eos est enim.</description>
        </package>
  recorded_at: Mon, 04 Sep 2023 14:16:10 GMT
- request:
    method: put
    uri: http://backend:5352/source/openSUSE:11.5/cacti/_config
    body:
      encoding: UTF-8
      string: Voluptas ut enim. Sit tempora quo. Impedit natus voluptatem.
    headers:
      Accept-Encoding:
      - gzip;q=1.0,deflate;q=0.6,identity;q=0.3
      Accept:
      - "*/*"
      User-Agent:
      - Ruby
  response:
    status:
      code: 200
      message: OK
    headers:
      Content-Type:
      - text/xml
      Cache-Control:
      - no-cache
      Connection:
      - close
      Content-Length:
      - '209'
    body:
      encoding: UTF-8
      string: |
        <revision rev="41" vrev="41">
          <srcmd5>a068d0a54d9e53e4a56c7a2cc918b878</srcmd5>
          <version>unknown</version>
          <time>1693836970</time>
          <user>unknown</user>
          <comment></comment>
          <requestid/>
        </revision>
  recorded_at: Mon, 04 Sep 2023 14:16:10 GMT
- request:
    method: put
    uri: http://backend:5352/source/openSUSE:11.5/cacti/somefile.txt
    body:
      encoding: UTF-8
      string: Aperiam iusto saepe. Perferendis fuga ut. Explicabo veritatis et.
    headers:
      Accept-Encoding:
      - gzip;q=1.0,deflate;q=0.6,identity;q=0.3
      Accept:
      - "*/*"
      User-Agent:
      - Ruby
  response:
    status:
      code: 200
      message: OK
    headers:
      Content-Type:
      - text/xml
      Cache-Control:
      - no-cache
      Connection:
      - close
      Content-Length:
      - '209'
    body:
      encoding: UTF-8
      string: |
        <revision rev="42" vrev="42">
          <srcmd5>5b0fc2de2d8928107e855df4ff1f4999</srcmd5>
          <version>unknown</version>
          <time>1693836970</time>
          <user>unknown</user>
          <comment></comment>
          <requestid/>
        </revision>
  recorded_at: Mon, 04 Sep 2023 14:16:10 GMT
- request:
    method: put
    uri: http://backend:5352/source/openSUSE:11.5:Update/_meta?user=user_13
    body:
      encoding: UTF-8
      string: |
        <project name="openSUSE:11.5:Update" kind="maintenance_release">
          <title>The Line of Beauty</title>
          <description/>
        </project>
    headers:
      Accept-Encoding:
      - gzip;q=1.0,deflate;q=0.6,identity;q=0.3
      Accept:
      - "*/*"
      User-Agent:
      - Ruby
  response:
    status:
      code: 200
      message: OK
    headers:
      Content-Type:
      - text/xml
      Cache-Control:
      - no-cache
      Connection:
      - close
      Content-Length:
      - '142'
    body:
      encoding: UTF-8
      string: |
        <project name="openSUSE:11.5:Update" kind="maintenance_release">
          <title>The Line of Beauty</title>
          <description></description>
        </project>
  recorded_at: Mon, 04 Sep 2023 14:16:10 GMT
- request:
    method: put
    uri: http://backend:5352/source/openSUSE:11.5:Update/_project/_attribute?meta=1&user=user_13
    body:
      encoding: UTF-8
      string: |
        <attributes>
          <attribute name="Maintained" namespace="OBS"/>
        </attributes>
    headers:
      Accept-Encoding:
      - gzip;q=1.0,deflate;q=0.6,identity;q=0.3
      Accept:
      - "*/*"
      User-Agent:
      - Ruby
  response:
    status:
      code: 200
      message: OK
    headers:
      Content-Type:
      - text/xml
      Cache-Control:
      - no-cache
      Connection:
      - close
      Content-Length:
      - '170'
    body:
      encoding: UTF-8
      string: |
        <revision rev="62">
          <srcmd5>b282a3721fba773e9bf6d17442d0271b</srcmd5>
          <time>1693836970</time>
          <user>user_13</user>
          <comment></comment>
          <requestid/>
        </revision>
  recorded_at: Mon, 04 Sep 2023 14:16:10 GMT
- request:
    method: put
    uri: http://backend:5352/source/openSUSE:11.5/_project/_attribute?meta=1&user=user_13
    body:
      encoding: UTF-8
      string: |
        <attributes>
          <attribute name="UpdateProject" namespace="OBS">
            <value>openSUSE:11.5:Update</value>
          </attribute>
        </attributes>
    headers:
      Accept-Encoding:
      - gzip;q=1.0,deflate;q=0.6,identity;q=0.3
      Accept:
      - "*/*"
      User-Agent:
      - Ruby
  response:
    status:
      code: 200
      message: OK
    headers:
      Content-Type:
      - text/xml
      Cache-Control:
      - no-cache
      Connection:
      - close
      Content-Length:
      - '170'
    body:
      encoding: UTF-8
      string: |
        <revision rev="42">
          <srcmd5>abec2e2d6c8937e5a5bb568570703b69</srcmd5>
          <time>1693836971</time>
          <user>user_13</user>
          <comment></comment>
          <requestid/>
        </revision>
  recorded_at: Mon, 04 Sep 2023 14:16:11 GMT
- request:
    method: put
    uri: http://backend:5352/source/openSUSE:11.5:Update/_meta?user=user_13
    body:
      encoding: UTF-8
      string: |
        <project name="openSUSE:11.5:Update" kind="maintenance_release">
          <title>The Line of Beauty</title>
          <description/>
          <link project="openSUSE:11.5"/>
        </project>
    headers:
      Accept-Encoding:
      - gzip;q=1.0,deflate;q=0.6,identity;q=0.3
      Accept:
      - "*/*"
      User-Agent:
      - Ruby
  response:
    status:
      code: 200
      message: OK
    headers:
      Content-Type:
      - text/xml
      Cache-Control:
      - no-cache
      Connection:
      - close
      Content-Length:
      - '176'
    body:
      encoding: UTF-8
      string: |
        <project name="openSUSE:11.5:Update" kind="maintenance_release">
          <title>The Line of Beauty</title>
          <description></description>
          <link project="openSUSE:11.5"/>
        </project>
  recorded_at: Mon, 04 Sep 2023 14:16:11 GMT
- request:
    method: put
    uri: http://backend:5352/source/home:maintenance_coord/_meta?user=maintenance_coord
    body:
      encoding: UTF-8
      string: |
        <project name="home:maintenance_coord">
          <title/>
          <description/>
          <person userid="maintenance_coord" role="maintainer"/>
        </project>
    headers:
      Accept-Encoding:
      - gzip;q=1.0,deflate;q=0.6,identity;q=0.3
      Accept:
      - "*/*"
      User-Agent:
      - Ruby
  response:
    status:
      code: 200
      message: OK
    headers:
      Content-Type:
      - text/xml
      Cache-Control:
      - no-cache
      Connection:
      - close
      Content-Length:
      - '156'
    body:
      encoding: UTF-8
      string: |
        <project name="home:maintenance_coord">
          <title></title>
          <description></description>
          <person userid="maintenance_coord" role="maintainer"/>
        </project>
  recorded_at: Mon, 04 Sep 2023 14:16:11 GMT
- request:
    method: put
    uri: http://backend:5352/source/MaintenanceProject/_meta?user=user_13
    body:
      encoding: UTF-8
      string: |
        <project name="MaintenanceProject" kind="maintenance">
          <title>official maintenance space</title>
          <description/>
          <person userid="maintenance_coord" role="maintainer"/>
          <build>
            <disable/>
          </build>
        </project>
    headers:
      Accept-Encoding:
      - gzip;q=1.0,deflate;q=0.6,identity;q=0.3
      Accept:
      - "*/*"
      User-Agent:
      - Ruby
  response:
    status:
      code: 200
      message: OK
    headers:
      Content-Type:
      - text/xml
      Cache-Control:
      - no-cache
      Connection:
      - close
      Content-Length:
      - '233'
    body:
      encoding: UTF-8
      string: |
        <project name="MaintenanceProject" kind="maintenance">
          <title>official maintenance space</title>
          <description></description>
          <person userid="maintenance_coord" role="maintainer"/>
          <build>
            <disable/>
          </build>
        </project>
  recorded_at: Mon, 04 Sep 2023 14:16:11 GMT
- request:
    method: put
    uri: http://backend:5352/source/MaintenanceProject/_project/_attribute?meta=1&user=user_13
    body:
      encoding: UTF-8
      string: |
        <attributes>
          <attribute name="MaintenanceProject" namespace="OBS"/>
        </attributes>
    headers:
      Accept-Encoding:
      - gzip;q=1.0,deflate;q=0.6,identity;q=0.3
      Accept:
      - "*/*"
      User-Agent:
      - Ruby
  response:
    status:
      code: 200
      message: OK
    headers:
      Content-Type:
      - text/xml
      Cache-Control:
      - no-cache
      Connection:
      - close
      Content-Length:
      - '170'
    body:
      encoding: UTF-8
      string: |
        <revision rev="62">
          <srcmd5>b5ac59f5d2a72c7f98586b6c1dbf55de</srcmd5>
          <time>1693836971</time>
          <user>user_13</user>
          <comment></comment>
          <requestid/>
        </revision>
  recorded_at: Mon, 04 Sep 2023 14:16:11 GMT
- request:
    method: put
    uri: http://backend:5352/source/MaintenanceProject/_meta?user=user_13
    body:
      encoding: UTF-8
      string: |
        <project name="MaintenanceProject" kind="maintenance">
          <title>official maintenance space</title>
          <description/>
          <person userid="maintenance_coord" role="maintainer"/>
          <build>
            <disable/>
          </build>
        </project>
    headers:
      Accept-Encoding:
      - gzip;q=1.0,deflate;q=0.6,identity;q=0.3
      Accept:
      - "*/*"
      User-Agent:
      - Ruby
  response:
    status:
      code: 200
      message: OK
    headers:
      Content-Type:
      - text/xml
      Cache-Control:
      - no-cache
      Connection:
      - close
      Content-Length:
      - '233'
    body:
      encoding: UTF-8
      string: |
        <project name="MaintenanceProject" kind="maintenance">
          <title>official maintenance space</title>
          <description></description>
          <person userid="maintenance_coord" role="maintainer"/>
          <build>
            <disable/>
          </build>
        </project>
  recorded_at: Mon, 04 Sep 2023 14:16:11 GMT
- request:
    method: get
    uri: http://backend:5352/source/home:tom:branches:Update/cacti.openSUSE_11.4_Update
    body:
      encoding: US-ASCII
      string: ''
    headers:
      Accept-Encoding:
      - gzip;q=1.0,deflate;q=0.6,identity;q=0.3
      Accept:
      - "*/*"
      User-Agent:
      - Ruby
  response:
    status:
      code: 200
      message: OK
    headers:
      Content-Type:
      - text/xml
      Cache-Control:
      - no-cache
      Connection:
      - close
      Content-Length:
      - '310'
    body:
      encoding: UTF-8
      string: |
        <directory name="cacti.openSUSE_11.4_Update" rev="42" vrev="42" srcmd5="4512b4b7aa5f432c70cb50503d00cde2">
          <entry name="DUMMY_FILE" md5="87b43dcf63dc45ed2b813df3d31e6718" size="9" mtime="1693836447"/>
          <entry name="_config" md5="f751686eeda0dd0ed95b9aaa60f5231a" size="70" mtime="1693836969"/>
        </directory>
  recorded_at: Mon, 04 Sep 2023 14:16:11 GMT
- request:
    method: get
    uri: http://backend:5352/source/home:tom:branches:Update/cacti.openSUSE_11.4_Update
    body:
      encoding: US-ASCII
      string: ''
    headers:
      Accept-Encoding:
      - gzip;q=1.0,deflate;q=0.6,identity;q=0.3
      Accept:
      - "*/*"
      User-Agent:
      - Ruby
  response:
    status:
      code: 200
      message: OK
    headers:
      Content-Type:
      - text/xml
      Cache-Control:
      - no-cache
      Connection:
      - close
      Content-Length:
      - '310'
    body:
      encoding: UTF-8
      string: |
        <directory name="cacti.openSUSE_11.4_Update" rev="42" vrev="42" srcmd5="4512b4b7aa5f432c70cb50503d00cde2">
          <entry name="DUMMY_FILE" md5="87b43dcf63dc45ed2b813df3d31e6718" size="9" mtime="1693836447"/>
          <entry name="_config" md5="f751686eeda0dd0ed95b9aaa60f5231a" size="70" mtime="1693836969"/>
        </directory>
  recorded_at: Mon, 04 Sep 2023 14:16:11 GMT
- request:
    method: post
    uri: http://backend:5352/source/home:tom:branches:Update/cacti.openSUSE_11.4_Update?cmd=diff&expand=1&filelimit=10000&orev=0&rev=42&tarlimit=10000&view=xml&withissues=1
    body:
      encoding: UTF-8
      string: ''
    headers:
      Content-Type:
      - application/octet-stream
      Accept-Encoding:
      - gzip;q=1.0,deflate;q=0.6,identity;q=0.3
      Accept:
      - "*/*"
      User-Agent:
      - Ruby
  response:
    status:
      code: 200
      message: OK
    headers:
      Content-Type:
      - text/xml
      Cache-Control:
      - no-cache
      Connection:
      - close
      Content-Length:
      - '834'
    body:
      encoding: UTF-8
      string: |
        <sourcediff key="a4517e307d7d568c7e436611cb80cb75">
          <old project="home:tom:branches:Update" package="cacti.openSUSE_11.4_Update" rev="0" srcmd5="d41d8cd98f00b204e9800998ecf8427e"/>
          <new project="home:tom:branches:Update" package="cacti.openSUSE_11.4_Update" rev="42" srcmd5="4512b4b7aa5f432c70cb50503d00cde2"/>
          <files>
            <file state="added">
              <new name="DUMMY_FILE" md5="87b43dcf63dc45ed2b813df3d31e6718" size="9"/>
              <diff lines="3">@@ -0,0 +1,1 @@
        +boo#12345
        \ No newline at end of file
        </diff>
            </file>
            <file state="added">
              <new name="_config" md5="f751686eeda0dd0ed95b9aaa60f5231a" size="70"/>
              <diff lines="3">@@ -0,0 +1,1 @@
        +Tempora minus consequuntur. Ducimus magni maiores. Quia et voluptatum.
        \ No newline at end of file
        </diff>
            </file>
          </files>
          <issues>
          </issues>
        </sourcediff>
  recorded_at: Mon, 04 Sep 2023 14:16:11 GMT
- request:
    method: get
    uri: http://backend:5352/source/home:tom:branches:Update/cacti.openSUSE_11.5_Update
    body:
      encoding: US-ASCII
      string: ''
    headers:
      Accept-Encoding:
      - gzip;q=1.0,deflate;q=0.6,identity;q=0.3
      Accept:
      - "*/*"
      User-Agent:
      - Ruby
  response:
    status:
      code: 200
      message: OK
    headers:
      Content-Type:
      - text/xml
      Cache-Control:
      - no-cache
      Connection:
      - close
      Content-Length:
      - '310'
    body:
      encoding: UTF-8
      string: |
        <directory name="cacti.openSUSE_11.5_Update" rev="42" vrev="42" srcmd5="0e731234abfe9025fee98f2657c7f6e5">
          <entry name="DUMMY_FILE" md5="87b43dcf63dc45ed2b813df3d31e6718" size="9" mtime="1693836447"/>
          <entry name="_config" md5="f31b8767414511305ff4b9dd09847e0a" size="69" mtime="1693836969"/>
        </directory>
  recorded_at: Mon, 04 Sep 2023 14:16:11 GMT
- request:
    method: get
    uri: http://backend:5352/source/home:tom:branches:Update/cacti.openSUSE_11.5_Update
    body:
      encoding: US-ASCII
      string: ''
    headers:
      Accept-Encoding:
      - gzip;q=1.0,deflate;q=0.6,identity;q=0.3
      Accept:
      - "*/*"
      User-Agent:
      - Ruby
  response:
    status:
      code: 200
      message: OK
    headers:
      Content-Type:
      - text/xml
      Cache-Control:
      - no-cache
      Connection:
      - close
      Content-Length:
      - '310'
    body:
      encoding: UTF-8
      string: |
        <directory name="cacti.openSUSE_11.5_Update" rev="42" vrev="42" srcmd5="0e731234abfe9025fee98f2657c7f6e5">
          <entry name="DUMMY_FILE" md5="87b43dcf63dc45ed2b813df3d31e6718" size="9" mtime="1693836447"/>
          <entry name="_config" md5="f31b8767414511305ff4b9dd09847e0a" size="69" mtime="1693836969"/>
        </directory>
  recorded_at: Mon, 04 Sep 2023 14:16:11 GMT
- request:
    method: post
    uri: http://backend:5352/source/home:tom:branches:Update/cacti.openSUSE_11.5_Update?cmd=diff&expand=1&filelimit=10000&orev=0&rev=42&tarlimit=10000&view=xml&withissues=1
    body:
      encoding: UTF-8
      string: ''
    headers:
      Content-Type:
      - application/octet-stream
      Accept-Encoding:
      - gzip;q=1.0,deflate;q=0.6,identity;q=0.3
      Accept:
      - "*/*"
      User-Agent:
      - Ruby
  response:
    status:
      code: 200
      message: OK
    headers:
      Content-Type:
      - text/xml
      Cache-Control:
      - no-cache
      Connection:
      - close
      Content-Length:
      - '833'
    body:
      encoding: UTF-8
      string: |
        <sourcediff key="6b54cced3777af649129d157eca7dc3e">
          <old project="home:tom:branches:Update" package="cacti.openSUSE_11.5_Update" rev="0" srcmd5="d41d8cd98f00b204e9800998ecf8427e"/>
          <new project="home:tom:branches:Update" package="cacti.openSUSE_11.5_Update" rev="42" srcmd5="0e731234abfe9025fee98f2657c7f6e5"/>
          <files>
            <file state="added">
              <new name="DUMMY_FILE" md5="87b43dcf63dc45ed2b813df3d31e6718" size="9"/>
              <diff lines="3">@@ -0,0 +1,1 @@
        +boo#12345
        \ No newline at end of file
        </diff>
            </file>
            <file state="added">
              <new name="_config" md5="f31b8767414511305ff4b9dd09847e0a" size="69"/>
              <diff lines="3">@@ -0,0 +1,1 @@
        +Quidem provident doloremque. Hic maiores blanditiis. Sunt dolore sed.
        \ No newline at end of file
        </diff>
            </file>
          </files>
          <issues>
          </issues>
        </sourcediff>
  recorded_at: Mon, 04 Sep 2023 14:16:11 GMT
- request:
    method: get
    uri: http://backend:5352/source/home:tom:branches:Update/cacti.openSUSE_11.4_Update
    body:
      encoding: US-ASCII
      string: ''
    headers:
      X-Request-Id:
      - 1cb92438-4e4d-4577-a6ea-a2fce9c7d5ea
      Accept-Encoding:
      - gzip;q=1.0,deflate;q=0.6,identity;q=0.3
      Accept:
      - "*/*"
      User-Agent:
      - Ruby
  response:
    status:
      code: 200
      message: OK
    headers:
      Content-Type:
      - text/xml
      Cache-Control:
      - no-cache
      Connection:
      - close
      Content-Length:
      - '310'
    body:
      encoding: UTF-8
      string: |
        <directory name="cacti.openSUSE_11.4_Update" rev="42" vrev="42" srcmd5="4512b4b7aa5f432c70cb50503d00cde2">
          <entry name="DUMMY_FILE" md5="87b43dcf63dc45ed2b813df3d31e6718" size="9" mtime="1693836447"/>
          <entry name="_config" md5="f751686eeda0dd0ed95b9aaa60f5231a" size="70" mtime="1693836969"/>
        </directory>
  recorded_at: Mon, 04 Sep 2023 14:16:12 GMT
- request:
    method: get
    uri: http://backend:5352/source/home:tom:branches:Update/cacti.openSUSE_11.4_Update
    body:
      encoding: US-ASCII
      string: ''
    headers:
      X-Request-Id:
      - 1cb92438-4e4d-4577-a6ea-a2fce9c7d5ea
      Accept-Encoding:
      - gzip;q=1.0,deflate;q=0.6,identity;q=0.3
      Accept:
      - "*/*"
      User-Agent:
      - Ruby
  response:
    status:
      code: 200
      message: OK
    headers:
      Content-Type:
      - text/xml
      Cache-Control:
      - no-cache
      Connection:
      - close
      Content-Length:
      - '310'
    body:
      encoding: UTF-8
      string: |
        <directory name="cacti.openSUSE_11.4_Update" rev="42" vrev="42" srcmd5="4512b4b7aa5f432c70cb50503d00cde2">
          <entry name="DUMMY_FILE" md5="87b43dcf63dc45ed2b813df3d31e6718" size="9" mtime="1693836447"/>
          <entry name="_config" md5="f751686eeda0dd0ed95b9aaa60f5231a" size="70" mtime="1693836969"/>
        </directory>
  recorded_at: Mon, 04 Sep 2023 14:16:12 GMT
- request:
    method: post
    uri: http://backend:5352/source/home:tom:branches:Update/cacti.openSUSE_11.4_Update?cmd=diff&expand=1&filelimit=10000&orev=0&rev=42&tarlimit=10000&view=xml&withissues=1
    body:
      encoding: UTF-8
      string: ''
    headers:
      Content-Type:
      - application/octet-stream
      X-Request-Id:
      - 1cb92438-4e4d-4577-a6ea-a2fce9c7d5ea
      Accept-Encoding:
      - gzip;q=1.0,deflate;q=0.6,identity;q=0.3
      Accept:
      - "*/*"
      User-Agent:
      - Ruby
  response:
    status:
      code: 200
      message: OK
    headers:
      Content-Type:
      - text/xml
      Content-Length:
      - '834'
      Cache-Control:
      - no-cache
      Connection:
      - close
    body:
      encoding: UTF-8
      string: |
        <sourcediff key="a4517e307d7d568c7e436611cb80cb75">
          <old project="home:tom:branches:Update" package="cacti.openSUSE_11.4_Update" rev="0" srcmd5="d41d8cd98f00b204e9800998ecf8427e"/>
          <new project="home:tom:branches:Update" package="cacti.openSUSE_11.4_Update" rev="42" srcmd5="4512b4b7aa5f432c70cb50503d00cde2"/>
          <files>
            <file state="added">
              <new name="DUMMY_FILE" md5="87b43dcf63dc45ed2b813df3d31e6718" size="9"/>
              <diff lines="3">@@ -0,0 +1,1 @@
        +boo#12345
        \ No newline at end of file
        </diff>
            </file>
            <file state="added">
              <new name="_config" md5="f751686eeda0dd0ed95b9aaa60f5231a" size="70"/>
              <diff lines="3">@@ -0,0 +1,1 @@
        +Tempora minus consequuntur. Ducimus magni maiores. Quia et voluptatum.
        \ No newline at end of file
        </diff>
            </file>
          </files>
          <issues>
          </issues>
        </sourcediff>
  recorded_at: Mon, 04 Sep 2023 14:16:12 GMT
- request:
    method: get
    uri: http://backend:5352/source/home:tom:branches:Update/cacti.openSUSE_11.4_Update
    body:
      encoding: US-ASCII
      string: ''
    headers:
      X-Request-Id:
      - 310f6a80-7159-4934-9b6e-c85caf74ad35
      Accept-Encoding:
      - gzip;q=1.0,deflate;q=0.6,identity;q=0.3
      Accept:
      - "*/*"
      User-Agent:
      - Ruby
  response:
    status:
      code: 200
      message: OK
    headers:
      Content-Type:
      - text/xml
      Cache-Control:
      - no-cache
      Connection:
      - close
      Content-Length:
      - '310'
    body:
      encoding: UTF-8
      string: |
        <directory name="cacti.openSUSE_11.4_Update" rev="42" vrev="42" srcmd5="4512b4b7aa5f432c70cb50503d00cde2">
          <entry name="DUMMY_FILE" md5="87b43dcf63dc45ed2b813df3d31e6718" size="9" mtime="1693836447"/>
          <entry name="_config" md5="f751686eeda0dd0ed95b9aaa60f5231a" size="70" mtime="1693836969"/>
        </directory>
  recorded_at: Mon, 04 Sep 2023 14:16:13 GMT
- request:
    method: get
    uri: http://backend:5352/source/home:tom:branches:Update/cacti.openSUSE_11.4_Update
    body:
      encoding: US-ASCII
      string: ''
    headers:
      X-Request-Id:
      - 310f6a80-7159-4934-9b6e-c85caf74ad35
      Accept-Encoding:
      - gzip;q=1.0,deflate;q=0.6,identity;q=0.3
      Accept:
      - "*/*"
      User-Agent:
      - Ruby
  response:
    status:
      code: 200
      message: OK
    headers:
      Content-Type:
      - text/xml
      Cache-Control:
      - no-cache
      Connection:
      - close
      Content-Length:
      - '310'
    body:
      encoding: UTF-8
      string: |
        <directory name="cacti.openSUSE_11.4_Update" rev="42" vrev="42" srcmd5="4512b4b7aa5f432c70cb50503d00cde2">
          <entry name="DUMMY_FILE" md5="87b43dcf63dc45ed2b813df3d31e6718" size="9" mtime="1693836447"/>
          <entry name="_config" md5="f751686eeda0dd0ed95b9aaa60f5231a" size="70" mtime="1693836969"/>
        </directory>
  recorded_at: Mon, 04 Sep 2023 14:16:14 GMT
- request:
    method: post
    uri: http://backend:5352/source/home:tom:branches:Update/cacti.openSUSE_11.4_Update?cmd=diff&expand=1&filelimit=10000&orev=0&rev=42&tarlimit=10000&view=xml&withissues=1
    body:
      encoding: UTF-8
      string: ''
    headers:
      Content-Type:
      - application/octet-stream
      X-Request-Id:
      - 310f6a80-7159-4934-9b6e-c85caf74ad35
      Accept-Encoding:
      - gzip;q=1.0,deflate;q=0.6,identity;q=0.3
      Accept:
      - "*/*"
      User-Agent:
      - Ruby
  response:
    status:
      code: 200
      message: OK
    headers:
      Content-Type:
      - text/xml
      Content-Length:
      - '834'
      Cache-Control:
      - no-cache
      Connection:
      - close
    body:
      encoding: UTF-8
      string: |
        <sourcediff key="a4517e307d7d568c7e436611cb80cb75">
          <old project="home:tom:branches:Update" package="cacti.openSUSE_11.4_Update" rev="0" srcmd5="d41d8cd98f00b204e9800998ecf8427e"/>
          <new project="home:tom:branches:Update" package="cacti.openSUSE_11.4_Update" rev="42" srcmd5="4512b4b7aa5f432c70cb50503d00cde2"/>
          <files>
            <file state="added">
              <new name="DUMMY_FILE" md5="87b43dcf63dc45ed2b813df3d31e6718" size="9"/>
              <diff lines="3">@@ -0,0 +1,1 @@
        +boo#12345
        \ No newline at end of file
        </diff>
            </file>
            <file state="added">
              <new name="_config" md5="f751686eeda0dd0ed95b9aaa60f5231a" size="70"/>
              <diff lines="3">@@ -0,0 +1,1 @@
        +Tempora minus consequuntur. Ducimus magni maiores. Quia et voluptatum.
        \ No newline at end of file
        </diff>
            </file>
          </files>
          <issues>
          </issues>
        </sourcediff>
  recorded_at: Mon, 04 Sep 2023 14:16:14 GMT
- request:
    method: get
    uri: http://backend:5352/source/home:tom:branches:Update/cacti.openSUSE_11.4_Update
    body:
      encoding: US-ASCII
      string: ''
    headers:
      X-Request-Id:
      - 6d640588-9388-4404-9b1b-304d59e485b7
      Accept-Encoding:
      - gzip;q=1.0,deflate;q=0.6,identity;q=0.3
      Accept:
      - "*/*"
      User-Agent:
      - Ruby
  response:
    status:
      code: 200
      message: OK
    headers:
      Content-Type:
      - text/xml
      Cache-Control:
      - no-cache
      Connection:
      - close
      Content-Length:
      - '310'
    body:
      encoding: UTF-8
      string: |
        <directory name="cacti.openSUSE_11.4_Update" rev="42" vrev="42" srcmd5="4512b4b7aa5f432c70cb50503d00cde2">
          <entry name="DUMMY_FILE" md5="87b43dcf63dc45ed2b813df3d31e6718" size="9" mtime="1693836447"/>
          <entry name="_config" md5="f751686eeda0dd0ed95b9aaa60f5231a" size="70" mtime="1693836969"/>
        </directory>
  recorded_at: Mon, 04 Sep 2023 14:16:14 GMT
- request:
    method: get
    uri: http://backend:5352/source/home:tom:branches:Update/cacti.openSUSE_11.4_Update?expand=1
    body:
      encoding: US-ASCII
      string: ''
    headers:
      X-Request-Id:
      - 6d640588-9388-4404-9b1b-304d59e485b7
      Accept-Encoding:
      - gzip;q=1.0,deflate;q=0.6,identity;q=0.3
      Accept:
      - "*/*"
      User-Agent:
      - Ruby
  response:
    status:
      code: 200
      message: OK
    headers:
      Content-Type:
      - text/xml
      Cache-Control:
      - no-cache
      Connection:
      - close
      Content-Length:
      - '310'
    body:
      encoding: UTF-8
      string: |
        <directory name="cacti.openSUSE_11.4_Update" rev="42" vrev="42" srcmd5="4512b4b7aa5f432c70cb50503d00cde2">
          <entry name="DUMMY_FILE" md5="87b43dcf63dc45ed2b813df3d31e6718" size="9" mtime="1693836447"/>
          <entry name="_config" md5="f751686eeda0dd0ed95b9aaa60f5231a" size="70" mtime="1693836969"/>
        </directory>
  recorded_at: Mon, 04 Sep 2023 14:16:14 GMT
- request:
    method: get
    uri: http://backend:5352/source/home:tom:branches:Update/cacti.openSUSE_11.5_Update
    body:
      encoding: US-ASCII
      string: ''
    headers:
      X-Request-Id:
      - 6d640588-9388-4404-9b1b-304d59e485b7
      Accept-Encoding:
      - gzip;q=1.0,deflate;q=0.6,identity;q=0.3
      Accept:
      - "*/*"
      User-Agent:
      - Ruby
  response:
    status:
      code: 200
      message: OK
    headers:
      Content-Type:
      - text/xml
      Cache-Control:
      - no-cache
      Connection:
      - close
      Content-Length:
      - '310'
    body:
      encoding: UTF-8
      string: |
        <directory name="cacti.openSUSE_11.5_Update" rev="42" vrev="42" srcmd5="0e731234abfe9025fee98f2657c7f6e5">
          <entry name="DUMMY_FILE" md5="87b43dcf63dc45ed2b813df3d31e6718" size="9" mtime="1693836447"/>
          <entry name="_config" md5="f31b8767414511305ff4b9dd09847e0a" size="69" mtime="1693836969"/>
        </directory>
  recorded_at: Mon, 04 Sep 2023 14:16:14 GMT
- request:
    method: get
    uri: http://backend:5352/source/home:tom:branches:Update/cacti.openSUSE_11.5_Update?expand=1
    body:
      encoding: US-ASCII
      string: ''
    headers:
      X-Request-Id:
      - 6d640588-9388-4404-9b1b-304d59e485b7
      Accept-Encoding:
      - gzip;q=1.0,deflate;q=0.6,identity;q=0.3
      Accept:
      - "*/*"
      User-Agent:
      - Ruby
  response:
    status:
      code: 200
      message: OK
    headers:
      Content-Type:
      - text/xml
      Cache-Control:
      - no-cache
      Connection:
      - close
      Content-Length:
      - '310'
    body:
      encoding: UTF-8
      string: |
        <directory name="cacti.openSUSE_11.5_Update" rev="42" vrev="42" srcmd5="0e731234abfe9025fee98f2657c7f6e5">
          <entry name="DUMMY_FILE" md5="87b43dcf63dc45ed2b813df3d31e6718" size="9" mtime="1693836447"/>
          <entry name="_config" md5="f31b8767414511305ff4b9dd09847e0a" size="69" mtime="1693836969"/>
        </directory>
  recorded_at: Mon, 04 Sep 2023 14:16:14 GMT
- request:
    method: get
    uri: http://backend:5352/source/home:tom:branches:Update/cacti.openSUSE_11.4_Update?expand=1
    body:
      encoding: US-ASCII
      string: ''
    headers:
      X-Request-Id:
      - 6d640588-9388-4404-9b1b-304d59e485b7
      Accept-Encoding:
      - gzip;q=1.0,deflate;q=0.6,identity;q=0.3
      Accept:
      - "*/*"
      User-Agent:
      - Ruby
  response:
    status:
      code: 200
      message: OK
    headers:
      Content-Type:
      - text/xml
      Cache-Control:
      - no-cache
      Connection:
      - close
      Content-Length:
      - '310'
    body:
      encoding: UTF-8
      string: |
        <directory name="cacti.openSUSE_11.4_Update" rev="42" vrev="42" srcmd5="4512b4b7aa5f432c70cb50503d00cde2">
          <entry name="DUMMY_FILE" md5="87b43dcf63dc45ed2b813df3d31e6718" size="9" mtime="1693836447"/>
          <entry name="_config" md5="f751686eeda0dd0ed95b9aaa60f5231a" size="70" mtime="1693836969"/>
        </directory>
  recorded_at: Mon, 04 Sep 2023 14:16:14 GMT
- request:
    method: get
    uri: http://backend:5352/source/home:tom:branches:Update/cacti.openSUSE_11.5_Update?expand=1
    body:
      encoding: US-ASCII
      string: ''
    headers:
      X-Request-Id:
      - 6d640588-9388-4404-9b1b-304d59e485b7
      Accept-Encoding:
      - gzip;q=1.0,deflate;q=0.6,identity;q=0.3
      Accept:
      - "*/*"
      User-Agent:
      - Ruby
  response:
    status:
      code: 200
      message: OK
    headers:
      Content-Type:
      - text/xml
      Cache-Control:
      - no-cache
      Connection:
      - close
      Content-Length:
      - '310'
    body:
      encoding: UTF-8
      string: |
        <directory name="cacti.openSUSE_11.5_Update" rev="42" vrev="42" srcmd5="0e731234abfe9025fee98f2657c7f6e5">
          <entry name="DUMMY_FILE" md5="87b43dcf63dc45ed2b813df3d31e6718" size="9" mtime="1693836447"/>
          <entry name="_config" md5="f31b8767414511305ff4b9dd09847e0a" size="69" mtime="1693836969"/>
        </directory>
  recorded_at: Mon, 04 Sep 2023 14:16:14 GMT
- request:
    method: put
    uri: http://backend:5352/source/MaintenanceProject:0/_meta?requestid=1&user=maintenance_coord
    body:
      encoding: UTF-8
      string: |
        <project name="MaintenanceProject:0" kind="maintenance_incident">
          <title/>
          <description/>
          <person userid="maintenance_coord" role="bugowner"/>
          <person userid="maintenance_coord" role="maintainer"/>
          <build>
            <disable/>
          </build>
          <publish>
            <disable/>
          </publish>
        </project>
    headers:
      X-Request-Id:
      - 6d640588-9388-4404-9b1b-304d59e485b7
      Accept-Encoding:
      - gzip;q=1.0,deflate;q=0.6,identity;q=0.3
      Accept:
      - "*/*"
      User-Agent:
      - Ruby
  response:
    status:
      code: 200
      message: OK
    headers:
      Content-Type:
      - text/xml
      Cache-Control:
      - no-cache
      Connection:
      - close
      Content-Length:
      - '313'
    body:
      encoding: UTF-8
      string: |
        <project name="MaintenanceProject:0" kind="maintenance_incident">
          <title></title>
          <description></description>
          <person userid="maintenance_coord" role="bugowner"/>
          <person userid="maintenance_coord" role="maintainer"/>
          <build>
            <disable/>
          </build>
          <publish>
            <disable/>
          </publish>
        </project>
  recorded_at: Mon, 04 Sep 2023 14:16:14 GMT
- request:
    method: get
    uri: http://backend:5352/source/home:tom:branches:Update/cacti.openSUSE_11.4_Update
    body:
      encoding: US-ASCII
      string: ''
    headers:
      X-Request-Id:
      - 6d640588-9388-4404-9b1b-304d59e485b7
      Accept-Encoding:
      - gzip;q=1.0,deflate;q=0.6,identity;q=0.3
      Accept:
      - "*/*"
      User-Agent:
      - Ruby
  response:
    status:
      code: 200
      message: OK
    headers:
      Content-Type:
      - text/xml
      Cache-Control:
      - no-cache
      Connection:
      - close
      Content-Length:
      - '310'
    body:
      encoding: UTF-8
      string: |
        <directory name="cacti.openSUSE_11.4_Update" rev="42" vrev="42" srcmd5="4512b4b7aa5f432c70cb50503d00cde2">
          <entry name="DUMMY_FILE" md5="87b43dcf63dc45ed2b813df3d31e6718" size="9" mtime="1693836447"/>
          <entry name="_config" md5="f751686eeda0dd0ed95b9aaa60f5231a" size="70" mtime="1693836969"/>
        </directory>
  recorded_at: Mon, 04 Sep 2023 14:16:14 GMT
- request:
    method: get
    uri: http://backend:5352/source/openSUSE:11.4:Update/cacti.openSUSE_11.4_Update
    body:
      encoding: US-ASCII
      string: ''
    headers:
      Accept-Encoding:
      - gzip;q=1.0,deflate;q=0.6,identity;q=0.3
      Accept:
      - "*/*"
      User-Agent:
      - Ruby
  response:
    status:
      code: 404
      message: package 'cacti.openSUSE_11.4_Update' does not exist
    headers:
      Content-Type:
      - text/xml
      Cache-Control:
      - no-cache
      Connection:
      - close
      Content-Length:
      - '180'
    body:
      encoding: UTF-8
      string: |
        <status code="404">
          <summary>package 'cacti.openSUSE_11.4_Update' does not exist</summary>
          <details>404 package 'cacti.openSUSE_11.4_Update' does not exist</details>
        </status>
  recorded_at: Mon, 04 Sep 2023 14:16:14 GMT
- request:
    method: put
    uri: http://backend:5352/source/MaintenanceProject:0/cacti.openSUSE_11.4_Update.openSUSE_11.4_Update/_meta?user=maintenance_coord
    body:
      encoding: UTF-8
      string: |
        <package name="cacti.openSUSE_11.4_Update.openSUSE_11.4_Update" project="MaintenanceProject:0">
          <title/>
          <description/>
          <releasename>cacti.openSUSE_11.4_Update</releasename>
        </package>
    headers:
      Accept-Encoding:
      - gzip;q=1.0,deflate;q=0.6,identity;q=0.3
      Accept:
      - "*/*"
      User-Agent:
      - Ruby
  response:
    status:
      code: 200
      message: OK
    headers:
      Content-Type:
      - text/xml
      Cache-Control:
      - no-cache
      Connection:
      - close
      Content-Length:
      - '211'
    body:
      encoding: UTF-8
      string: |
        <package name="cacti.openSUSE_11.4_Update.openSUSE_11.4_Update" project="MaintenanceProject:0">
          <title></title>
          <description></description>
          <releasename>cacti.openSUSE_11.4_Update</releasename>
        </package>
  recorded_at: Mon, 04 Sep 2023 14:16:14 GMT
- request:
    method: post
    uri: http://backend:5352/source/MaintenanceProject:0/cacti.openSUSE_11.4_Update.openSUSE_11.4_Update?cmd=branch&missingok=1&noservice=1&opackage=cacti.openSUSE_11.4_Update&oproject=openSUSE:11.4:Update&user=maintenance_coord
    body:
      encoding: UTF-8
      string: ''
    headers:
      Content-Type:
      - application/octet-stream
      Accept-Encoding:
      - gzip;q=1.0,deflate;q=0.6,identity;q=0.3
      Accept:
      - "*/*"
      User-Agent:
      - Ruby
  response:
    status:
      code: 200
      message: OK
    headers:
      Content-Type:
      - text/xml
      Cache-Control:
      - no-cache
      Connection:
      - close
      Content-Length:
      - '219'
    body:
      encoding: UTF-8
      string: |
        <revision rev="19" vrev="19">
          <srcmd5>1062589906c6eb53389501c6582ca7fe</srcmd5>
          <version>unknown</version>
          <time>1693836974</time>
          <user>maintenance_coord</user>
          <comment></comment>
          <requestid/>
        </revision>
  recorded_at: Mon, 04 Sep 2023 14:16:14 GMT
- request:
    method: put
    uri: http://backend:5352/source/MaintenanceProject:0/cacti.openSUSE_11.4_Update.openSUSE_11.4_Update/_meta?user=maintenance_coord
    body:
      encoding: UTF-8
      string: |
        <package name="cacti.openSUSE_11.4_Update.openSUSE_11.4_Update" project="MaintenanceProject:0">
          <title/>
          <description/>
          <releasename>cacti.openSUSE_11.4_Update</releasename>
        </package>
    headers:
      Accept-Encoding:
      - gzip;q=1.0,deflate;q=0.6,identity;q=0.3
      Accept:
      - "*/*"
      User-Agent:
      - Ruby
  response:
    status:
      code: 200
      message: OK
    headers:
      Content-Type:
      - text/xml
      Cache-Control:
      - no-cache
      Connection:
      - close
      Content-Length:
      - '211'
    body:
      encoding: UTF-8
      string: |
        <package name="cacti.openSUSE_11.4_Update.openSUSE_11.4_Update" project="MaintenanceProject:0">
          <title></title>
          <description></description>
          <releasename>cacti.openSUSE_11.4_Update</releasename>
        </package>
  recorded_at: Mon, 04 Sep 2023 14:16:14 GMT
- request:
    method: get
    uri: http://backend:5352/source/MaintenanceProject:0/cacti.openSUSE_11.4_Update.openSUSE_11.4_Update
    body:
      encoding: US-ASCII
      string: ''
    headers:
      Accept-Encoding:
      - gzip;q=1.0,deflate;q=0.6,identity;q=0.3
      Accept:
      - "*/*"
      User-Agent:
      - Ruby
  response:
    status:
      code: 200
      message: OK
    headers:
      Content-Type:
      - text/xml
      Cache-Control:
      - no-cache
      Connection:
      - close
      Content-Length:
      - '504'
    body:
      encoding: UTF-8
      string: |
        <directory name="cacti.openSUSE_11.4_Update.openSUSE_11.4_Update" rev="19" vrev="19" srcmd5="1062589906c6eb53389501c6582ca7fe">
          <linkinfo project="openSUSE:11.4:Update" package="cacti.openSUSE_11.4_Update" srcmd5="d41d8cd98f00b204e9800998ecf8427e" baserev="d41d8cd98f00b204e9800998ecf8427e" missingok="true" xsrcmd5="c87739c700845785205cfcc81d12a272" lsrcmd5="1062589906c6eb53389501c6582ca7fe"/>
          <entry name="_link" md5="129fa54b79aba2ae80fb6bbf0e0603bb" size="182" mtime="1693836491"/>
        </directory>
  recorded_at: Mon, 04 Sep 2023 14:16:14 GMT
- request:
    method: get
    uri: http://backend:5352/source/MaintenanceProject:0/cacti.openSUSE_11.4_Update.openSUSE_11.4_Update?view=info
    body:
      encoding: US-ASCII
      string: ''
    headers:
      X-Request-Id:
      - 6d640588-9388-4404-9b1b-304d59e485b7
      Accept-Encoding:
      - gzip;q=1.0,deflate;q=0.6,identity;q=0.3
      Accept:
      - "*/*"
      User-Agent:
      - Ruby
  response:
    status:
      code: 200
      message: OK
    headers:
      Content-Type:
      - text/xml
      Cache-Control:
      - no-cache
      Connection:
      - close
      Content-Length:
      - '463'
    body:
      encoding: UTF-8
      string: |
        <sourceinfo package="cacti.openSUSE_11.4_Update.openSUSE_11.4_Update" rev="19" vrev="19" srcmd5="c87739c700845785205cfcc81d12a272" lsrcmd5="1062589906c6eb53389501c6582ca7fe" verifymd5="d41d8cd98f00b204e9800998ecf8427e">
          <error>bad build configuration, no build type defined or detected</error>
          <linked project="openSUSE:11.4:Update" package="cacti.openSUSE_11.4_Update"/>
          <linked project="openSUSE:11.4" package="cacti.openSUSE_11.4_Update"/>
        </sourceinfo>
  recorded_at: Mon, 04 Sep 2023 14:16:15 GMT
- request:
    method: get
    uri: http://backend:5352/source/MaintenanceProject:0/cacti.openSUSE_11.4_Update.openSUSE_11.4_Update
    body:
      encoding: US-ASCII
      string: ''
    headers:
      X-Request-Id:
      - 6d640588-9388-4404-9b1b-304d59e485b7
      Accept-Encoding:
      - gzip;q=1.0,deflate;q=0.6,identity;q=0.3
      Accept:
      - "*/*"
      User-Agent:
      - Ruby
  response:
    status:
      code: 200
      message: OK
    headers:
      Content-Type:
      - text/xml
      Cache-Control:
      - no-cache
      Connection:
      - close
      Content-Length:
      - '504'
    body:
      encoding: UTF-8
      string: |
        <directory name="cacti.openSUSE_11.4_Update.openSUSE_11.4_Update" rev="19" vrev="19" srcmd5="1062589906c6eb53389501c6582ca7fe">
          <linkinfo project="openSUSE:11.4:Update" package="cacti.openSUSE_11.4_Update" srcmd5="d41d8cd98f00b204e9800998ecf8427e" baserev="d41d8cd98f00b204e9800998ecf8427e" missingok="true" xsrcmd5="c87739c700845785205cfcc81d12a272" lsrcmd5="1062589906c6eb53389501c6582ca7fe"/>
          <entry name="_link" md5="129fa54b79aba2ae80fb6bbf0e0603bb" size="182" mtime="1693836491"/>
        </directory>
  recorded_at: Mon, 04 Sep 2023 14:16:15 GMT
- request:
    method: post
    uri: http://backend:5352/source/MaintenanceProject:0/cacti.openSUSE_11.4_Update.openSUSE_11.4_Update?cmd=diff&linkrev=base&onlyissues=1&orev=0&view=xml
    body:
      encoding: UTF-8
      string: ''
    headers:
      Content-Type:
      - application/octet-stream
      Accept-Encoding:
      - gzip;q=1.0,deflate;q=0.6,identity;q=0.3
      Accept:
      - "*/*"
      User-Agent:
      - Ruby
  response:
    status:
      code: 200
      message: OK
    headers:
      Content-Type:
      - text/xml
      Cache-Control:
      - no-cache
      Connection:
      - close
      Content-Length:
      - '397'
    body:
      encoding: UTF-8
      string: |
        <sourcediff key="0b45ce2319bd7a0724db2b0e93ed5318">
          <old project="MaintenanceProject:0" package="cacti.openSUSE_11.4_Update.openSUSE_11.4_Update" rev="0" srcmd5="d41d8cd98f00b204e9800998ecf8427e"/>
          <new project="MaintenanceProject:0" package="cacti.openSUSE_11.4_Update.openSUSE_11.4_Update" rev="19" srcmd5="1062589906c6eb53389501c6582ca7fe"/>
          <files/>
          <issues>
          </issues>
        </sourcediff>
  recorded_at: Mon, 04 Sep 2023 14:16:15 GMT
- request:
    method: post
    uri: http://backend:5352/source/MaintenanceProject:0/cacti.openSUSE_11.4_Update.openSUSE_11.4_Update?cmd=linkdiff&linkrev=base&onlyissues=1&view=xml
    body:
      encoding: UTF-8
      string: ''
    headers:
      Content-Type:
      - application/octet-stream
      Accept-Encoding:
      - gzip;q=1.0,deflate;q=0.6,identity;q=0.3
      Accept:
      - "*/*"
      User-Agent:
      - Ruby
  response:
    status:
      code: 200
      message: OK
    headers:
      Content-Type:
      - text/xml
      Content-Length:
      - '406'
      Cache-Control:
      - no-cache
      Connection:
      - close
    body:
      encoding: UTF-8
      string: |
        <sourcediff key="3f09f9148c955033898bce41ea49c5c5">
          <old project="openSUSE:11.4:Update" package="cacti.openSUSE_11.4_Update" rev="0" srcmd5="d41d8cd98f00b204e9800998ecf8427e"/>
          <new project="MaintenanceProject:0" package="cacti.openSUSE_11.4_Update.openSUSE_11.4_Update" rev="c87739c700845785205cfcc81d12a272" srcmd5="c87739c700845785205cfcc81d12a272"/>
          <files/>
          <issues>
          </issues>
        </sourcediff>
  recorded_at: Mon, 04 Sep 2023 14:16:15 GMT
- request:
    method: put
    uri: http://backend:5352/source/MaintenanceProject:0/cacti.openSUSE_11.4_Update.openSUSE_11.4_Update/_meta?user=maintenance_coord
    body:
      encoding: UTF-8
      string: |
        <package name="cacti.openSUSE_11.4_Update.openSUSE_11.4_Update" project="MaintenanceProject:0">
          <title/>
          <description/>
          <releasename>cacti.openSUSE_11.4_Update</releasename>
          <build>
            <enable repository="openSUSE_11.4_Update"/>
          </build>
        </package>
    headers:
      Accept-Encoding:
      - gzip;q=1.0,deflate;q=0.6,identity;q=0.3
      Accept:
      - "*/*"
      User-Agent:
      - Ruby
  response:
    status:
      code: 200
      message: OK
    headers:
      Content-Type:
      - text/xml
      Cache-Control:
      - no-cache
      Connection:
      - close
      Content-Length:
      - '280'
    body:
      encoding: UTF-8
      string: |
        <package name="cacti.openSUSE_11.4_Update.openSUSE_11.4_Update" project="MaintenanceProject:0">
          <title></title>
          <description></description>
          <releasename>cacti.openSUSE_11.4_Update</releasename>
          <build>
            <enable repository="openSUSE_11.4_Update"/>
          </build>
        </package>
  recorded_at: Mon, 04 Sep 2023 14:16:15 GMT
- request:
    method: get
    uri: http://backend:5352/source/MaintenanceProject:0/cacti.openSUSE_11.4_Update.openSUSE_11.4_Update
    body:
      encoding: US-ASCII
      string: ''
    headers:
      X-Request-Id:
      - 6d640588-9388-4404-9b1b-304d59e485b7
      Accept-Encoding:
      - gzip;q=1.0,deflate;q=0.6,identity;q=0.3
      Accept:
      - "*/*"
      User-Agent:
      - Ruby
  response:
    status:
      code: 200
      message: OK
    headers:
      Content-Type:
      - text/xml
      Cache-Control:
      - no-cache
      Connection:
      - close
      Content-Length:
      - '504'
    body:
      encoding: UTF-8
      string: |
        <directory name="cacti.openSUSE_11.4_Update.openSUSE_11.4_Update" rev="19" vrev="19" srcmd5="1062589906c6eb53389501c6582ca7fe">
          <linkinfo project="openSUSE:11.4:Update" package="cacti.openSUSE_11.4_Update" srcmd5="d41d8cd98f00b204e9800998ecf8427e" baserev="d41d8cd98f00b204e9800998ecf8427e" missingok="true" xsrcmd5="c87739c700845785205cfcc81d12a272" lsrcmd5="1062589906c6eb53389501c6582ca7fe"/>
          <entry name="_link" md5="129fa54b79aba2ae80fb6bbf0e0603bb" size="182" mtime="1693836491"/>
        </directory>
  recorded_at: Mon, 04 Sep 2023 14:16:15 GMT
- request:
    method: put
    uri: http://backend:5352/source/MaintenanceProject:0/_meta?user=maintenance_coord
    body:
      encoding: UTF-8
      string: |
        <project name="MaintenanceProject:0" kind="maintenance_incident">
          <title/>
          <description/>
          <person userid="maintenance_coord" role="bugowner"/>
          <person userid="maintenance_coord" role="maintainer"/>
          <build>
            <disable/>
          </build>
          <publish>
            <disable/>
          </publish>
          <repository name="openSUSE_11.4_Update">
            <releasetarget project="openSUSE:11.4:Update" repository="repository_33" trigger="maintenance"/>
            <path project="openSUSE:11.4:Update" repository="repository_33"/>
            <arch>i586</arch>
          </repository>
        </project>
    headers:
      X-Request-Id:
      - 6d640588-9388-4404-9b1b-304d59e485b7
      Accept-Encoding:
      - gzip;q=1.0,deflate;q=0.6,identity;q=0.3
      Accept:
      - "*/*"
      User-Agent:
      - Ruby
  response:
    status:
      code: 200
      message: OK
    headers:
      Content-Type:
      - text/xml
      Cache-Control:
      - no-cache
      Connection:
      - close
      Content-Length:
      - '565'
    body:
      encoding: UTF-8
      string: |
        <project name="MaintenanceProject:0" kind="maintenance_incident">
          <title></title>
          <description></description>
          <person userid="maintenance_coord" role="bugowner"/>
          <person userid="maintenance_coord" role="maintainer"/>
          <build>
            <disable/>
          </build>
          <publish>
            <disable/>
          </publish>
          <repository name="openSUSE_11.4_Update">
            <releasetarget project="openSUSE:11.4:Update" repository="repository_33" trigger="maintenance"/>
            <path project="openSUSE:11.4:Update" repository="repository_33"/>
            <arch>i586</arch>
          </repository>
        </project>
  recorded_at: Mon, 04 Sep 2023 14:16:15 GMT
- request:
    method: post
    uri: http://backend:5352/source/MaintenanceProject:0/cacti.openSUSE_11.4_Update.openSUSE_11.4_Update?cmd=copy&comment=Maintenance%20incident%20copy%20from%20project%20home:tom:branches:Update&expand=1&keeplink=1&opackage=cacti.openSUSE_11.4_Update&oproject=home:tom:branches:Update&requestid=1&user=maintenance_coord&withacceptinfo=1
    body:
      encoding: UTF-8
      string: ''
    headers:
      Content-Type:
      - application/octet-stream
      X-Request-Id:
      - 6d640588-9388-4404-9b1b-304d59e485b7
      Accept-Encoding:
      - gzip;q=1.0,deflate;q=0.6,identity;q=0.3
      Accept:
      - "*/*"
      User-Agent:
      - Ruby
  response:
    status:
      code: 200
      message: OK
    headers:
      Content-Type:
      - text/xml
      Cache-Control:
      - no-cache
      Connection:
      - close
      Content-Length:
      - '491'
    body:
      encoding: UTF-8
      string: |
        <revision rev="20" vrev="20">
          <srcmd5>e98dbdad7b7284d2e21be9802ee06860</srcmd5>
          <version>unknown</version>
          <time>1693836975</time>
          <user>maintenance_coord</user>
          <comment>Maintenance incident copy from project home:tom:branches:Update</comment>
          <requestid>1</requestid>
          <acceptinfo rev="20" srcmd5="e98dbdad7b7284d2e21be9802ee06860" osrcmd5="1062589906c6eb53389501c6582ca7fe" xsrcmd5="2659cc753e7a90c9249c012aa0c7ccfa" oxsrcmd5="c87739c700845785205cfcc81d12a272"/>
        </revision>
  recorded_at: Mon, 04 Sep 2023 14:16:15 GMT
- request:
    method: put
    uri: http://backend:5352/source/MaintenanceProject:0/cacti.openSUSE_11.4_Update.openSUSE_11.4_Update/_meta?user=maintenance_coord
    body:
      encoding: UTF-8
      string: |
        <package name="cacti.openSUSE_11.4_Update.openSUSE_11.4_Update" project="MaintenanceProject:0">
          <title/>
          <description/>
          <releasename>cacti.openSUSE_11.4_Update</releasename>
          <build>
            <enable repository="openSUSE_11.4_Update"/>
          </build>
        </package>
    headers:
      Accept-Encoding:
      - gzip;q=1.0,deflate;q=0.6,identity;q=0.3
      Accept:
      - "*/*"
      User-Agent:
      - Ruby
  response:
    status:
      code: 200
      message: OK
    headers:
      Content-Type:
      - text/xml
      Cache-Control:
      - no-cache
      Connection:
      - close
      Content-Length:
      - '280'
    body:
      encoding: UTF-8
      string: |
        <package name="cacti.openSUSE_11.4_Update.openSUSE_11.4_Update" project="MaintenanceProject:0">
          <title></title>
          <description></description>
          <releasename>cacti.openSUSE_11.4_Update</releasename>
          <build>
            <enable repository="openSUSE_11.4_Update"/>
          </build>
        </package>
  recorded_at: Mon, 04 Sep 2023 14:16:15 GMT
- request:
    method: get
    uri: http://backend:5352/source/MaintenanceProject:0/cacti.openSUSE_11.4_Update.openSUSE_11.4_Update
    body:
      encoding: US-ASCII
      string: ''
    headers:
      Accept-Encoding:
      - gzip;q=1.0,deflate;q=0.6,identity;q=0.3
      Accept:
      - "*/*"
      User-Agent:
      - Ruby
  response:
    status:
      code: 200
      message: OK
    headers:
      Content-Type:
      - text/xml
      Cache-Control:
      - no-cache
      Connection:
      - close
      Content-Length:
      - '694'
    body:
      encoding: UTF-8
      string: |
        <directory name="cacti.openSUSE_11.4_Update.openSUSE_11.4_Update" rev="20" vrev="20" srcmd5="e98dbdad7b7284d2e21be9802ee06860">
          <linkinfo project="openSUSE:11.4:Update" package="cacti.openSUSE_11.4_Update" srcmd5="d41d8cd98f00b204e9800998ecf8427e" baserev="d41d8cd98f00b204e9800998ecf8427e" missingok="true" xsrcmd5="2659cc753e7a90c9249c012aa0c7ccfa" lsrcmd5="e98dbdad7b7284d2e21be9802ee06860"/>
          <entry name="DUMMY_FILE" md5="87b43dcf63dc45ed2b813df3d31e6718" size="9" mtime="1693836447"/>
          <entry name="_config" md5="f751686eeda0dd0ed95b9aaa60f5231a" size="70" mtime="1693836969"/>
          <entry name="_link" md5="129fa54b79aba2ae80fb6bbf0e0603bb" size="182" mtime="1693836491"/>
        </directory>
  recorded_at: Mon, 04 Sep 2023 14:16:15 GMT
- request:
    method: get
    uri: http://backend:5352/source/MaintenanceProject:0/cacti.openSUSE_11.4_Update.openSUSE_11.4_Update?view=info
    body:
      encoding: US-ASCII
      string: ''
    headers:
      X-Request-Id:
      - 6d640588-9388-4404-9b1b-304d59e485b7
      Accept-Encoding:
      - gzip;q=1.0,deflate;q=0.6,identity;q=0.3
      Accept:
      - "*/*"
      User-Agent:
      - Ruby
  response:
    status:
      code: 200
      message: OK
    headers:
      Content-Type:
      - text/xml
      Cache-Control:
      - no-cache
      Connection:
      - close
      Content-Length:
      - '463'
    body:
      encoding: UTF-8
      string: |
        <sourceinfo package="cacti.openSUSE_11.4_Update.openSUSE_11.4_Update" rev="20" vrev="20" srcmd5="2659cc753e7a90c9249c012aa0c7ccfa" lsrcmd5="e98dbdad7b7284d2e21be9802ee06860" verifymd5="4512b4b7aa5f432c70cb50503d00cde2">
          <error>bad build configuration, no build type defined or detected</error>
          <linked project="openSUSE:11.4:Update" package="cacti.openSUSE_11.4_Update"/>
          <linked project="openSUSE:11.4" package="cacti.openSUSE_11.4_Update"/>
        </sourceinfo>
  recorded_at: Mon, 04 Sep 2023 14:16:15 GMT
- request:
    method: get
    uri: http://backend:5352/source/MaintenanceProject:0/cacti.openSUSE_11.4_Update.openSUSE_11.4_Update
    body:
      encoding: US-ASCII
      string: ''
    headers:
      X-Request-Id:
      - 6d640588-9388-4404-9b1b-304d59e485b7
      Accept-Encoding:
      - gzip;q=1.0,deflate;q=0.6,identity;q=0.3
      Accept:
      - "*/*"
      User-Agent:
      - Ruby
  response:
    status:
      code: 200
      message: OK
    headers:
      Content-Type:
      - text/xml
      Cache-Control:
      - no-cache
      Connection:
      - close
      Content-Length:
      - '694'
    body:
      encoding: UTF-8
      string: |
        <directory name="cacti.openSUSE_11.4_Update.openSUSE_11.4_Update" rev="20" vrev="20" srcmd5="e98dbdad7b7284d2e21be9802ee06860">
          <linkinfo project="openSUSE:11.4:Update" package="cacti.openSUSE_11.4_Update" srcmd5="d41d8cd98f00b204e9800998ecf8427e" baserev="d41d8cd98f00b204e9800998ecf8427e" missingok="true" xsrcmd5="2659cc753e7a90c9249c012aa0c7ccfa" lsrcmd5="e98dbdad7b7284d2e21be9802ee06860"/>
          <entry name="DUMMY_FILE" md5="87b43dcf63dc45ed2b813df3d31e6718" size="9" mtime="1693836447"/>
          <entry name="_config" md5="f751686eeda0dd0ed95b9aaa60f5231a" size="70" mtime="1693836969"/>
          <entry name="_link" md5="129fa54b79aba2ae80fb6bbf0e0603bb" size="182" mtime="1693836491"/>
        </directory>
  recorded_at: Mon, 04 Sep 2023 14:16:15 GMT
- request:
    method: post
    uri: http://backend:5352/source/MaintenanceProject:0/cacti.openSUSE_11.4_Update.openSUSE_11.4_Update?cmd=diff&linkrev=base&onlyissues=1&orev=0&view=xml
    body:
      encoding: UTF-8
      string: ''
    headers:
      Content-Type:
      - application/octet-stream
      Accept-Encoding:
      - gzip;q=1.0,deflate;q=0.6,identity;q=0.3
      Accept:
      - "*/*"
      User-Agent:
      - Ruby
  response:
    status:
      code: 200
      message: OK
    headers:
      Content-Type:
      - text/xml
      Cache-Control:
      - no-cache
      Connection:
      - close
      Content-Length:
      - '397'
    body:
      encoding: UTF-8
      string: |
        <sourcediff key="5db84612ae004e69699b15db77201792">
          <old project="MaintenanceProject:0" package="cacti.openSUSE_11.4_Update.openSUSE_11.4_Update" rev="0" srcmd5="d41d8cd98f00b204e9800998ecf8427e"/>
          <new project="MaintenanceProject:0" package="cacti.openSUSE_11.4_Update.openSUSE_11.4_Update" rev="20" srcmd5="e98dbdad7b7284d2e21be9802ee06860"/>
          <files/>
          <issues>
          </issues>
        </sourcediff>
  recorded_at: Mon, 04 Sep 2023 14:16:15 GMT
- request:
    method: post
    uri: http://backend:5352/source/MaintenanceProject:0/cacti.openSUSE_11.4_Update.openSUSE_11.4_Update?cmd=linkdiff&linkrev=base&onlyissues=1&view=xml
    body:
      encoding: UTF-8
      string: ''
    headers:
      Content-Type:
      - application/octet-stream
      Accept-Encoding:
      - gzip;q=1.0,deflate;q=0.6,identity;q=0.3
      Accept:
      - "*/*"
      User-Agent:
      - Ruby
  response:
    status:
      code: 200
      message: OK
    headers:
      Content-Type:
      - text/xml
      Cache-Control:
      - no-cache
      Connection:
      - close
      Content-Length:
      - '406'
    body:
      encoding: UTF-8
      string: |
        <sourcediff key="6b1890624796eaaa21bead2c0aa7016a">
          <old project="openSUSE:11.4:Update" package="cacti.openSUSE_11.4_Update" rev="0" srcmd5="d41d8cd98f00b204e9800998ecf8427e"/>
          <new project="MaintenanceProject:0" package="cacti.openSUSE_11.4_Update.openSUSE_11.4_Update" rev="2659cc753e7a90c9249c012aa0c7ccfa" srcmd5="2659cc753e7a90c9249c012aa0c7ccfa"/>
          <files/>
          <issues>
          </issues>
        </sourcediff>
  recorded_at: Mon, 04 Sep 2023 14:16:15 GMT
- request:
    method: put
    uri: http://backend:5352/source/MaintenanceProject:0/_meta?comment=maintenance_incident%20request%201&requestid=1&user=maintenance_coord
    body:
      encoding: UTF-8
      string: |
        <project name="MaintenanceProject:0" kind="maintenance_incident">
          <title/>
          <description/>
          <person userid="maintenance_coord" role="bugowner"/>
          <person userid="maintenance_coord" role="maintainer"/>
          <build>
            <disable/>
          </build>
          <publish>
            <disable/>
          </publish>
          <repository name="openSUSE_11.4_Update">
            <releasetarget project="openSUSE:11.4:Update" repository="repository_33" trigger="maintenance"/>
            <path project="openSUSE:11.4:Update" repository="repository_33"/>
            <arch>i586</arch>
          </repository>
        </project>
    headers:
      X-Request-Id:
      - 6d640588-9388-4404-9b1b-304d59e485b7
      Accept-Encoding:
      - gzip;q=1.0,deflate;q=0.6,identity;q=0.3
      Accept:
      - "*/*"
      User-Agent:
      - Ruby
  response:
    status:
      code: 200
      message: OK
    headers:
      Content-Type:
      - text/xml
      Cache-Control:
      - no-cache
      Connection:
      - close
      Content-Length:
      - '565'
    body:
      encoding: UTF-8
      string: |
        <project name="MaintenanceProject:0" kind="maintenance_incident">
          <title></title>
          <description></description>
          <person userid="maintenance_coord" role="bugowner"/>
          <person userid="maintenance_coord" role="maintainer"/>
          <build>
            <disable/>
          </build>
          <publish>
            <disable/>
          </publish>
          <repository name="openSUSE_11.4_Update">
            <releasetarget project="openSUSE:11.4:Update" repository="repository_33" trigger="maintenance"/>
            <path project="openSUSE:11.4:Update" repository="repository_33"/>
            <arch>i586</arch>
          </repository>
        </project>
  recorded_at: Mon, 04 Sep 2023 14:16:15 GMT
- request:
    method: put
    uri: http://backend:5352/source/MaintenanceProject:0/patchinfo/_meta?user=maintenance_coord
    body:
      encoding: UTF-8
      string: |
        <package name="patchinfo" project="MaintenanceProject:0">
          <title>Patchinfo</title>
          <description>Collected packages for update</description>
          <build>
            <enable/>
          </build>
          <publish>
            <enable/>
          </publish>
          <useforbuild>
            <disable/>
          </useforbuild>
        </package>
    headers:
      Accept-Encoding:
      - gzip;q=1.0,deflate;q=0.6,identity;q=0.3
      Accept:
      - "*/*"
      User-Agent:
      - Ruby
  response:
    status:
      code: 200
      message: OK
    headers:
      Content-Type:
      - text/xml
      Cache-Control:
      - no-cache
      Connection:
      - close
      Content-Length:
      - '277'
    body:
      encoding: UTF-8
      string: |
        <package name="patchinfo" project="MaintenanceProject:0">
          <title>Patchinfo</title>
          <description>Collected packages for update</description>
          <build>
            <enable/>
          </build>
          <publish>
            <enable/>
          </publish>
          <useforbuild>
            <disable/>
          </useforbuild>
        </package>
  recorded_at: Mon, 04 Sep 2023 14:16:15 GMT
- request:
    method: put
    uri: http://backend:5352/source/MaintenanceProject:0/patchinfo/_patchinfo?comment=generated%20by%20request%20id%201%20accept%20call&user=maintenance_coord
    body:
      encoding: UTF-8
      string: |-
        <patchinfo incident="0">
          <category>recommended</category>
          <rating>low</rating>
          <packager>user_14</packager>
          <summary>Non dignissimos sed. Officia ratione omnis. Aut qui iure.</summary>
          <description>Non dignissimos sed. Officia ratione omnis. Aut qui iure.</description>
        </patchinfo>
    headers:
      X-Request-Id:
      - 6d640588-9388-4404-9b1b-304d59e485b7
      Accept-Encoding:
      - gzip;q=1.0,deflate;q=0.6,identity;q=0.3
      Accept:
      - "*/*"
      User-Agent:
      - Ruby
  response:
    status:
      code: 200
      message: OK
    headers:
      Content-Type:
      - text/xml
      Cache-Control:
      - no-cache
      Connection:
      - close
      Content-Length:
      - '256'
    body:
      encoding: UTF-8
      string: |
        <revision rev="14" vrev="14">
          <srcmd5>9114ca86af8936547fa1e01cff34b21c</srcmd5>
          <version>unknown</version>
          <time>1693836975</time>
          <user>maintenance_coord</user>
          <comment>generated by request id 1 accept call</comment>
          <requestid/>
        </revision>
  recorded_at: Mon, 04 Sep 2023 14:16:15 GMT
- request:
    method: put
    uri: http://backend:5352/source/MaintenanceProject:0/patchinfo/_meta?user=maintenance_coord
    body:
      encoding: UTF-8
      string: |
        <package name="patchinfo" project="MaintenanceProject:0">
          <title>Patchinfo</title>
          <description>Collected packages for update</description>
          <build>
            <enable/>
          </build>
          <publish>
            <enable/>
          </publish>
          <useforbuild>
            <disable/>
          </useforbuild>
        </package>
    headers:
      Accept-Encoding:
      - gzip;q=1.0,deflate;q=0.6,identity;q=0.3
      Accept:
      - "*/*"
      User-Agent:
      - Ruby
  response:
    status:
      code: 200
      message: OK
    headers:
      Content-Type:
      - text/xml
      Cache-Control:
      - no-cache
      Connection:
      - close
      Content-Length:
      - '277'
    body:
      encoding: UTF-8
      string: |
        <package name="patchinfo" project="MaintenanceProject:0">
          <title>Patchinfo</title>
          <description>Collected packages for update</description>
          <build>
            <enable/>
          </build>
          <publish>
            <enable/>
          </publish>
          <useforbuild>
            <disable/>
          </useforbuild>
        </package>
  recorded_at: Mon, 04 Sep 2023 14:16:16 GMT
- request:
    method: get
    uri: http://backend:5352/source/MaintenanceProject:0/patchinfo
    body:
      encoding: US-ASCII
      string: ''
    headers:
      Accept-Encoding:
      - gzip;q=1.0,deflate;q=0.6,identity;q=0.3
      Accept:
      - "*/*"
      User-Agent:
      - Ruby
  response:
    status:
      code: 200
      message: OK
    headers:
      Content-Type:
      - text/xml
      Cache-Control:
      - no-cache
      Connection:
      - close
      Content-Length:
      - '201'
    body:
      encoding: UTF-8
      string: |
        <directory name="patchinfo" rev="14" vrev="14" srcmd5="9114ca86af8936547fa1e01cff34b21c">
          <entry name="_patchinfo" md5="23f05f8bfc8ab75c328d31afd8045dc8" size="292" mtime="1693836975"/>
        </directory>
  recorded_at: Mon, 04 Sep 2023 14:16:16 GMT
- request:
    method: get
    uri: http://backend:5352/source/MaintenanceProject:0/patchinfo?view=info
    body:
      encoding: US-ASCII
      string: ''
    headers:
      X-Request-Id:
      - 6d640588-9388-4404-9b1b-304d59e485b7
      Accept-Encoding:
      - gzip;q=1.0,deflate;q=0.6,identity;q=0.3
      Accept:
      - "*/*"
      User-Agent:
      - Ruby
  response:
    status:
      code: 200
      message: OK
    headers:
      Content-Type:
      - text/xml
      Cache-Control:
      - no-cache
      Connection:
      - close
      Content-Length:
      - '187'
    body:
      encoding: UTF-8
      string: |
        <sourceinfo package="patchinfo" rev="14" vrev="14" srcmd5="9114ca86af8936547fa1e01cff34b21c" verifymd5="9114ca86af8936547fa1e01cff34b21c">
          <filename>_patchinfo</filename>
        </sourceinfo>
  recorded_at: Mon, 04 Sep 2023 14:16:16 GMT
- request:
    method: get
    uri: http://backend:5352/source/MaintenanceProject:0/patchinfo
    body:
      encoding: US-ASCII
      string: ''
    headers:
      X-Request-Id:
      - 6d640588-9388-4404-9b1b-304d59e485b7
      Accept-Encoding:
      - gzip;q=1.0,deflate;q=0.6,identity;q=0.3
      Accept:
      - "*/*"
      User-Agent:
      - Ruby
  response:
    status:
      code: 200
      message: OK
    headers:
      Content-Type:
      - text/xml
      Cache-Control:
      - no-cache
      Connection:
      - close
      Content-Length:
      - '201'
    body:
      encoding: UTF-8
      string: |
        <directory name="patchinfo" rev="14" vrev="14" srcmd5="9114ca86af8936547fa1e01cff34b21c">
          <entry name="_patchinfo" md5="23f05f8bfc8ab75c328d31afd8045dc8" size="292" mtime="1693836975"/>
        </directory>
  recorded_at: Mon, 04 Sep 2023 14:16:16 GMT
- request:
    method: get
    uri: http://backend:5352/source/MaintenanceProject:0/patchinfo/_patchinfo
    body:
      encoding: US-ASCII
      string: ''
    headers:
      Accept-Encoding:
      - gzip;q=1.0,deflate;q=0.6,identity;q=0.3
      Accept:
      - "*/*"
      User-Agent:
      - Ruby
  response:
    status:
      code: 200
      message: OK
    headers:
      Content-Type:
      - application/octet-stream
      Content-Length:
      - '292'
      Cache-Control:
      - no-cache
      Connection:
      - close
    body:
      encoding: UTF-8
      string: |-
        <patchinfo incident="0">
          <category>recommended</category>
          <rating>low</rating>
          <packager>user_14</packager>
          <summary>Non dignissimos sed. Officia ratione omnis. Aut qui iure.</summary>
          <description>Non dignissimos sed. Officia ratione omnis. Aut qui iure.</description>
        </patchinfo>
  recorded_at: Mon, 04 Sep 2023 14:16:16 GMT
- request:
    method: get
    uri: http://backend:5352/source/home:tom:branches:Update/cacti.openSUSE_11.5_Update
    body:
      encoding: US-ASCII
      string: ''
    headers:
      X-Request-Id:
      - 6d640588-9388-4404-9b1b-304d59e485b7
      Accept-Encoding:
      - gzip;q=1.0,deflate;q=0.6,identity;q=0.3
      Accept:
      - "*/*"
      User-Agent:
      - Ruby
  response:
    status:
      code: 200
      message: OK
    headers:
      Content-Type:
      - text/xml
      Cache-Control:
      - no-cache
      Connection:
      - close
      Content-Length:
      - '310'
    body:
      encoding: UTF-8
      string: |
        <directory name="cacti.openSUSE_11.5_Update" rev="42" vrev="42" srcmd5="0e731234abfe9025fee98f2657c7f6e5">
          <entry name="DUMMY_FILE" md5="87b43dcf63dc45ed2b813df3d31e6718" size="9" mtime="1693836447"/>
          <entry name="_config" md5="f31b8767414511305ff4b9dd09847e0a" size="69" mtime="1693836969"/>
        </directory>
  recorded_at: Mon, 04 Sep 2023 14:16:16 GMT
- request:
    method: get
    uri: http://backend:5352/source/openSUSE:11.5:Update/cacti.openSUSE_11.5_Update
    body:
      encoding: US-ASCII
      string: ''
    headers:
      Accept-Encoding:
      - gzip;q=1.0,deflate;q=0.6,identity;q=0.3
      Accept:
      - "*/*"
      User-Agent:
      - Ruby
  response:
    status:
      code: 404
      message: package 'cacti.openSUSE_11.5_Update' does not exist
    headers:
      Content-Type:
      - text/xml
      Cache-Control:
      - no-cache
      Connection:
      - close
      Content-Length:
      - '180'
    body:
      encoding: UTF-8
      string: |
        <status code="404">
          <summary>package 'cacti.openSUSE_11.5_Update' does not exist</summary>
          <details>404 package 'cacti.openSUSE_11.5_Update' does not exist</details>
        </status>
  recorded_at: Mon, 04 Sep 2023 14:16:16 GMT
- request:
    method: put
    uri: http://backend:5352/source/MaintenanceProject:0/cacti.openSUSE_11.5_Update.openSUSE_11.5_Update/_meta?user=maintenance_coord
    body:
      encoding: UTF-8
      string: |
        <package name="cacti.openSUSE_11.5_Update.openSUSE_11.5_Update" project="MaintenanceProject:0">
          <title/>
          <description/>
          <releasename>cacti.openSUSE_11.5_Update</releasename>
        </package>
    headers:
      Accept-Encoding:
      - gzip;q=1.0,deflate;q=0.6,identity;q=0.3
      Accept:
      - "*/*"
      User-Agent:
      - Ruby
  response:
    status:
      code: 200
      message: OK
    headers:
      Content-Type:
      - text/xml
      Cache-Control:
      - no-cache
      Connection:
      - close
      Content-Length:
      - '211'
    body:
      encoding: UTF-8
      string: |
        <package name="cacti.openSUSE_11.5_Update.openSUSE_11.5_Update" project="MaintenanceProject:0">
          <title></title>
          <description></description>
          <releasename>cacti.openSUSE_11.5_Update</releasename>
        </package>
  recorded_at: Mon, 04 Sep 2023 14:16:16 GMT
- request:
    method: post
    uri: http://backend:5352/source/MaintenanceProject:0/cacti.openSUSE_11.5_Update.openSUSE_11.5_Update?cmd=branch&missingok=1&noservice=1&opackage=cacti.openSUSE_11.5_Update&oproject=openSUSE:11.5:Update&user=maintenance_coord
    body:
      encoding: UTF-8
      string: ''
    headers:
      Content-Type:
      - application/octet-stream
      Accept-Encoding:
      - gzip;q=1.0,deflate;q=0.6,identity;q=0.3
      Accept:
      - "*/*"
      User-Agent:
      - Ruby
  response:
    status:
      code: 200
      message: OK
    headers:
      Content-Type:
      - text/xml
      Cache-Control:
      - no-cache
      Connection:
      - close
      Content-Length:
      - '219'
    body:
      encoding: UTF-8
      string: |
        <revision rev="19" vrev="19">
          <srcmd5>45cd08fc62522ad1df0dcc0f3443e482</srcmd5>
          <version>unknown</version>
          <time>1693836976</time>
          <user>maintenance_coord</user>
          <comment></comment>
          <requestid/>
        </revision>
  recorded_at: Mon, 04 Sep 2023 14:16:16 GMT
- request:
    method: put
    uri: http://backend:5352/source/MaintenanceProject:0/cacti.openSUSE_11.5_Update.openSUSE_11.5_Update/_meta?user=maintenance_coord
    body:
      encoding: UTF-8
      string: |
        <package name="cacti.openSUSE_11.5_Update.openSUSE_11.5_Update" project="MaintenanceProject:0">
          <title/>
          <description/>
          <releasename>cacti.openSUSE_11.5_Update</releasename>
        </package>
    headers:
      Accept-Encoding:
      - gzip;q=1.0,deflate;q=0.6,identity;q=0.3
      Accept:
      - "*/*"
      User-Agent:
      - Ruby
  response:
    status:
      code: 200
      message: OK
    headers:
      Content-Type:
      - text/xml
      Cache-Control:
      - no-cache
      Connection:
      - close
      Content-Length:
      - '211'
    body:
      encoding: UTF-8
      string: |
        <package name="cacti.openSUSE_11.5_Update.openSUSE_11.5_Update" project="MaintenanceProject:0">
          <title></title>
          <description></description>
          <releasename>cacti.openSUSE_11.5_Update</releasename>
        </package>
  recorded_at: Mon, 04 Sep 2023 14:16:16 GMT
- request:
    method: get
    uri: http://backend:5352/source/MaintenanceProject:0/cacti.openSUSE_11.5_Update.openSUSE_11.5_Update
    body:
      encoding: US-ASCII
      string: ''
    headers:
      Accept-Encoding:
      - gzip;q=1.0,deflate;q=0.6,identity;q=0.3
      Accept:
      - "*/*"
      User-Agent:
      - Ruby
  response:
    status:
      code: 200
      message: OK
    headers:
      Content-Type:
      - text/xml
      Cache-Control:
      - no-cache
      Connection:
      - close
      Content-Length:
      - '504'
    body:
      encoding: UTF-8
      string: |
        <directory name="cacti.openSUSE_11.5_Update.openSUSE_11.5_Update" rev="19" vrev="19" srcmd5="45cd08fc62522ad1df0dcc0f3443e482">
          <linkinfo project="openSUSE:11.5:Update" package="cacti.openSUSE_11.5_Update" srcmd5="d41d8cd98f00b204e9800998ecf8427e" baserev="d41d8cd98f00b204e9800998ecf8427e" missingok="true" xsrcmd5="8ead471c01e867b0e79e601e85e538f7" lsrcmd5="45cd08fc62522ad1df0dcc0f3443e482"/>
          <entry name="_link" md5="b0c56c12998ca82dfa47cf9520cd5ae4" size="182" mtime="1693836492"/>
        </directory>
  recorded_at: Mon, 04 Sep 2023 14:16:16 GMT
- request:
    method: get
    uri: http://backend:5352/source/MaintenanceProject:0/cacti.openSUSE_11.5_Update.openSUSE_11.5_Update?view=info
    body:
      encoding: US-ASCII
      string: ''
    headers:
      X-Request-Id:
      - 6d640588-9388-4404-9b1b-304d59e485b7
      Accept-Encoding:
      - gzip;q=1.0,deflate;q=0.6,identity;q=0.3
      Accept:
      - "*/*"
      User-Agent:
      - Ruby
  response:
    status:
      code: 200
      message: OK
    headers:
      Content-Type:
      - text/xml
      Cache-Control:
      - no-cache
      Connection:
      - close
      Content-Length:
      - '463'
    body:
      encoding: UTF-8
      string: |
        <sourceinfo package="cacti.openSUSE_11.5_Update.openSUSE_11.5_Update" rev="19" vrev="19" srcmd5="8ead471c01e867b0e79e601e85e538f7" lsrcmd5="45cd08fc62522ad1df0dcc0f3443e482" verifymd5="d41d8cd98f00b204e9800998ecf8427e">
          <error>bad build configuration, no build type defined or detected</error>
          <linked project="openSUSE:11.5:Update" package="cacti.openSUSE_11.5_Update"/>
          <linked project="openSUSE:11.5" package="cacti.openSUSE_11.5_Update"/>
        </sourceinfo>
  recorded_at: Mon, 04 Sep 2023 14:16:16 GMT
- request:
    method: get
    uri: http://backend:5352/source/MaintenanceProject:0/cacti.openSUSE_11.5_Update.openSUSE_11.5_Update
    body:
      encoding: US-ASCII
      string: ''
    headers:
      X-Request-Id:
      - 6d640588-9388-4404-9b1b-304d59e485b7
      Accept-Encoding:
      - gzip;q=1.0,deflate;q=0.6,identity;q=0.3
      Accept:
      - "*/*"
      User-Agent:
      - Ruby
  response:
    status:
      code: 200
      message: OK
    headers:
      Content-Type:
      - text/xml
      Cache-Control:
      - no-cache
      Connection:
      - close
      Content-Length:
      - '504'
    body:
      encoding: UTF-8
      string: |
        <directory name="cacti.openSUSE_11.5_Update.openSUSE_11.5_Update" rev="19" vrev="19" srcmd5="45cd08fc62522ad1df0dcc0f3443e482">
          <linkinfo project="openSUSE:11.5:Update" package="cacti.openSUSE_11.5_Update" srcmd5="d41d8cd98f00b204e9800998ecf8427e" baserev="d41d8cd98f00b204e9800998ecf8427e" missingok="true" xsrcmd5="8ead471c01e867b0e79e601e85e538f7" lsrcmd5="45cd08fc62522ad1df0dcc0f3443e482"/>
          <entry name="_link" md5="b0c56c12998ca82dfa47cf9520cd5ae4" size="182" mtime="1693836492"/>
        </directory>
  recorded_at: Mon, 04 Sep 2023 14:16:16 GMT
- request:
    method: post
    uri: http://backend:5352/source/MaintenanceProject:0/cacti.openSUSE_11.5_Update.openSUSE_11.5_Update?cmd=diff&linkrev=base&onlyissues=1&orev=0&view=xml
    body:
      encoding: UTF-8
      string: ''
    headers:
      Content-Type:
      - application/octet-stream
      Accept-Encoding:
      - gzip;q=1.0,deflate;q=0.6,identity;q=0.3
      Accept:
      - "*/*"
      User-Agent:
      - Ruby
  response:
    status:
      code: 200
      message: OK
    headers:
      Content-Type:
      - text/xml
      Cache-Control:
      - no-cache
      Connection:
      - close
      Content-Length:
      - '397'
    body:
      encoding: UTF-8
      string: |
        <sourcediff key="75c32ded7a6832ba79bfb1a4e18e2a63">
          <old project="MaintenanceProject:0" package="cacti.openSUSE_11.5_Update.openSUSE_11.5_Update" rev="0" srcmd5="d41d8cd98f00b204e9800998ecf8427e"/>
          <new project="MaintenanceProject:0" package="cacti.openSUSE_11.5_Update.openSUSE_11.5_Update" rev="19" srcmd5="45cd08fc62522ad1df0dcc0f3443e482"/>
          <files/>
          <issues>
          </issues>
        </sourcediff>
  recorded_at: Mon, 04 Sep 2023 14:16:16 GMT
- request:
    method: post
    uri: http://backend:5352/source/MaintenanceProject:0/cacti.openSUSE_11.5_Update.openSUSE_11.5_Update?cmd=linkdiff&linkrev=base&onlyissues=1&view=xml
    body:
      encoding: UTF-8
      string: ''
    headers:
      Content-Type:
      - application/octet-stream
      Accept-Encoding:
      - gzip;q=1.0,deflate;q=0.6,identity;q=0.3
      Accept:
      - "*/*"
      User-Agent:
      - Ruby
  response:
    status:
      code: 200
      message: OK
    headers:
      Content-Type:
      - text/xml
      Content-Length:
      - '406'
      Cache-Control:
      - no-cache
      Connection:
      - close
    body:
      encoding: UTF-8
      string: |
        <sourcediff key="2f9b62e3fef60f989263d55d8e49f52e">
          <old project="openSUSE:11.5:Update" package="cacti.openSUSE_11.5_Update" rev="0" srcmd5="d41d8cd98f00b204e9800998ecf8427e"/>
          <new project="MaintenanceProject:0" package="cacti.openSUSE_11.5_Update.openSUSE_11.5_Update" rev="8ead471c01e867b0e79e601e85e538f7" srcmd5="8ead471c01e867b0e79e601e85e538f7"/>
          <files/>
          <issues>
          </issues>
        </sourcediff>
  recorded_at: Mon, 04 Sep 2023 14:16:16 GMT
- request:
    method: put
    uri: http://backend:5352/source/MaintenanceProject:0/cacti.openSUSE_11.5_Update.openSUSE_11.5_Update/_meta?user=maintenance_coord
    body:
      encoding: UTF-8
      string: |
        <package name="cacti.openSUSE_11.5_Update.openSUSE_11.5_Update" project="MaintenanceProject:0">
          <title/>
          <description/>
          <releasename>cacti.openSUSE_11.5_Update</releasename>
          <build>
            <enable repository="openSUSE_11.5_Update"/>
          </build>
        </package>
    headers:
      Accept-Encoding:
      - gzip;q=1.0,deflate;q=0.6,identity;q=0.3
      Accept:
      - "*/*"
      User-Agent:
      - Ruby
  response:
    status:
      code: 200
      message: OK
    headers:
      Content-Type:
      - text/xml
      Cache-Control:
      - no-cache
      Connection:
      - close
      Content-Length:
      - '280'
    body:
      encoding: UTF-8
      string: |
        <package name="cacti.openSUSE_11.5_Update.openSUSE_11.5_Update" project="MaintenanceProject:0">
          <title></title>
          <description></description>
          <releasename>cacti.openSUSE_11.5_Update</releasename>
          <build>
            <enable repository="openSUSE_11.5_Update"/>
          </build>
        </package>
  recorded_at: Mon, 04 Sep 2023 14:16:16 GMT
- request:
    method: get
    uri: http://backend:5352/source/MaintenanceProject:0/cacti.openSUSE_11.5_Update.openSUSE_11.5_Update
    body:
      encoding: US-ASCII
      string: ''
    headers:
      X-Request-Id:
      - 6d640588-9388-4404-9b1b-304d59e485b7
      Accept-Encoding:
      - gzip;q=1.0,deflate;q=0.6,identity;q=0.3
      Accept:
      - "*/*"
      User-Agent:
      - Ruby
  response:
    status:
      code: 200
      message: OK
    headers:
      Content-Type:
      - text/xml
      Cache-Control:
      - no-cache
      Connection:
      - close
      Content-Length:
      - '504'
    body:
      encoding: UTF-8
      string: |
        <directory name="cacti.openSUSE_11.5_Update.openSUSE_11.5_Update" rev="19" vrev="19" srcmd5="45cd08fc62522ad1df0dcc0f3443e482">
          <linkinfo project="openSUSE:11.5:Update" package="cacti.openSUSE_11.5_Update" srcmd5="d41d8cd98f00b204e9800998ecf8427e" baserev="d41d8cd98f00b204e9800998ecf8427e" missingok="true" xsrcmd5="8ead471c01e867b0e79e601e85e538f7" lsrcmd5="45cd08fc62522ad1df0dcc0f3443e482"/>
          <entry name="_link" md5="b0c56c12998ca82dfa47cf9520cd5ae4" size="182" mtime="1693836492"/>
        </directory>
  recorded_at: Mon, 04 Sep 2023 14:16:16 GMT
- request:
    method: put
    uri: http://backend:5352/source/MaintenanceProject:0/_meta?user=maintenance_coord
    body:
      encoding: UTF-8
      string: |
        <project name="MaintenanceProject:0" kind="maintenance_incident">
          <title/>
          <description/>
          <person userid="maintenance_coord" role="bugowner"/>
          <person userid="maintenance_coord" role="maintainer"/>
          <build>
            <disable/>
          </build>
          <publish>
            <disable/>
          </publish>
          <repository name="openSUSE_11.5_Update">
            <releasetarget project="openSUSE:11.5:Update" repository="repository_35" trigger="maintenance"/>
            <path project="openSUSE:11.5:Update" repository="repository_35"/>
            <arch>i586</arch>
          </repository>
          <repository name="openSUSE_11.4_Update">
            <releasetarget project="openSUSE:11.4:Update" repository="repository_33" trigger="maintenance"/>
            <path project="openSUSE:11.4:Update" repository="repository_33"/>
            <arch>i586</arch>
          </repository>
        </project>
    headers:
      X-Request-Id:
      - 6d640588-9388-4404-9b1b-304d59e485b7
      Accept-Encoding:
      - gzip;q=1.0,deflate;q=0.6,identity;q=0.3
      Accept:
      - "*/*"
      User-Agent:
      - Ruby
  response:
    status:
      code: 200
      message: OK
    headers:
      Content-Type:
      - text/xml
      Cache-Control:
      - no-cache
      Connection:
      - close
      Content-Length:
      - '817'
    body:
      encoding: UTF-8
      string: |
        <project name="MaintenanceProject:0" kind="maintenance_incident">
          <title></title>
          <description></description>
          <person userid="maintenance_coord" role="bugowner"/>
          <person userid="maintenance_coord" role="maintainer"/>
          <build>
            <disable/>
          </build>
          <publish>
            <disable/>
          </publish>
          <repository name="openSUSE_11.5_Update">
            <releasetarget project="openSUSE:11.5:Update" repository="repository_35" trigger="maintenance"/>
            <path project="openSUSE:11.5:Update" repository="repository_35"/>
            <arch>i586</arch>
          </repository>
          <repository name="openSUSE_11.4_Update">
            <releasetarget project="openSUSE:11.4:Update" repository="repository_33" trigger="maintenance"/>
            <path project="openSUSE:11.4:Update" repository="repository_33"/>
            <arch>i586</arch>
          </repository>
        </project>
  recorded_at: Mon, 04 Sep 2023 14:16:16 GMT
- request:
    method: post
    uri: http://backend:5352/source/MaintenanceProject:0/cacti.openSUSE_11.5_Update.openSUSE_11.5_Update?cmd=copy&comment=Maintenance%20incident%20copy%20from%20project%20home:tom:branches:Update&expand=1&keeplink=1&opackage=cacti.openSUSE_11.5_Update&oproject=home:tom:branches:Update&requestid=1&user=maintenance_coord&withacceptinfo=1
    body:
      encoding: UTF-8
      string: ''
    headers:
      Content-Type:
      - application/octet-stream
      X-Request-Id:
      - 6d640588-9388-4404-9b1b-304d59e485b7
      Accept-Encoding:
      - gzip;q=1.0,deflate;q=0.6,identity;q=0.3
      Accept:
      - "*/*"
      User-Agent:
      - Ruby
  response:
    status:
      code: 200
      message: OK
    headers:
      Content-Type:
      - text/xml
      Cache-Control:
      - no-cache
      Connection:
      - close
      Content-Length:
      - '491'
    body:
      encoding: UTF-8
      string: |
        <revision rev="20" vrev="20">
          <srcmd5>5250ef5aa0a790733c0223c81044b2dc</srcmd5>
          <version>unknown</version>
          <time>1693836976</time>
          <user>maintenance_coord</user>
          <comment>Maintenance incident copy from project home:tom:branches:Update</comment>
          <requestid>1</requestid>
          <acceptinfo rev="20" srcmd5="5250ef5aa0a790733c0223c81044b2dc" osrcmd5="45cd08fc62522ad1df0dcc0f3443e482" xsrcmd5="7ac20c3f77411c2b480c60ea27e71109" oxsrcmd5="8ead471c01e867b0e79e601e85e538f7"/>
        </revision>
  recorded_at: Mon, 04 Sep 2023 14:16:16 GMT
- request:
    method: put
    uri: http://backend:5352/source/MaintenanceProject:0/cacti.openSUSE_11.5_Update.openSUSE_11.5_Update/_meta?user=maintenance_coord
    body:
      encoding: UTF-8
      string: |
        <package name="cacti.openSUSE_11.5_Update.openSUSE_11.5_Update" project="MaintenanceProject:0">
          <title/>
          <description/>
          <releasename>cacti.openSUSE_11.5_Update</releasename>
          <build>
            <enable repository="openSUSE_11.5_Update"/>
          </build>
        </package>
    headers:
      Accept-Encoding:
      - gzip;q=1.0,deflate;q=0.6,identity;q=0.3
      Accept:
      - "*/*"
      User-Agent:
      - Ruby
  response:
    status:
      code: 200
      message: OK
    headers:
      Content-Type:
      - text/xml
      Cache-Control:
      - no-cache
      Connection:
      - close
      Content-Length:
      - '280'
    body:
      encoding: UTF-8
      string: |
        <package name="cacti.openSUSE_11.5_Update.openSUSE_11.5_Update" project="MaintenanceProject:0">
          <title></title>
          <description></description>
          <releasename>cacti.openSUSE_11.5_Update</releasename>
          <build>
            <enable repository="openSUSE_11.5_Update"/>
          </build>
        </package>
  recorded_at: Mon, 04 Sep 2023 14:16:16 GMT
- request:
    method: get
    uri: http://backend:5352/source/MaintenanceProject:0/cacti.openSUSE_11.5_Update.openSUSE_11.5_Update
    body:
      encoding: US-ASCII
      string: ''
    headers:
      Accept-Encoding:
      - gzip;q=1.0,deflate;q=0.6,identity;q=0.3
      Accept:
      - "*/*"
      User-Agent:
      - Ruby
  response:
    status:
      code: 200
      message: OK
    headers:
      Content-Type:
      - text/xml
      Cache-Control:
      - no-cache
      Connection:
      - close
      Content-Length:
      - '694'
    body:
      encoding: UTF-8
      string: |
        <directory name="cacti.openSUSE_11.5_Update.openSUSE_11.5_Update" rev="20" vrev="20" srcmd5="5250ef5aa0a790733c0223c81044b2dc">
          <linkinfo project="openSUSE:11.5:Update" package="cacti.openSUSE_11.5_Update" srcmd5="d41d8cd98f00b204e9800998ecf8427e" baserev="d41d8cd98f00b204e9800998ecf8427e" missingok="true" xsrcmd5="7ac20c3f77411c2b480c60ea27e71109" lsrcmd5="5250ef5aa0a790733c0223c81044b2dc"/>
          <entry name="DUMMY_FILE" md5="87b43dcf63dc45ed2b813df3d31e6718" size="9" mtime="1693836447"/>
          <entry name="_config" md5="f31b8767414511305ff4b9dd09847e0a" size="69" mtime="1693836969"/>
          <entry name="_link" md5="b0c56c12998ca82dfa47cf9520cd5ae4" size="182" mtime="1693836492"/>
        </directory>
  recorded_at: Mon, 04 Sep 2023 14:16:16 GMT
- request:
    method: get
    uri: http://backend:5352/source/MaintenanceProject:0/cacti.openSUSE_11.5_Update.openSUSE_11.5_Update?view=info
    body:
      encoding: US-ASCII
      string: ''
    headers:
      X-Request-Id:
      - 6d640588-9388-4404-9b1b-304d59e485b7
      Accept-Encoding:
      - gzip;q=1.0,deflate;q=0.6,identity;q=0.3
      Accept:
      - "*/*"
      User-Agent:
      - Ruby
  response:
    status:
      code: 200
      message: OK
    headers:
      Content-Type:
      - text/xml
      Cache-Control:
      - no-cache
      Connection:
      - close
      Content-Length:
      - '463'
    body:
      encoding: UTF-8
      string: |
        <sourceinfo package="cacti.openSUSE_11.5_Update.openSUSE_11.5_Update" rev="20" vrev="20" srcmd5="7ac20c3f77411c2b480c60ea27e71109" lsrcmd5="5250ef5aa0a790733c0223c81044b2dc" verifymd5="0e731234abfe9025fee98f2657c7f6e5">
          <error>bad build configuration, no build type defined or detected</error>
          <linked project="openSUSE:11.5:Update" package="cacti.openSUSE_11.5_Update"/>
          <linked project="openSUSE:11.5" package="cacti.openSUSE_11.5_Update"/>
        </sourceinfo>
  recorded_at: Mon, 04 Sep 2023 14:16:16 GMT
- request:
    method: get
    uri: http://backend:5352/source/MaintenanceProject:0/cacti.openSUSE_11.5_Update.openSUSE_11.5_Update
    body:
      encoding: US-ASCII
      string: ''
    headers:
      X-Request-Id:
      - 6d640588-9388-4404-9b1b-304d59e485b7
      Accept-Encoding:
      - gzip;q=1.0,deflate;q=0.6,identity;q=0.3
      Accept:
      - "*/*"
      User-Agent:
      - Ruby
  response:
    status:
      code: 200
      message: OK
    headers:
      Content-Type:
      - text/xml
      Cache-Control:
      - no-cache
      Connection:
      - close
      Content-Length:
      - '694'
    body:
      encoding: UTF-8
      string: |
        <directory name="cacti.openSUSE_11.5_Update.openSUSE_11.5_Update" rev="20" vrev="20" srcmd5="5250ef5aa0a790733c0223c81044b2dc">
          <linkinfo project="openSUSE:11.5:Update" package="cacti.openSUSE_11.5_Update" srcmd5="d41d8cd98f00b204e9800998ecf8427e" baserev="d41d8cd98f00b204e9800998ecf8427e" missingok="true" xsrcmd5="7ac20c3f77411c2b480c60ea27e71109" lsrcmd5="5250ef5aa0a790733c0223c81044b2dc"/>
          <entry name="DUMMY_FILE" md5="87b43dcf63dc45ed2b813df3d31e6718" size="9" mtime="1693836447"/>
          <entry name="_config" md5="f31b8767414511305ff4b9dd09847e0a" size="69" mtime="1693836969"/>
          <entry name="_link" md5="b0c56c12998ca82dfa47cf9520cd5ae4" size="182" mtime="1693836492"/>
        </directory>
  recorded_at: Mon, 04 Sep 2023 14:16:17 GMT
- request:
    method: post
    uri: http://backend:5352/source/MaintenanceProject:0/cacti.openSUSE_11.5_Update.openSUSE_11.5_Update?cmd=diff&linkrev=base&onlyissues=1&orev=0&view=xml
    body:
      encoding: UTF-8
      string: ''
    headers:
      Content-Type:
      - application/octet-stream
      Accept-Encoding:
      - gzip;q=1.0,deflate;q=0.6,identity;q=0.3
      Accept:
      - "*/*"
      User-Agent:
      - Ruby
  response:
    status:
      code: 200
      message: OK
    headers:
      Content-Type:
      - text/xml
      Cache-Control:
      - no-cache
      Connection:
      - close
      Content-Length:
      - '397'
    body:
      encoding: UTF-8
      string: |
        <sourcediff key="d493744810b8075edcb200af24b85feb">
          <old project="MaintenanceProject:0" package="cacti.openSUSE_11.5_Update.openSUSE_11.5_Update" rev="0" srcmd5="d41d8cd98f00b204e9800998ecf8427e"/>
          <new project="MaintenanceProject:0" package="cacti.openSUSE_11.5_Update.openSUSE_11.5_Update" rev="20" srcmd5="5250ef5aa0a790733c0223c81044b2dc"/>
          <files/>
          <issues>
          </issues>
        </sourcediff>
  recorded_at: Mon, 04 Sep 2023 14:16:17 GMT
- request:
    method: post
    uri: http://backend:5352/source/MaintenanceProject:0/cacti.openSUSE_11.5_Update.openSUSE_11.5_Update?cmd=linkdiff&linkrev=base&onlyissues=1&view=xml
    body:
      encoding: UTF-8
      string: ''
    headers:
      Content-Type:
      - application/octet-stream
      Accept-Encoding:
      - gzip;q=1.0,deflate;q=0.6,identity;q=0.3
      Accept:
      - "*/*"
      User-Agent:
      - Ruby
  response:
    status:
      code: 200
      message: OK
    headers:
      Content-Type:
      - text/xml
      Cache-Control:
      - no-cache
      Connection:
      - close
      Content-Length:
      - '406'
    body:
      encoding: UTF-8
      string: |
        <sourcediff key="522dd9994700ea2452f4e26a3c6d275c">
          <old project="openSUSE:11.5:Update" package="cacti.openSUSE_11.5_Update" rev="0" srcmd5="d41d8cd98f00b204e9800998ecf8427e"/>
          <new project="MaintenanceProject:0" package="cacti.openSUSE_11.5_Update.openSUSE_11.5_Update" rev="7ac20c3f77411c2b480c60ea27e71109" srcmd5="7ac20c3f77411c2b480c60ea27e71109"/>
          <files/>
          <issues>
          </issues>
        </sourcediff>
  recorded_at: Mon, 04 Sep 2023 14:16:17 GMT
- request:
    method: put
    uri: http://backend:5352/source/MaintenanceProject:0/_meta?comment=maintenance_incident%20request%201&requestid=1&user=maintenance_coord
    body:
      encoding: UTF-8
      string: |
        <project name="MaintenanceProject:0" kind="maintenance_incident">
          <title/>
          <description/>
          <person userid="maintenance_coord" role="bugowner"/>
          <person userid="maintenance_coord" role="maintainer"/>
          <build>
            <disable/>
          </build>
          <publish>
            <disable/>
          </publish>
          <repository name="openSUSE_11.5_Update">
            <releasetarget project="openSUSE:11.5:Update" repository="repository_35" trigger="maintenance"/>
            <path project="openSUSE:11.5:Update" repository="repository_35"/>
            <arch>i586</arch>
          </repository>
          <repository name="openSUSE_11.4_Update">
            <releasetarget project="openSUSE:11.4:Update" repository="repository_33" trigger="maintenance"/>
            <path project="openSUSE:11.4:Update" repository="repository_33"/>
            <arch>i586</arch>
          </repository>
        </project>
    headers:
      X-Request-Id:
      - 6d640588-9388-4404-9b1b-304d59e485b7
      Accept-Encoding:
      - gzip;q=1.0,deflate;q=0.6,identity;q=0.3
      Accept:
      - "*/*"
      User-Agent:
      - Ruby
  response:
    status:
      code: 200
      message: OK
    headers:
      Content-Type:
      - text/xml
      Cache-Control:
      - no-cache
      Connection:
      - close
      Content-Length:
      - '817'
    body:
      encoding: UTF-8
      string: |
        <project name="MaintenanceProject:0" kind="maintenance_incident">
          <title></title>
          <description></description>
          <person userid="maintenance_coord" role="bugowner"/>
          <person userid="maintenance_coord" role="maintainer"/>
          <build>
            <disable/>
          </build>
          <publish>
            <disable/>
          </publish>
          <repository name="openSUSE_11.5_Update">
            <releasetarget project="openSUSE:11.5:Update" repository="repository_35" trigger="maintenance"/>
            <path project="openSUSE:11.5:Update" repository="repository_35"/>
            <arch>i586</arch>
          </repository>
          <repository name="openSUSE_11.4_Update">
            <releasetarget project="openSUSE:11.4:Update" repository="repository_33" trigger="maintenance"/>
            <path project="openSUSE:11.4:Update" repository="repository_33"/>
            <arch>i586</arch>
          </repository>
        </project>
  recorded_at: Mon, 04 Sep 2023 14:16:17 GMT
- request:
    method: post
    uri: http://backend:5352/source/MaintenanceProject:0/cacti.openSUSE_11.4_Update.openSUSE_11.4_Update?cmd=diff&filelimit=10000&orev=c87739c700845785205cfcc81d12a272&rev=2659cc753e7a90c9249c012aa0c7ccfa&tarlimit=10000&view=xml&withissues=1
    body:
      encoding: UTF-8
      string: ''
    headers:
      Content-Type:
      - application/octet-stream
      X-Request-Id:
      - e8ff53ff-9c0f-457a-bcd2-2fb82e9dd886
      Accept-Encoding:
      - gzip;q=1.0,deflate;q=0.6,identity;q=0.3
      Accept:
      - "*/*"
      User-Agent:
      - Ruby
  response:
    status:
      code: 200
      message: OK
    headers:
      Content-Type:
      - text/xml
      Cache-Control:
      - no-cache
      Connection:
      - close
      Content-Length:
      - '929'
    body:
      encoding: UTF-8
      string: |
        <sourcediff key="673d206ff9a9c1a7e7c34f8fa5d0ea9d">
          <old project="MaintenanceProject:0" package="cacti.openSUSE_11.4_Update.openSUSE_11.4_Update" rev="c87739c700845785205cfcc81d12a272" srcmd5="c87739c700845785205cfcc81d12a272"/>
          <new project="MaintenanceProject:0" package="cacti.openSUSE_11.4_Update.openSUSE_11.4_Update" rev="2659cc753e7a90c9249c012aa0c7ccfa" srcmd5="2659cc753e7a90c9249c012aa0c7ccfa"/>
          <files>
            <file state="added">
              <new name="DUMMY_FILE" md5="87b43dcf63dc45ed2b813df3d31e6718" size="9"/>
              <diff lines="3">@@ -0,0 +1,1 @@
        +boo#12345
        \ No newline at end of file
        </diff>
            </file>
            <file state="added">
              <new name="_config" md5="f751686eeda0dd0ed95b9aaa60f5231a" size="70"/>
              <diff lines="3">@@ -0,0 +1,1 @@
        +Tempora minus consequuntur. Ducimus magni maiores. Quia et voluptatum.
        \ No newline at end of file
        </diff>
            </file>
          </files>
          <issues>
          </issues>
        </sourcediff>
  recorded_at: Mon, 04 Sep 2023 14:16:17 GMT
- request:
    method: put
    uri: http://backend:5352/source/home:user_3/_meta?user=user_3
    body:
      encoding: UTF-8
      string: |
        <project name="home:user_3">
          <title/>
          <description/>
          <person userid="user_3" role="maintainer"/>
        </project>
    headers:
      Accept-Encoding:
      - gzip;q=1.0,deflate;q=0.6,identity;q=0.3
      Accept:
      - "*/*"
      User-Agent:
      - Ruby
  response:
    status:
      code: 200
      message: OK
    headers:
      Content-Type:
      - text/xml
      Cache-Control:
      - no-cache
      Connection:
      - close
      Content-Length:
      - '134'
    body:
      encoding: UTF-8
      string: |
        <project name="home:user_3">
          <title></title>
          <description></description>
          <person userid="user_3" role="maintainer"/>
        </project>
  recorded_at: Mon, 04 Sep 2023 14:56:32 GMT
- request:
    method: put
    uri: http://backend:5352/source/home:tom:branches:Update/_meta?user=user_3
    body:
      encoding: UTF-8
      string: |
        <project name="home:tom:branches:Update">
          <title>Jacob Have I Loved</title>
          <description/>
        </project>
    headers:
      Accept-Encoding:
      - gzip;q=1.0,deflate;q=0.6,identity;q=0.3
      Accept:
      - "*/*"
      User-Agent:
      - Ruby
  response:
    status:
      code: 200
      message: OK
    headers:
      Content-Type:
      - text/xml
      Cache-Control:
      - no-cache
      Connection:
      - close
      Content-Length:
      - '119'
    body:
      encoding: UTF-8
      string: |
        <project name="home:tom:branches:Update">
          <title>Jacob Have I Loved</title>
          <description></description>
        </project>
  recorded_at: Mon, 04 Sep 2023 14:56:33 GMT
- request:
    method: put
    uri: http://backend:5352/source/home:tom:branches:Update/cacti.openSUSE_11.4_Update/_meta?user=user_3
    body:
      encoding: UTF-8
      string: |
        <package name="cacti.openSUSE_11.4_Update" project="home:tom:branches:Update">
          <title>The Wives of Bath</title>
          <description>Nam tempore eos neque.</description>
        </package>
    headers:
      Accept-Encoding:
      - gzip;q=1.0,deflate;q=0.6,identity;q=0.3
      Accept:
      - "*/*"
      User-Agent:
      - Ruby
  response:
    status:
      code: 200
      message: OK
    headers:
      Content-Type:
      - text/xml
      Cache-Control:
      - no-cache
      Connection:
      - close
      Content-Length:
      - '177'
    body:
      encoding: UTF-8
      string: |
        <package name="cacti.openSUSE_11.4_Update" project="home:tom:branches:Update">
          <title>The Wives of Bath</title>
          <description>Nam tempore eos neque.</description>
        </package>
  recorded_at: Mon, 04 Sep 2023 14:56:33 GMT
- request:
    method: put
    uri: http://backend:5352/source/home:tom:branches:Update/cacti.openSUSE_11.5_Update/_meta?user=user_3
    body:
      encoding: UTF-8
      string: |
        <package name="cacti.openSUSE_11.5_Update" project="home:tom:branches:Update">
          <title>Far From the Madding Crowd</title>
          <description>Reprehenderit consequatur soluta doloremque.</description>
        </package>
    headers:
      Accept-Encoding:
      - gzip;q=1.0,deflate;q=0.6,identity;q=0.3
      Accept:
      - "*/*"
      User-Agent:
      - Ruby
  response:
    status:
      code: 200
      message: OK
    headers:
      Content-Type:
      - text/xml
      Cache-Control:
      - no-cache
      Connection:
      - close
      Content-Length:
      - '208'
    body:
      encoding: UTF-8
      string: |
        <package name="cacti.openSUSE_11.5_Update" project="home:tom:branches:Update">
          <title>Far From the Madding Crowd</title>
          <description>Reprehenderit consequatur soluta doloremque.</description>
        </package>
  recorded_at: Mon, 04 Sep 2023 14:56:33 GMT
- request:
    method: put
    uri: http://backend:5352/source/openSUSE:11.4/_meta?user=user_3
    body:
      encoding: UTF-8
      string: |
        <project name="openSUSE:11.4">
          <title>A Catskill Eagle</title>
          <description/>
        </project>
    headers:
      Accept-Encoding:
      - gzip;q=1.0,deflate;q=0.6,identity;q=0.3
      Accept:
      - "*/*"
      User-Agent:
      - Ruby
  response:
    status:
      code: 200
      message: OK
    headers:
      Content-Type:
      - text/xml
      Cache-Control:
      - no-cache
      Connection:
      - close
      Content-Length:
      - '106'
    body:
      encoding: UTF-8
      string: |
        <project name="openSUSE:11.4">
          <title>A Catskill Eagle</title>
          <description></description>
        </project>
  recorded_at: Mon, 04 Sep 2023 14:56:33 GMT
- request:
    method: put
    uri: http://backend:5352/source/openSUSE:11.4/cacti/_meta?user=user_3
    body:
      encoding: UTF-8
      string: |
        <package name="cacti" project="openSUSE:11.4">
          <title>Dying of the Light</title>
          <description>Sint et vel corporis.</description>
        </package>
    headers:
      Accept-Encoding:
      - gzip;q=1.0,deflate;q=0.6,identity;q=0.3
      Accept:
      - "*/*"
      User-Agent:
      - Ruby
  response:
    status:
      code: 200
      message: OK
    headers:
      Content-Type:
      - text/xml
      Cache-Control:
      - no-cache
      Connection:
      - close
      Content-Length:
      - '145'
    body:
      encoding: UTF-8
      string: |
        <package name="cacti" project="openSUSE:11.4">
          <title>Dying of the Light</title>
          <description>Sint et vel corporis.</description>
        </package>
  recorded_at: Mon, 04 Sep 2023 14:56:33 GMT
- request:
    method: put
    uri: http://backend:5352/source/openSUSE:11.4:Update/_meta?user=user_3
    body:
      encoding: UTF-8
      string: |
        <project name="openSUSE:11.4:Update" kind="maintenance_release">
          <title>The Cricket on the Hearth</title>
          <description/>
        </project>
    headers:
      Accept-Encoding:
      - gzip;q=1.0,deflate;q=0.6,identity;q=0.3
      Accept:
      - "*/*"
      User-Agent:
      - Ruby
  response:
    status:
      code: 200
      message: OK
    headers:
      Content-Type:
      - text/xml
      Cache-Control:
      - no-cache
      Connection:
      - close
      Content-Length:
      - '149'
    body:
      encoding: UTF-8
      string: |
        <project name="openSUSE:11.4:Update" kind="maintenance_release">
          <title>The Cricket on the Hearth</title>
          <description></description>
        </project>
  recorded_at: Mon, 04 Sep 2023 14:56:33 GMT
- request:
    method: put
    uri: http://backend:5352/source/openSUSE:11.4:Update/_project/_attribute?meta=1&user=user_3
    body:
      encoding: UTF-8
      string: |
        <attributes>
          <attribute name="Maintained" namespace="OBS"/>
        </attributes>
    headers:
      Accept-Encoding:
      - gzip;q=1.0,deflate;q=0.6,identity;q=0.3
      Accept:
      - "*/*"
      User-Agent:
      - Ruby
  response:
    status:
      code: 200
      message: OK
    headers:
      Content-Type:
      - text/xml
      Cache-Control:
      - no-cache
      Connection:
      - close
      Content-Length:
      - '169'
    body:
      encoding: UTF-8
      string: |
        <revision rev="44">
          <srcmd5>6a3ef2a31486f77b7358c80734d1f9c8</srcmd5>
          <time>1693839393</time>
          <user>user_3</user>
          <comment></comment>
          <requestid/>
        </revision>
  recorded_at: Mon, 04 Sep 2023 14:56:33 GMT
- request:
    method: put
    uri: http://backend:5352/source/openSUSE:11.4/_project/_attribute?meta=1&user=user_3
    body:
      encoding: UTF-8
      string: |
        <attributes>
          <attribute name="UpdateProject" namespace="OBS">
            <value>openSUSE:11.4:Update</value>
          </attribute>
        </attributes>
    headers:
      Accept-Encoding:
      - gzip;q=1.0,deflate;q=0.6,identity;q=0.3
      Accept:
      - "*/*"
      User-Agent:
      - Ruby
  response:
    status:
      code: 200
      message: OK
    headers:
      Content-Type:
      - text/xml
      Cache-Control:
      - no-cache
      Connection:
      - close
      Content-Length:
      - '169'
    body:
      encoding: UTF-8
      string: |
        <revision rev="30">
          <srcmd5>ae92f64368485cf1a5627208c7cbea27</srcmd5>
          <time>1693839393</time>
          <user>user_3</user>
          <comment></comment>
          <requestid/>
        </revision>
  recorded_at: Mon, 04 Sep 2023 14:56:33 GMT
- request:
    method: put
    uri: http://backend:5352/source/openSUSE:11.4:Update/_meta?user=user_3
    body:
      encoding: UTF-8
      string: |
        <project name="openSUSE:11.4:Update" kind="maintenance_release">
          <title>The Cricket on the Hearth</title>
          <description/>
          <link project="openSUSE:11.4"/>
        </project>
    headers:
      Accept-Encoding:
      - gzip;q=1.0,deflate;q=0.6,identity;q=0.3
      Accept:
      - "*/*"
      User-Agent:
      - Ruby
  response:
    status:
      code: 200
      message: OK
    headers:
      Content-Type:
      - text/xml
      Cache-Control:
      - no-cache
      Connection:
      - close
      Content-Length:
      - '183'
    body:
      encoding: UTF-8
      string: |
        <project name="openSUSE:11.4:Update" kind="maintenance_release">
          <title>The Cricket on the Hearth</title>
          <description></description>
          <link project="openSUSE:11.4"/>
        </project>
  recorded_at: Mon, 04 Sep 2023 14:56:33 GMT
- request:
    method: put
    uri: http://backend:5352/source/openSUSE:11.5/_meta?user=user_3
    body:
      encoding: UTF-8
      string: |
        <project name="openSUSE:11.5">
          <title>The Line of Beauty</title>
          <description/>
        </project>
    headers:
      Accept-Encoding:
      - gzip;q=1.0,deflate;q=0.6,identity;q=0.3
      Accept:
      - "*/*"
      User-Agent:
      - Ruby
  response:
    status:
      code: 200
      message: OK
    headers:
      Content-Type:
      - text/xml
      Cache-Control:
      - no-cache
      Connection:
      - close
      Content-Length:
      - '108'
    body:
      encoding: UTF-8
      string: |
        <project name="openSUSE:11.5">
          <title>The Line of Beauty</title>
          <description></description>
        </project>
  recorded_at: Mon, 04 Sep 2023 14:56:33 GMT
- request:
    method: put
    uri: http://backend:5352/source/openSUSE:11.5/cacti/_meta?user=user_3
    body:
      encoding: UTF-8
      string: |
        <package name="cacti" project="openSUSE:11.5">
          <title>Precious Bane</title>
          <description>Error nobis fugiat unde.</description>
        </package>
    headers:
      Accept-Encoding:
      - gzip;q=1.0,deflate;q=0.6,identity;q=0.3
      Accept:
      - "*/*"
      User-Agent:
      - Ruby
  response:
    status:
      code: 200
      message: OK
    headers:
      Content-Type:
      - text/xml
      Cache-Control:
      - no-cache
      Connection:
      - close
      Content-Length:
      - '143'
    body:
      encoding: UTF-8
      string: |
        <package name="cacti" project="openSUSE:11.5">
          <title>Precious Bane</title>
          <description>Error nobis fugiat unde.</description>
        </package>
  recorded_at: Mon, 04 Sep 2023 14:56:33 GMT
- request:
    method: put
    uri: http://backend:5352/source/openSUSE:11.5:Update/_meta?user=user_3
    body:
      encoding: UTF-8
      string: |
        <project name="openSUSE:11.5:Update" kind="maintenance_release">
          <title>From Here to Eternity</title>
          <description/>
        </project>
    headers:
      Accept-Encoding:
      - gzip;q=1.0,deflate;q=0.6,identity;q=0.3
      Accept:
      - "*/*"
      User-Agent:
      - Ruby
  response:
    status:
      code: 200
      message: OK
    headers:
      Content-Type:
      - text/xml
      Cache-Control:
      - no-cache
      Connection:
      - close
      Content-Length:
      - '145'
    body:
      encoding: UTF-8
      string: |
        <project name="openSUSE:11.5:Update" kind="maintenance_release">
          <title>From Here to Eternity</title>
          <description></description>
        </project>
  recorded_at: Mon, 04 Sep 2023 14:56:33 GMT
- request:
    method: put
    uri: http://backend:5352/source/openSUSE:11.5:Update/_project/_attribute?meta=1&user=user_3
    body:
      encoding: UTF-8
      string: |
        <attributes>
          <attribute name="Maintained" namespace="OBS"/>
        </attributes>
    headers:
      Accept-Encoding:
      - gzip;q=1.0,deflate;q=0.6,identity;q=0.3
      Accept:
      - "*/*"
      User-Agent:
      - Ruby
  response:
    status:
      code: 200
      message: OK
    headers:
      Content-Type:
      - text/xml
      Cache-Control:
      - no-cache
      Connection:
      - close
      Content-Length:
      - '169'
    body:
      encoding: UTF-8
      string: |
        <revision rev="44">
          <srcmd5>73ba5ca341383ca962b3aa2d314a8cab</srcmd5>
          <time>1693839393</time>
          <user>user_3</user>
          <comment></comment>
          <requestid/>
        </revision>
  recorded_at: Mon, 04 Sep 2023 14:56:33 GMT
- request:
    method: put
    uri: http://backend:5352/source/openSUSE:11.5/_project/_attribute?meta=1&user=user_3
    body:
      encoding: UTF-8
      string: |
        <attributes>
          <attribute name="UpdateProject" namespace="OBS">
            <value>openSUSE:11.5:Update</value>
          </attribute>
        </attributes>
    headers:
      Accept-Encoding:
      - gzip;q=1.0,deflate;q=0.6,identity;q=0.3
      Accept:
      - "*/*"
      User-Agent:
      - Ruby
  response:
    status:
      code: 200
      message: OK
    headers:
      Content-Type:
      - text/xml
      Cache-Control:
      - no-cache
      Connection:
      - close
      Content-Length:
      - '169'
    body:
      encoding: UTF-8
      string: |
        <revision rev="30">
          <srcmd5>307256df6208f386b48ca3dd6c37aaa1</srcmd5>
          <time>1693839393</time>
          <user>user_3</user>
          <comment></comment>
          <requestid/>
        </revision>
  recorded_at: Mon, 04 Sep 2023 14:56:33 GMT
- request:
    method: put
    uri: http://backend:5352/source/openSUSE:11.5:Update/_meta?user=user_3
    body:
      encoding: UTF-8
      string: |
        <project name="openSUSE:11.5:Update" kind="maintenance_release">
          <title>From Here to Eternity</title>
          <description/>
          <link project="openSUSE:11.5"/>
        </project>
    headers:
      Accept-Encoding:
      - gzip;q=1.0,deflate;q=0.6,identity;q=0.3
      Accept:
      - "*/*"
      User-Agent:
      - Ruby
  response:
    status:
      code: 200
      message: OK
    headers:
      Content-Type:
      - text/xml
      Cache-Control:
      - no-cache
      Connection:
      - close
      Content-Length:
      - '179'
    body:
      encoding: UTF-8
      string: |
        <project name="openSUSE:11.5:Update" kind="maintenance_release">
          <title>From Here to Eternity</title>
          <description></description>
          <link project="openSUSE:11.5"/>
        </project>
  recorded_at: Mon, 04 Sep 2023 14:56:33 GMT
- request:
    method: put
    uri: http://backend:5352/source/MaintenanceProject/_meta?user=user_3
    body:
      encoding: UTF-8
      string: |
        <project name="MaintenanceProject" kind="maintenance">
          <title>official maintenance space</title>
          <description/>
          <person userid="maintenance_coord" role="maintainer"/>
          <build>
            <disable/>
          </build>
        </project>
    headers:
      Accept-Encoding:
      - gzip;q=1.0,deflate;q=0.6,identity;q=0.3
      Accept:
      - "*/*"
      User-Agent:
      - Ruby
  response:
    status:
      code: 200
      message: OK
    headers:
      Content-Type:
      - text/xml
      Cache-Control:
      - no-cache
      Connection:
      - close
      Content-Length:
      - '233'
    body:
      encoding: UTF-8
      string: |
        <project name="MaintenanceProject" kind="maintenance">
          <title>official maintenance space</title>
          <description></description>
          <person userid="maintenance_coord" role="maintainer"/>
          <build>
            <disable/>
          </build>
        </project>
  recorded_at: Mon, 04 Sep 2023 14:56:34 GMT
- request:
    method: put
    uri: http://backend:5352/source/MaintenanceProject/_project/_attribute?meta=1&user=user_3
    body:
      encoding: UTF-8
      string: |
        <attributes>
          <attribute name="MaintenanceProject" namespace="OBS"/>
        </attributes>
    headers:
      Accept-Encoding:
      - gzip;q=1.0,deflate;q=0.6,identity;q=0.3
      Accept:
      - "*/*"
      User-Agent:
      - Ruby
  response:
    status:
      code: 200
      message: OK
    headers:
      Content-Type:
      - text/xml
      Cache-Control:
      - no-cache
      Connection:
      - close
      Content-Length:
      - '169'
    body:
      encoding: UTF-8
      string: |
        <revision rev="44">
          <srcmd5>b5ac59f5d2a72c7f98586b6c1dbf55de</srcmd5>
          <time>1693839394</time>
          <user>user_3</user>
          <comment></comment>
          <requestid/>
        </revision>
  recorded_at: Mon, 04 Sep 2023 14:56:34 GMT
- request:
    method: put
    uri: http://backend:5352/source/MaintenanceProject/_meta?user=user_3
    body:
      encoding: UTF-8
      string: |
        <project name="MaintenanceProject" kind="maintenance">
          <title>official maintenance space</title>
          <description/>
          <person userid="maintenance_coord" role="maintainer"/>
          <build>
            <disable/>
          </build>
        </project>
    headers:
      Accept-Encoding:
      - gzip;q=1.0,deflate;q=0.6,identity;q=0.3
      Accept:
      - "*/*"
      User-Agent:
      - Ruby
  response:
    status:
      code: 200
      message: OK
    headers:
      Content-Type:
      - text/xml
      Cache-Control:
      - no-cache
      Connection:
      - close
      Content-Length:
      - '233'
    body:
      encoding: UTF-8
      string: |
        <project name="MaintenanceProject" kind="maintenance">
          <title>official maintenance space</title>
          <description></description>
          <person userid="maintenance_coord" role="maintainer"/>
          <build>
            <disable/>
          </build>
        </project>
  recorded_at: Mon, 04 Sep 2023 14:56:34 GMT
- request:
    method: get
    uri: http://backend:5352/build/home:tom:branches:Update/_result?lastbuild=0&locallink=1&multibuild=1&package=cacti.openSUSE_11.4_Update&view=status
    body:
      encoding: US-ASCII
      string: ''
    headers:
      X-Request-Id:
      - 1010bd81-5aa5-4509-b754-59e55eddf319
      Accept-Encoding:
      - gzip;q=1.0,deflate;q=0.6,identity;q=0.3
      Accept:
      - "*/*"
      User-Agent:
      - Ruby
  response:
    status:
      code: 200
      message: OK
    headers:
      Content-Type:
      - text/xml
      Cache-Control:
      - no-cache
      Connection:
      - close
      Content-Length:
      - '55'
    body:
      encoding: UTF-8
      string: '<resultlist state="00000000000000000000000000000000"/>

'
  recorded_at: Mon, 04 Sep 2023 14:56:34 GMT
- request:
    method: get
    uri: http://backend:5352/build/home:tom:branches:Update/_result?lastbuild=0&locallink=1&multibuild=1&package=cacti.openSUSE_11.5_Update&view=status
    body:
      encoding: US-ASCII
      string: ''
    headers:
      X-Request-Id:
      - 1010bd81-5aa5-4509-b754-59e55eddf319
      Accept-Encoding:
      - gzip;q=1.0,deflate;q=0.6,identity;q=0.3
      Accept:
      - "*/*"
      User-Agent:
      - Ruby
  response:
    status:
      code: 200
      message: OK
    headers:
      Content-Type:
      - text/xml
      Cache-Control:
      - no-cache
      Connection:
      - close
      Content-Length:
      - '55'
    body:
      encoding: UTF-8
      string: '<resultlist state="00000000000000000000000000000000"/>

'
  recorded_at: Mon, 04 Sep 2023 14:56:34 GMT
- request:
    method: get
    uri: http://backend:5352/build/home:tom:branches:Update/_result?lastbuild=0&locallink=1&multibuild=1&package=cacti.openSUSE_11.4_Update&view=status
    body:
      encoding: US-ASCII
      string: ''
    headers:
      X-Request-Id:
      - 5d9cce6d-3469-44b7-b622-8958b4c88274
      Accept-Encoding:
      - gzip;q=1.0,deflate;q=0.6,identity;q=0.3
      Accept:
      - "*/*"
      User-Agent:
      - Ruby
  response:
    status:
      code: 200
      message: OK
    headers:
      Content-Type:
      - text/xml
      Cache-Control:
      - no-cache
      Connection:
      - close
      Content-Length:
      - '55'
    body:
      encoding: UTF-8
      string: '<resultlist state="00000000000000000000000000000000"/>

'
  recorded_at: Mon, 04 Sep 2023 14:56:35 GMT
- request:
    method: get
    uri: http://backend:5352/build/home:tom:branches:Update/_result?lastbuild=0&locallink=1&multibuild=1&package=cacti.openSUSE_11.5_Update&view=status
    body:
      encoding: US-ASCII
      string: ''
    headers:
      X-Request-Id:
      - 5d9cce6d-3469-44b7-b622-8958b4c88274
      Accept-Encoding:
      - gzip;q=1.0,deflate;q=0.6,identity;q=0.3
      Accept:
      - "*/*"
      User-Agent:
      - Ruby
  response:
    status:
      code: 200
      message: OK
    headers:
      Content-Type:
      - text/xml
      Cache-Control:
      - no-cache
      Connection:
      - close
      Content-Length:
      - '55'
    body:
      encoding: UTF-8
      string: '<resultlist state="00000000000000000000000000000000"/>

'
  recorded_at: Mon, 04 Sep 2023 14:56:35 GMT
- request:
    method: get
    uri: http://backend:5352/build/home:tom:branches:Update/_result?lastbuild=0&locallink=1&multibuild=1&package=cacti.openSUSE_11.4_Update&view=status
    body:
      encoding: US-ASCII
      string: ''
    headers:
      X-Request-Id:
      - 20fdcc99-913e-4e55-b999-6e89b816da7a
      Accept-Encoding:
      - gzip;q=1.0,deflate;q=0.6,identity;q=0.3
      Accept:
      - "*/*"
      User-Agent:
      - Ruby
  response:
    status:
      code: 200
      message: OK
    headers:
      Content-Type:
      - text/xml
      Cache-Control:
      - no-cache
      Connection:
      - close
      Content-Length:
      - '55'
    body:
      encoding: UTF-8
      string: '<resultlist state="00000000000000000000000000000000"/>

'
  recorded_at: Mon, 04 Sep 2023 14:56:37 GMT
- request:
    method: get
    uri: http://backend:5352/build/home:tom:branches:Update/_result?lastbuild=0&locallink=1&multibuild=1&package=cacti.openSUSE_11.5_Update&view=status
    body:
      encoding: US-ASCII
      string: ''
    headers:
      X-Request-Id:
      - 20fdcc99-913e-4e55-b999-6e89b816da7a
      Accept-Encoding:
      - gzip;q=1.0,deflate;q=0.6,identity;q=0.3
      Accept:
      - "*/*"
      User-Agent:
      - Ruby
  response:
    status:
      code: 200
      message: OK
    headers:
      Content-Type:
      - text/xml
      Cache-Control:
      - no-cache
      Connection:
      - close
      Content-Length:
      - '55'
    body:
      encoding: UTF-8
      string: '<resultlist state="00000000000000000000000000000000"/>

'
  recorded_at: Mon, 04 Sep 2023 14:56:37 GMT
recorded_with: VCR 6.2.0
