---
http_interactions:
- request:
    method: get
    uri: http://backend:5352/source/home:package_test_user/test.json
    body:
      encoding: US-ASCII
      string: ''
    headers:
      X-Request-Id:
      - 45ac72ac-8191-4246-97ea-a870087dd1b7
      Accept-Encoding:
      - gzip;q=1.0,deflate;q=0.6,identity;q=0.3
      Accept:
      - "*/*"
      User-Agent:
      - Ruby
  response:
    status:
      code: 200
      message: OK
    headers:
      Content-Type:
      - text/xml
      Cache-Control:
      - no-cache
      Connection:
      - close
      Content-Length:
      - '84'
    body:
      encoding: UTF-8
      string: |
        <directory name="test.json" srcmd5="d41d8cd98f00b204e9800998ecf8427e">
        </directory>
  recorded_at: Fri, 24 Feb 2023 13:00:55 GMT
- request:
    method: get
    uri: http://backend:5352/source/home:package_test_user/test.json?expand=1
    body:
      encoding: US-ASCII
      string: ''
    headers:
      Accept-Encoding:
      - gzip;q=1.0,deflate;q=0.6,identity;q=0.3
      Accept:
      - "*/*"
      User-Agent:
      - Ruby
  response:
    status:
      code: 200
      message: OK
    headers:
      Content-Type:
      - text/xml
      Cache-Control:
      - no-cache
      Connection:
      - close
      Content-Length:
      - '84'
    body:
      encoding: UTF-8
      string: |
        <directory name="test.json" srcmd5="d41d8cd98f00b204e9800998ecf8427e">
        </directory>
  recorded_at: Fri, 24 Feb 2023 13:00:55 GMT
- request:
    method: get
    uri: http://backend:5352/source/home:package_test_user/test.json/_history?deleted=0&meta=0
    body:
      encoding: US-ASCII
      string: ''
    headers:
      X-Request-Id:
      - 45ac72ac-8191-4246-97ea-a870087dd1b7
      Accept-Encoding:
      - gzip;q=1.0,deflate;q=0.6,identity;q=0.3
      Accept:
      - "*/*"
      User-Agent:
      - Ruby
  response:
    status:
      code: 200
      message: OK
    headers:
      Content-Type:
      - text/xml
      Cache-Control:
      - no-cache
      Connection:
      - close
      Content-Length:
      - '31'
    body:
      encoding: UTF-8
      string: |
        <revisionlist>
        </revisionlist>
  recorded_at: Fri, 24 Feb 2023 13:00:55 GMT
- request:
    method: get
    uri: http://backend:5352/source/home:package_test_user/test.json
    body:
      encoding: US-ASCII
      string: ''
    headers:
      X-Request-Id:
      - c4316112-27e0-487e-bcaf-9d6dd5cde5a8
      Accept-Encoding:
      - gzip;q=1.0,deflate;q=0.6,identity;q=0.3
      Accept:
      - "*/*"
      User-Agent:
      - Ruby
  response:
    status:
      code: 200
      message: OK
    headers:
      Content-Type:
      - text/xml
      Cache-Control:
      - no-cache
      Connection:
      - close
      Content-Length:
      - '84'
    body:
      encoding: UTF-8
      string: |
        <directory name="test.json" srcmd5="d41d8cd98f00b204e9800998ecf8427e">
        </directory>
  recorded_at: Fri, 24 Feb 2023 13:00:55 GMT
- request:
    method: get
    uri: http://backend:5352/build/home:package_test_user/_result?lastbuild=1&locallink=1&multibuild=1&package=test.json&view=status
    body:
      encoding: US-ASCII
      string: ''
    headers:
      X-Request-Id:
      - c4316112-27e0-487e-bcaf-9d6dd5cde5a8
      Accept-Encoding:
      - gzip;q=1.0,deflate;q=0.6,identity;q=0.3
      Accept:
      - "*/*"
      User-Agent:
      - Ruby
  response:
    status:
      code: 200
      message: OK
    headers:
      Content-Type:
      - text/xml
      Cache-Control:
      - no-cache
      Connection:
      - close
      Content-Length:
      - '55'
    body:
      encoding: UTF-8
      string: '<resultlist state="00000000000000000000000000000000"/>

'
  recorded_at: Fri, 24 Feb 2023 13:00:55 GMT
- request:
    method: get
    uri: http://backend:5352/source/home:package_test_user/test.json
    body:
      encoding: US-ASCII
      string: ''
    headers:
      X-Request-Id:
      - cb3ae6a5-d450-4eb7-993e-8aab5d52da04
      Accept-Encoding:
      - gzip;q=1.0,deflate;q=0.6,identity;q=0.3
      Accept:
      - "*/*"
      User-Agent:
      - Ruby
  response:
    status:
      code: 200
      message: OK
    headers:
      Content-Type:
      - text/xml
      Cache-Control:
      - no-cache
      Connection:
      - close
      Content-Length:
      - '84'
    body:
      encoding: UTF-8
      string: |
        <directory name="test.json" srcmd5="d41d8cd98f00b204e9800998ecf8427e">
        </directory>
  recorded_at: Fri, 24 Feb 2023 13:00:55 GMT
- request:
    method: get
    uri: http://backend:5352/build/home:package_test_user/_result?lastbuild=1&locallink=1&multibuild=1&package=test.json&view=status
    body:
      encoding: US-ASCII
      string: ''
    headers:
      X-Request-Id:
      - cb3ae6a5-d450-4eb7-993e-8aab5d52da04
      Accept-Encoding:
      - gzip;q=1.0,deflate;q=0.6,identity;q=0.3
      Accept:
      - "*/*"
      User-Agent:
      - Ruby
  response:
    status:
      code: 200
      message: OK
    headers:
      Content-Type:
      - text/xml
      Cache-Control:
      - no-cache
      Connection:
      - close
      Content-Length:
      - '55'
    body:
      encoding: UTF-8
      string: '<resultlist state="00000000000000000000000000000000"/>

'
  recorded_at: Fri, 24 Feb 2023 13:00:55 GMT
- request:
    method: get
    uri: http://backend:5352/build/home:package_test_user/_result?package=test.json&view=status
    body:
      encoding: US-ASCII
      string: ''
    headers:
      X-Request-Id:
      - 78c5ab6b-7624-4108-8232-715c63018a73
      Accept-Encoding:
      - gzip;q=1.0,deflate;q=0.6,identity;q=0.3
      Accept:
      - "*/*"
      User-Agent:
      - Ruby
  response:
    status:
      code: 200
      message: OK
    headers:
      Content-Type:
      - text/xml
      Cache-Control:
      - no-cache
      Connection:
      - close
      Content-Length:
      - '55'
    body:
      encoding: UTF-8
      string: '<resultlist state="00000000000000000000000000000000"/>

'
  recorded_at: Fri, 24 Feb 2023 13:00:55 GMT
recorded_with: VCR 6.1.0
