---
http_interactions:
- request:
    method: put
    uri: http://backend:5352/source/home:tom/_meta?user=tom
    body:
      encoding: UTF-8
      string: |
        <project name="home:tom">
          <title/>
          <description/>
          <person userid="tom" role="maintainer"/>
        </project>
    headers:
      Accept-Encoding:
      - gzip;q=1.0,deflate;q=0.6,identity;q=0.3
      Accept:
      - "*/*"
      User-Agent:
      - Ruby
  response:
    status:
      code: 200
      message: OK
    headers:
      Content-Type:
      - text/xml
      Cache-Control:
      - no-cache
      Connection:
      - close
      Content-Length:
      - '128'
    body:
      encoding: UTF-8
      string: |
        <project name="home:tom">
          <title></title>
          <description></description>
          <person userid="tom" role="maintainer"/>
        </project>
  recorded_at: Mon, 25 Jul 2022 15:17:06 GMT
- request:
    method: put
    uri: http://backend:5352/source/home:tom/_project/_staging_workflow?user=user_111
    body:
      encoding: UTF-8
      string: |
        <workflow project="home:tom" managers="group_50">
          <staging_project name="home:tom:Staging:A"/>
        </workflow>
    headers:
      Accept-Encoding:
      - gzip;q=1.0,deflate;q=0.6,identity;q=0.3
      Accept:
      - "*/*"
      User-Agent:
      - Ruby
  response:
    status:
      code: 200
      message: OK
    headers:
      Content-Type:
      - text/xml
      Cache-Control:
      - no-cache
      Connection:
      - close
      Content-Length:
      - '172'
    body:
      encoding: UTF-8
      string: |
        <revision rev="140">
          <srcmd5>deff3c2c83ffc237a0ce62cc2d286cfd</srcmd5>
          <time>1658762226</time>
          <user>user_111</user>
          <comment></comment>
          <requestid/>
        </revision>
  recorded_at: Mon, 25 Jul 2022 15:17:06 GMT
- request:
    method: put
    uri: http://backend:5352/source/home:tom:Staging:A/_meta?user=user_111
    body:
      encoding: UTF-8
      string: |
        <project name="home:tom:Staging:A">
          <title/>
          <description/>
          <group groupid="group_50" role="maintainer"/>
        </project>
    headers:
      Accept-Encoding:
      - gzip;q=1.0,deflate;q=0.6,identity;q=0.3
      Accept:
      - "*/*"
      User-Agent:
      - Ruby
  response:
    status:
      code: 200
      message: OK
    headers:
      Content-Type:
      - text/xml
      Cache-Control:
      - no-cache
      Connection:
      - close
      Content-Length:
      - '143'
    body:
      encoding: UTF-8
      string: |
        <project name="home:tom:Staging:A">
          <title></title>
          <description></description>
          <group groupid="group_50" role="maintainer"/>
        </project>
  recorded_at: Mon, 25 Jul 2022 15:17:06 GMT
- request:
    method: put
    uri: http://backend:5352/source/home:tom/_project/_staging_workflow?user=user_111
    body:
      encoding: UTF-8
      string: |
        <workflow project="home:tom" managers="group_50">
          <staging_project name="home:tom:Staging:A"/>
          <staging_project name="home:tom:Staging:B"/>
        </workflow>
    headers:
      Accept-Encoding:
      - gzip;q=1.0,deflate;q=0.6,identity;q=0.3
      Accept:
      - "*/*"
      User-Agent:
      - Ruby
  response:
    status:
      code: 200
      message: OK
    headers:
      Content-Type:
      - text/xml
      Cache-Control:
      - no-cache
      Connection:
      - close
      Content-Length:
      - '172'
    body:
      encoding: UTF-8
      string: |
        <revision rev="141">
          <srcmd5>60166c7db4b1fedd23ee5fb1e55ab112</srcmd5>
          <time>1658762226</time>
          <user>user_111</user>
          <comment></comment>
          <requestid/>
        </revision>
  recorded_at: Mon, 25 Jul 2022 15:17:06 GMT
- request:
    method: put
    uri: http://backend:5352/source/home:tom:Staging:B/_meta?user=user_111
    body:
      encoding: UTF-8
      string: |
        <project name="home:tom:Staging:B">
          <title/>
          <description/>
          <group groupid="group_50" role="maintainer"/>
        </project>
    headers:
      Accept-Encoding:
      - gzip;q=1.0,deflate;q=0.6,identity;q=0.3
      Accept:
      - "*/*"
      User-Agent:
      - Ruby
  response:
    status:
      code: 200
      message: OK
    headers:
      Content-Type:
      - text/xml
      Cache-Control:
      - no-cache
      Connection:
      - close
      Content-Length:
      - '143'
    body:
      encoding: UTF-8
      string: |
        <project name="home:tom:Staging:B">
          <title></title>
          <description></description>
          <group groupid="group_50" role="maintainer"/>
        </project>
  recorded_at: Mon, 25 Jul 2022 15:17:06 GMT
- request:
    method: put
    uri: http://backend:5352/source/home:tom/_meta?user=user_111
    body:
      encoding: UTF-8
      string: |
        <project name="home:tom">
          <title/>
          <description/>
          <person userid="tom" role="maintainer"/>
          <group groupid="group_50" role="reviewer"/>
        </project>
    headers:
      Accept-Encoding:
      - gzip;q=1.0,deflate;q=0.6,identity;q=0.3
      Accept:
      - "*/*"
      User-Agent:
      - Ruby
  response:
    status:
      code: 200
      message: OK
    headers:
      Content-Type:
      - text/xml
      Cache-Control:
      - no-cache
      Connection:
      - close
      Content-Length:
      - '174'
    body:
      encoding: UTF-8
      string: |
        <project name="home:tom">
          <title></title>
          <description></description>
          <person userid="tom" role="maintainer"/>
          <group groupid="group_50" role="reviewer"/>
        </project>
  recorded_at: Mon, 25 Jul 2022 15:17:06 GMT
- request:
    method: put
    uri: http://backend:5352/source/home:tom/_project/_staging_workflow?user=user_111
    body:
      encoding: UTF-8
      string: |
        <workflow project="home:tom" managers="group_50">
          <staging_project name="home:tom:Staging:A"/>
          <staging_project name="home:tom:Staging:B"/>
          <staging_project name="home:tom:Staging:XYZ"/>
        </workflow>
    headers:
      Accept-Encoding:
      - gzip;q=1.0,deflate;q=0.6,identity;q=0.3
      Accept:
      - "*/*"
      User-Agent:
      - Ruby
  response:
    status:
      code: 200
      message: OK
    headers:
      Content-Type:
      - text/xml
      Cache-Control:
      - no-cache
      Connection:
      - close
      Content-Length:
      - '172'
    body:
      encoding: UTF-8
      string: |
        <revision rev="142">
          <srcmd5>bd58c22bb29c9da7b07f11f583432f99</srcmd5>
          <time>1658762226</time>
          <user>user_111</user>
          <comment></comment>
          <requestid/>
        </revision>
  recorded_at: Mon, 25 Jul 2022 15:17:06 GMT
- request:
    method: put
    uri: http://backend:5352/source/home:tom:Staging:XYZ/_config?user=factory%20bot
    body:
      encoding: UTF-8
      string: 'Prefer: foo'
    headers:
      Accept-Encoding:
      - gzip;q=1.0,deflate;q=0.6,identity;q=0.3
      Accept:
      - "*/*"
      User-Agent:
      - Ruby
  response:
    status:
      code: 200
      message: OK
    headers:
      Content-Type:
      - text/xml
      Cache-Control:
      - no-cache
      Connection:
      - close
      Content-Length:
      - '21'
    body:
      encoding: UTF-8
      string: '<status code="ok" />

'
  recorded_at: Mon, 25 Jul 2022 15:17:06 GMT
- request:
    method: get
    uri: http://backend:5352/source/home:tom:Staging:XYZ/_config
    body:
      encoding: US-ASCII
      string: ''
    headers:
      Accept-Encoding:
      - gzip;q=1.0,deflate;q=0.6,identity;q=0.3
      Accept:
      - "*/*"
      User-Agent:
      - Ruby
  response:
    status:
      code: 200
      message: OK
    headers:
      Content-Type:
      - text/plain
      Cache-Control:
      - no-cache
      Connection:
      - close
      Content-Length:
      - '11'
    body:
      encoding: UTF-8
      string: 'Prefer: foo'
  recorded_at: Mon, 25 Jul 2022 15:17:06 GMT
- request:
    method: put
    uri: http://backend:5352/source/home:tom:Staging:XYZ/_meta?user=user_112
    body:
      encoding: UTF-8
      string: |
        <project name="home:tom:Staging:XYZ">
          <title>This Side of Paradise</title>
          <description/>
          <group groupid="group_50" role="maintainer"/>
        </project>
    headers:
      Accept-Encoding:
      - gzip;q=1.0,deflate;q=0.6,identity;q=0.3
      Accept:
      - "*/*"
      User-Agent:
      - Ruby
  response:
    status:
      code: 200
      message: OK
    headers:
      Content-Type:
      - text/xml
      Cache-Control:
      - no-cache
      Connection:
      - close
      Content-Length:
      - '166'
    body:
      encoding: UTF-8
      string: |
        <project name="home:tom:Staging:XYZ">
          <title>This Side of Paradise</title>
          <description></description>
          <group groupid="group_50" role="maintainer"/>
        </project>
  recorded_at: Mon, 25 Jul 2022 15:17:06 GMT
- request:
    method: put
    uri: http://backend:5352/source/home:tom:Staging:XYZ/package_with_file/_meta?user=user_113
    body:
      encoding: UTF-8
      string: |
        <package name="package_with_file" project="home:tom:Staging:XYZ">
          <title>The Cricket on the Hearth</title>
          <description>Ullam repellendus eos quod.</description>
        </package>
    headers:
      Accept-Encoding:
      - gzip;q=1.0,deflate;q=0.6,identity;q=0.3
      Accept:
      - "*/*"
      User-Agent:
      - Ruby
  response:
    status:
      code: 200
      message: OK
    headers:
      Content-Type:
      - text/xml
      Cache-Control:
      - no-cache
      Connection:
      - close
      Content-Length:
      - '177'
    body:
      encoding: UTF-8
      string: |
        <package name="package_with_file" project="home:tom:Staging:XYZ">
          <title>The Cricket on the Hearth</title>
          <description>Ullam repellendus eos quod.</description>
        </package>
  recorded_at: Mon, 25 Jul 2022 15:17:06 GMT
- request:
    method: put
    uri: http://backend:5352/source/home:tom:Staging:XYZ/package_with_file/_config
    body:
      encoding: UTF-8
      string: Perferendis quia modi. Aperiam vitae id. Aspernatur alias qui.
    headers:
      Accept-Encoding:
      - gzip;q=1.0,deflate;q=0.6,identity;q=0.3
      Accept:
      - "*/*"
      User-Agent:
      - Ruby
  response:
    status:
      code: 200
      message: OK
    headers:
      Content-Type:
      - text/xml
      Cache-Control:
      - no-cache
      Connection:
      - close
      Content-Length:
      - '209'
    body:
      encoding: UTF-8
      string: |
        <revision rev="13" vrev="13">
          <srcmd5>128a682f85941460db690f3317773833</srcmd5>
          <version>unknown</version>
          <time>1658762226</time>
          <user>unknown</user>
          <comment></comment>
          <requestid/>
        </revision>
  recorded_at: Mon, 25 Jul 2022 15:17:06 GMT
- request:
    method: put
    uri: http://backend:5352/source/home:tom:Staging:XYZ/package_with_file/somefile.txt
    body:
      encoding: UTF-8
      string: Sunt quos ut. Laboriosam quos enim. Magnam consequatur accusantium.
    headers:
      Accept-Encoding:
      - gzip;q=1.0,deflate;q=0.6,identity;q=0.3
      Accept:
      - "*/*"
      User-Agent:
      - Ruby
  response:
    status:
      code: 200
      message: OK
    headers:
      Content-Type:
      - text/xml
      Cache-Control:
      - no-cache
      Connection:
      - close
      Content-Length:
      - '209'
    body:
      encoding: UTF-8
      string: |
        <revision rev="14" vrev="14">
          <srcmd5>d366cd5bd9652c57481fc662bcd2f99f</srcmd5>
          <version>unknown</version>
          <time>1658762226</time>
          <user>unknown</user>
          <comment></comment>
          <requestid/>
        </revision>
  recorded_at: Mon, 25 Jul 2022 15:17:06 GMT
- request:
    method: put
    uri: http://backend:5352/source/project_21/_meta?user=tom
    body:
      encoding: UTF-8
      string: |
        <project name="project_21">
          <title>The Golden Bowl</title>
          <description/>
        </project>
    headers:
      Accept-Encoding:
      - gzip;q=1.0,deflate;q=0.6,identity;q=0.3
      Accept:
      - "*/*"
      User-Agent:
      - Ruby
  response:
    status:
      code: 200
      message: OK
    headers:
      Content-Type:
      - text/xml
      Cache-Control:
      - no-cache
      Connection:
      - close
      Content-Length:
      - '102'
    body:
      encoding: UTF-8
      string: |
        <project name="project_21">
          <title>The Golden Bowl</title>
          <description></description>
        </project>
  recorded_at: Mon, 25 Jul 2022 15:17:06 GMT
- request:
    method: put
    uri: http://backend:5352/source/project_22/_meta?user=tom
    body:
      encoding: UTF-8
      string: |
        <project name="project_22">
          <title>The Needle's Eye</title>
          <description/>
        </project>
    headers:
      Accept-Encoding:
      - gzip;q=1.0,deflate;q=0.6,identity;q=0.3
      Accept:
      - "*/*"
      User-Agent:
      - Ruby
  response:
    status:
      code: 200
      message: OK
    headers:
      Content-Type:
      - text/xml
      Cache-Control:
      - no-cache
      Connection:
      - close
      Content-Length:
      - '103'
    body:
      encoding: UTF-8
      string: |
        <project name="project_22">
          <title>The Needle's Eye</title>
          <description></description>
        </project>
  recorded_at: Mon, 25 Jul 2022 15:17:06 GMT
- request:
    method: put
    uri: http://backend:5352/source/project_23/_meta?user=tom
    body:
      encoding: UTF-8
      string: |
        <project name="project_23">
          <title>Oh! To be in England</title>
          <description/>
        </project>
    headers:
      Accept-Encoding:
      - gzip;q=1.0,deflate;q=0.6,identity;q=0.3
      Accept:
      - "*/*"
      User-Agent:
      - Ruby
  response:
    status:
      code: 200
      message: OK
    headers:
      Content-Type:
      - text/xml
      Cache-Control:
      - no-cache
      Connection:
      - close
      Content-Length:
      - '107'
    body:
      encoding: UTF-8
      string: |
        <project name="project_23">
          <title>Oh! To be in England</title>
          <description></description>
        </project>
  recorded_at: Mon, 25 Jul 2022 15:17:06 GMT
- request:
    method: put
    uri: http://backend:5352/source/home:tom/_project/_staging_workflow?user=tom
    body:
      encoding: UTF-8
      string: |
        <workflow project="home:tom" managers="group_50">
          <staging_project name="home:tom:Staging:A"/>
          <staging_project name="home:tom:Staging:B"/>
          <staging_project name="home:tom:Staging:XYZ"/>
          <staging_project name="home:tom:new_project"/>
        </workflow>
    headers:
      Accept-Encoding:
      - gzip;q=1.0,deflate;q=0.6,identity;q=0.3
      Accept:
      - "*/*"
      User-Agent:
      - Ruby
  response:
    status:
      code: 200
      message: OK
    headers:
      Content-Type:
      - text/xml
      Cache-Control:
      - no-cache
      Connection:
      - close
      Content-Length:
      - '167'
    body:
      encoding: UTF-8
      string: |
        <revision rev="143">
          <srcmd5>19f24b65df15f5ea7d7a6b8079759cb0</srcmd5>
          <time>1658762226</time>
          <user>tom</user>
          <comment></comment>
          <requestid/>
        </revision>
  recorded_at: Mon, 25 Jul 2022 15:17:06 GMT
- request:
    method: put
    uri: http://backend:5352/source/home:tom/_project/_staging_workflow?user=tom
    body:
      encoding: UTF-8
      string: |
        <workflow project="home:tom" managers="group_50">
          <staging_project name="home:tom:Staging:A"/>
          <staging_project name="home:tom:Staging:B"/>
          <staging_project name="home:tom:Staging:XYZ"/>
          <staging_project name="home:tom:new_project"/>
        </workflow>
    headers:
      Accept-Encoding:
      - gzip;q=1.0,deflate;q=0.6,identity;q=0.3
      Accept:
      - "*/*"
      User-Agent:
      - Ruby
  response:
    status:
      code: 200
      message: OK
    headers:
      Content-Type:
      - text/xml
      Cache-Control:
      - no-cache
      Connection:
      - close
      Content-Length:
      - '167'
    body:
      encoding: UTF-8
      string: |
        <revision rev="144">
          <srcmd5>19f24b65df15f5ea7d7a6b8079759cb0</srcmd5>
          <time>1658762226</time>
          <user>tom</user>
          <comment></comment>
          <requestid/>
        </revision>
  recorded_at: Mon, 25 Jul 2022 15:17:06 GMT
- request:
    method: put
    uri: http://backend:5352/source/home:tom:new_project/_meta?user=tom
    body:
      encoding: UTF-8
      string: |
        <project name="home:tom:new_project">
          <title>This Side of Paradise</title>
          <description/>
          <person userid="user_114" role="maintainer"/>
          <group groupid="group_50" role="maintainer"/>
          <group groupid="group_51" role="maintainer"/>
          <sourceaccess>
            <disable/>
          </sourceaccess>
          <repository name="staging_repository">
            <download arch="x86_64" url="http://suse.com" repotype="rpmmd"/>
            <path project="project_21" repository="repository_19"/>
            <path project="project_22" repository="repository_20"/>
            <path project="project_23" repository="repository_21"/>
            <path project="home:tom:new_project" repository="home_tom_new_project_sles_12"/>
            <arch>x86_64</arch>
          </repository>
          <repository name="home_tom_new_project_sles_12">
            <arch>x86_64</arch>
          </repository>
        </project>
    headers:
      Accept-Encoding:
      - gzip;q=1.0,deflate;q=0.6,identity;q=0.3
      Accept:
      - "*/*"
      User-Agent:
      - Ruby
  response:
    status:
      code: 200
      message: OK
    headers:
      Content-Type:
      - text/xml
      Cache-Control:
      - no-cache
      Connection:
      - close
      Content-Length:
      - '818'
    body:
      encoding: UTF-8
      string: |
        <project name="home:tom:new_project">
          <title>This Side of Paradise</title>
          <description></description>
          <person userid="user_114" role="maintainer"/>
          <group groupid="group_50" role="maintainer"/>
          <group groupid="group_51" role="maintainer"/>
          <sourceaccess>
            <disable/>
          </sourceaccess>
          <repository name="staging_repository">
            <download arch="x86_64" repotype="rpmmd" url="http://suse.com"/>
            <path project="project_21" repository="repository_19"/>
            <path project="project_22" repository="repository_20"/>
            <path project="project_23" repository="repository_21"/>
            <path project="home:tom:new_project" repository="home_tom_new_project_sles_12"/>
            <arch>x86_64</arch>
          </repository>
          <repository name="home_tom_new_project_sles_12">
            <arch>x86_64</arch>
          </repository>
        </project>
  recorded_at: Mon, 25 Jul 2022 15:17:06 GMT
- request:
    method: put
    uri: http://backend:5352/source/home:tom:new_project/_config?comment=Copying%20project%20home:tom:Staging:XYZ&user=tom
    body:
      encoding: UTF-8
      string: 'Prefer: foo'
    headers:
      Accept-Encoding:
      - gzip;q=1.0,deflate;q=0.6,identity;q=0.3
      Accept:
      - "*/*"
      User-Agent:
      - Ruby
  response:
    status:
      code: 200
      message: OK
    headers:
      Content-Type:
      - text/xml
      Cache-Control:
      - no-cache
      Connection:
      - close
      Content-Length:
      - '21'
    body:
      encoding: UTF-8
      string: '<status code="ok" />

'
  recorded_at: Mon, 25 Jul 2022 15:17:06 GMT
- request:
    method: get
    uri: http://backend:5352/source/home:tom:new_project/_config
    body:
      encoding: US-ASCII
      string: ''
    headers:
      Accept-Encoding:
      - gzip;q=1.0,deflate;q=0.6,identity;q=0.3
      Accept:
      - "*/*"
      User-Agent:
      - Ruby
  response:
    status:
      code: 200
      message: OK
    headers:
      Content-Type:
      - text/plain
      Cache-Control:
      - no-cache
      Connection:
      - close
      Content-Length:
      - '11'
    body:
      encoding: UTF-8
      string: 'Prefer: foo'
  recorded_at: Mon, 25 Jul 2022 15:17:06 GMT
recorded_with: VCR 6.1.0
