---
http_interactions:
- request:
    method: put
    uri: http://backend:5352/source/home:Iggy/_meta?user=Iggy
    body:
      encoding: UTF-8
      string: |
        <project name="home:Iggy">
          <title/>
          <description/>
          <person userid="Iggy" role="maintainer"/>
        </project>
    headers:
      Accept-Encoding:
      - gzip;q=1.0,deflate;q=0.6,identity;q=0.3
      Accept:
      - "*/*"
      User-Agent:
      - Ruby
  response:
    status:
      code: 200
      message: OK
    headers:
      Content-Type:
      - text/xml
      Cache-Control:
      - no-cache
      Connection:
      - close
      Content-Length:
      - '130'
    body:
      encoding: UTF-8
      string: |
        <project name="home:Iggy">
          <title></title>
          <description></description>
          <person userid="Iggy" role="maintainer"/>
        </project>
  recorded_at: Mon, 31 Jan 2022 15:07:44 GMT
- request:
    method: put
    uri: http://backend:5352/source/foo_project/_meta?user=user_13
    body:
      encoding: UTF-8
      string: |
        <project name="foo_project">
          <title>In a Dry Season</title>
          <description/>
          <person userid="Iggy" role="maintainer"/>
        </project>
    headers:
      Accept-Encoding:
      - gzip;q=1.0,deflate;q=0.6,identity;q=0.3
      Accept:
      - "*/*"
      User-Agent:
      - Ruby
  response:
    status:
      code: 200
      message: OK
    headers:
      Content-Type:
      - text/xml
      Cache-Control:
      - no-cache
      Connection:
      - close
      Content-Length:
      - '147'
    body:
      encoding: UTF-8
      string: |
        <project name="foo_project">
          <title>In a Dry Season</title>
          <description></description>
          <person userid="Iggy" role="maintainer"/>
        </project>
  recorded_at: Mon, 31 Jan 2022 15:07:44 GMT
- request:
    method: put
    uri: http://backend:5352/source/foo_project/bar_package/_meta?user=user_14
    body:
      encoding: UTF-8
      string: |
        <package name="bar_package" project="foo_project">
          <title>No Longer at Ease</title>
          <description>Natus consequatur suscipit temporibus.</description>
        </package>
    headers:
      Accept-Encoding:
      - gzip;q=1.0,deflate;q=0.6,identity;q=0.3
      Accept:
      - "*/*"
      User-Agent:
      - Ruby
  response:
    status:
      code: 200
      message: OK
    headers:
      Content-Type:
      - text/xml
      Cache-Control:
      - no-cache
      Connection:
      - close
      Content-Length:
      - '165'
    body:
      encoding: UTF-8
      string: |
        <package name="bar_package" project="foo_project">
          <title>No Longer at Ease</title>
          <description>Natus consequatur suscipit temporibus.</description>
        </package>
  recorded_at: Mon, 31 Jan 2022 15:07:44 GMT
- request:
    method: put
    uri: http://backend:5352/source/foo_project/bar_package/_config
    body:
      encoding: UTF-8
      string: Aut est nihil. Error iusto a. Quia rerum corrupti.
    headers:
      Accept-Encoding:
      - gzip;q=1.0,deflate;q=0.6,identity;q=0.3
      Accept:
      - "*/*"
      User-Agent:
      - Ruby
  response:
    status:
      code: 200
      message: OK
    headers:
      Content-Type:
      - text/xml
      Cache-Control:
      - no-cache
      Connection:
      - close
      Content-Length:
      - '211'
    body:
      encoding: UTF-8
      string: |
        <revision rev="115" vrev="115">
          <srcmd5>bda35de11ced450ff1f11aa7e9247276</srcmd5>
          <version>unknown</version>
          <time>1643641664</time>
          <user>unknown</user>
          <comment></comment>
          <requestid/>
        </revision>
  recorded_at: Mon, 31 Jan 2022 15:07:44 GMT
- request:
    method: put
    uri: http://backend:5352/source/foo_project/bar_package/somefile.txt
    body:
      encoding: UTF-8
      string: Facilis sint deserunt. Ratione quae nulla. Reprehenderit quis quasi.
    headers:
      Accept-Encoding:
      - gzip;q=1.0,deflate;q=0.6,identity;q=0.3
      Accept:
      - "*/*"
      User-Agent:
      - Ruby
  response:
    status:
      code: 200
      message: OK
    headers:
      Content-Type:
      - text/xml
      Cache-Control:
      - no-cache
      Connection:
      - close
      Content-Length:
      - '211'
    body:
      encoding: UTF-8
      string: |
        <revision rev="116" vrev="116">
          <srcmd5>1b70b42f7239ee7509fc9c8d1894a543</srcmd5>
          <version>unknown</version>
          <time>1643641664</time>
          <user>unknown</user>
          <comment></comment>
          <requestid/>
        </revision>
  recorded_at: Mon, 31 Jan 2022 15:07:44 GMT
- request:
    method: post
    uri: http://backend:5352/search/package/id?match=(linkinfo/@package=%22bar_package%22%20and%20linkinfo/@project=%22foo_project%22%20and%20@project=%22foo_project%22)
    body:
      encoding: UTF-8
      string: ''
    headers:
      Content-Type:
      - application/octet-stream
      Accept-Encoding:
      - gzip;q=1.0,deflate;q=0.6,identity;q=0.3
      Accept:
      - "*/*"
      User-Agent:
      - Ruby
  response:
    status:
      code: 200
      message: OK
    headers:
      Content-Type:
      - text/xml
      Cache-Control:
      - no-cache
      Connection:
      - close
      Content-Length:
      - '27'
    body:
      encoding: UTF-8
      string: |
        <collection>
        </collection>
  recorded_at: Mon, 31 Jan 2022 15:07:45 GMT
- request:
    method: put
    uri: http://backend:5352/source/home:Iggy/bar_package-123456789/_meta?user=Iggy
    body:
      encoding: UTF-8
      string: |
        <package name="bar_package-123456789" project="home:Iggy">
          <title>No Longer at Ease</title>
          <description>Natus consequatur suscipit temporibus.</description>
        </package>
    headers:
      Accept-Encoding:
      - gzip;q=1.0,deflate;q=0.6,identity;q=0.3
      Accept:
      - "*/*"
      User-Agent:
      - Ruby
  response:
    status:
      code: 200
      message: OK
    headers:
      Content-Type:
      - text/xml
      Cache-Control:
      - no-cache
      Connection:
      - close
      Content-Length:
      - '173'
    body:
      encoding: UTF-8
      string: |
        <package name="bar_package-123456789" project="home:Iggy">
          <title>No Longer at Ease</title>
          <description>Natus consequatur suscipit temporibus.</description>
        </package>
  recorded_at: Mon, 31 Jan 2022 15:07:45 GMT
- request:
    method: post
    uri: http://backend:5352/source/home:Iggy/bar_package-123456789?cmd=branch&noservice=1&opackage=bar_package&oproject=foo_project&user=Iggy
    body:
      encoding: UTF-8
      string: ''
    headers:
      Content-Type:
      - application/octet-stream
      Accept-Encoding:
      - gzip;q=1.0,deflate;q=0.6,identity;q=0.3
      Accept:
      - "*/*"
      User-Agent:
      - Ruby
  response:
    status:
      code: 200
      message: OK
    headers:
      Content-Type:
      - text/xml
      Cache-Control:
      - no-cache
      Connection:
      - close
      Content-Length:
      - '206'
    body:
      encoding: UTF-8
      string: |
        <revision rev="39" vrev="39">
          <srcmd5>6d3543f3fdc94904c3b66a58b47d4d03</srcmd5>
          <version>unknown</version>
          <time>1643641665</time>
          <user>Iggy</user>
          <comment></comment>
          <requestid/>
        </revision>
  recorded_at: Mon, 31 Jan 2022 15:07:45 GMT
- request:
    method: put
    uri: http://backend:5352/source/home:Iggy/bar_package-123456789/_meta?user=Iggy
    body:
      encoding: UTF-8
      string: |
        <package name="bar_package-123456789" project="home:Iggy">
          <title>No Longer at Ease</title>
          <description>Natus consequatur suscipit temporibus.</description>
        </package>
    headers:
      Accept-Encoding:
      - gzip;q=1.0,deflate;q=0.6,identity;q=0.3
      Accept:
      - "*/*"
      User-Agent:
      - Ruby
  response:
    status:
      code: 200
      message: OK
    headers:
      Content-Type:
      - text/xml
      Cache-Control:
      - no-cache
      Connection:
      - close
      Content-Length:
      - '173'
    body:
      encoding: UTF-8
      string: |
        <package name="bar_package-123456789" project="home:Iggy">
          <title>No Longer at Ease</title>
          <description>Natus consequatur suscipit temporibus.</description>
        </package>
  recorded_at: Mon, 31 Jan 2022 15:07:45 GMT
- request:
    method: get
    uri: http://backend:5352/source/home:Iggy/bar_package-123456789
    body:
      encoding: US-ASCII
      string: ''
    headers:
      Accept-Encoding:
      - gzip;q=1.0,deflate;q=0.6,identity;q=0.3
      Accept:
      - "*/*"
      User-Agent:
      - Ruby
  response:
    status:
      code: 200
      message: OK
    headers:
      Content-Type:
      - text/xml
      Cache-Control:
      - no-cache
      Connection:
      - close
      Content-Length:
      - '733'
    body:
      encoding: UTF-8
      string: |
        <directory name="bar_package-123456789" rev="39" vrev="39" srcmd5="6d3543f3fdc94904c3b66a58b47d4d03">
          <linkinfo project="foo_project" package="bar_package" srcmd5="1b70b42f7239ee7509fc9c8d1894a543" baserev="1b70b42f7239ee7509fc9c8d1894a543" xsrcmd5="d32b4e3e2f4620ebab17749b3ac9f955" lsrcmd5="6d3543f3fdc94904c3b66a58b47d4d03"/>
          <entry name="_branch_request" md5="c4321e613d633f87e139ae1201ad0bf8" size="113" mtime="1643641537"/>
          <entry name="_config" md5="e155ab45dc14eebf09d7035891741f98" size="50" mtime="1643641664"/>
          <entry name="_link" md5="7ef2bc2eca03f8774a088711797bc931" size="141" mtime="1643641665"/>
          <entry name="somefile.txt" md5="797e07d021f8daa49562842fbd7b3dfc" size="68" mtime="1643641664"/>
        </directory>
  recorded_at: Mon, 31 Jan 2022 15:07:45 GMT
- request:
    method: get
    uri: http://backend:5352/source/home:Iggy/bar_package-123456789?view=info
    body:
      encoding: US-ASCII
      string: ''
    headers:
      Accept-Encoding:
      - gzip;q=1.0,deflate;q=0.6,identity;q=0.3
      Accept:
      - "*/*"
      User-Agent:
      - Ruby
  response:
    status:
      code: 200
      message: OK
    headers:
      Content-Type:
      - text/xml
      Cache-Control:
      - no-cache
      Connection:
      - close
      Content-Length:
      - '341'
    body:
      encoding: UTF-8
      string: |
        <sourceinfo package="bar_package-123456789" rev="39" vrev="155" srcmd5="d32b4e3e2f4620ebab17749b3ac9f955" lsrcmd5="6d3543f3fdc94904c3b66a58b47d4d03" verifymd5="1b70b42f7239ee7509fc9c8d1894a543">
          <error>bad build configuration, no build type defined or detected</error>
          <linked project="foo_project" package="bar_package"/>
        </sourceinfo>
  recorded_at: Mon, 31 Jan 2022 15:07:45 GMT
- request:
    method: get
    uri: http://backend:5352/source/home:Iggy/bar_package-123456789
    body:
      encoding: US-ASCII
      string: ''
    headers:
      Accept-Encoding:
      - gzip;q=1.0,deflate;q=0.6,identity;q=0.3
      Accept:
      - "*/*"
      User-Agent:
      - Ruby
  response:
    status:
      code: 200
      message: OK
    headers:
      Content-Type:
      - text/xml
      Cache-Control:
      - no-cache
      Connection:
      - close
      Content-Length:
      - '733'
    body:
      encoding: UTF-8
      string: |
        <directory name="bar_package-123456789" rev="39" vrev="39" srcmd5="6d3543f3fdc94904c3b66a58b47d4d03">
          <linkinfo project="foo_project" package="bar_package" srcmd5="1b70b42f7239ee7509fc9c8d1894a543" baserev="1b70b42f7239ee7509fc9c8d1894a543" xsrcmd5="d32b4e3e2f4620ebab17749b3ac9f955" lsrcmd5="6d3543f3fdc94904c3b66a58b47d4d03"/>
          <entry name="_branch_request" md5="c4321e613d633f87e139ae1201ad0bf8" size="113" mtime="1643641537"/>
          <entry name="_config" md5="e155ab45dc14eebf09d7035891741f98" size="50" mtime="1643641664"/>
          <entry name="_link" md5="7ef2bc2eca03f8774a088711797bc931" size="141" mtime="1643641665"/>
          <entry name="somefile.txt" md5="797e07d021f8daa49562842fbd7b3dfc" size="68" mtime="1643641664"/>
        </directory>
  recorded_at: Mon, 31 Jan 2022 15:07:45 GMT
- request:
    method: post
    uri: http://backend:5352/source/home:Iggy/bar_package-123456789?cmd=diff&linkrev=base&onlyissues=1&orev=0&view=xml
    body:
      encoding: UTF-8
      string: ''
    headers:
      Content-Type:
      - application/octet-stream
      Accept-Encoding:
      - gzip;q=1.0,deflate;q=0.6,identity;q=0.3
      Accept:
      - "*/*"
      User-Agent:
      - Ruby
  response:
    status:
      code: 200
      message: OK
    headers:
      Content-Type:
      - text/xml
      Cache-Control:
      - no-cache
      Connection:
      - close
      Content-Length:
      - '323'
    body:
      encoding: UTF-8
      string: |
        <sourcediff key="565e0ed3f743731232be3bacaa5a87a7">
          <old project="home:Iggy" package="bar_package-123456789" rev="0" srcmd5="d41d8cd98f00b204e9800998ecf8427e"/>
          <new project="home:Iggy" package="bar_package-123456789" rev="39" srcmd5="6d3543f3fdc94904c3b66a58b47d4d03"/>
          <files/>
          <issues>
          </issues>
        </sourcediff>
  recorded_at: Mon, 31 Jan 2022 15:07:45 GMT
- request:
    method: post
    uri: http://backend:5352/source/home:Iggy/bar_package-123456789?cmd=linkdiff&linkrev=base&onlyissues=1&view=xml
    body:
      encoding: UTF-8
      string: ''
    headers:
      Content-Type:
      - application/octet-stream
      Accept-Encoding:
      - gzip;q=1.0,deflate;q=0.6,identity;q=0.3
      Accept:
      - "*/*"
      User-Agent:
      - Ruby
  response:
    status:
      code: 200
      message: OK
    headers:
      Content-Type:
      - text/xml
      Cache-Control:
      - no-cache
      Connection:
      - close
      Content-Length:
      - '376'
    body:
      encoding: UTF-8
      string: |
        <sourcediff key="0aa5f53a11f169a4e475780072ea3896">
          <old project="foo_project" package="bar_package" rev="1b70b42f7239ee7509fc9c8d1894a543" srcmd5="1b70b42f7239ee7509fc9c8d1894a543"/>
          <new project="home:Iggy" package="bar_package-123456789" rev="d32b4e3e2f4620ebab17749b3ac9f955" srcmd5="d32b4e3e2f4620ebab17749b3ac9f955"/>
          <files/>
          <issues>
          </issues>
        </sourcediff>
  recorded_at: Mon, 31 Jan 2022 15:07:45 GMT
- request:
    method: put
    uri: http://backend:5352/source/home:Iggy/_meta?user=Iggy
    body:
      encoding: UTF-8
      string: |
        <project name="home:Iggy">
          <title/>
          <description/>
          <person userid="Iggy" role="maintainer"/>
          <repository name="openSUSE_Tumbleweed">
            <arch>x86_64</arch>
          </repository>
          <repository name="Unicorn_123">
            <arch>x86_64</arch>
            <arch>i586</arch>
            <arch>ppc</arch>
            <arch>aarch64</arch>
          </repository>
        </project>
    headers:
      Accept-Encoding:
      - gzip;q=1.0,deflate;q=0.6,identity;q=0.3
      Accept:
      - "*/*"
      User-Agent:
      - Ruby
  response:
    status:
      code: 200
      message: OK
    headers:
      Content-Type:
      - text/xml
      Cache-Control:
      - no-cache
      Connection:
      - close
      Content-Length:
      - '354'
    body:
      encoding: UTF-8
      string: |
        <project name="home:Iggy">
          <title></title>
          <description></description>
          <person userid="Iggy" role="maintainer"/>
          <repository name="openSUSE_Tumbleweed">
            <arch>x86_64</arch>
          </repository>
          <repository name="Unicorn_123">
            <arch>x86_64</arch>
            <arch>i586</arch>
            <arch>ppc</arch>
            <arch>aarch64</arch>
          </repository>
        </project>
  recorded_at: Mon, 31 Jan 2022 15:07:45 GMT
- request:
    method: put
    uri: http://backend:5352/source/home:Iggy/bar_package-123456789/_branch_request?user=Iggy
    body:
      encoding: UTF-8
      string: '{"object_kind":null,"project":{"http_url":null},"object_attributes":{"source":{"default_branch":"123456789"}}}'
    headers:
      Accept-Encoding:
      - gzip;q=1.0,deflate;q=0.6,identity;q=0.3
      Accept:
      - "*/*"
      User-Agent:
      - Ruby
  response:
    status:
      code: 200
      message: OK
    headers:
      Content-Type:
      - text/xml
      Cache-Control:
      - no-cache
      Connection:
      - close
      Content-Length:
      - '206'
    body:
      encoding: UTF-8
      string: |
        <revision rev="40" vrev="40">
          <srcmd5>36a28e224c97ae78be84cf239b0c4892</srcmd5>
          <version>unknown</version>
          <time>1643641665</time>
          <user>Iggy</user>
          <comment></comment>
          <requestid/>
        </revision>
  recorded_at: Mon, 31 Jan 2022 15:07:45 GMT
- request:
    method: put
    uri: http://backend:5352/source/home:Iggy/bar_package-123456789/_meta?user=Iggy
    body:
      encoding: UTF-8
      string: |
        <package name="bar_package-123456789" project="home:Iggy">
          <title>No Longer at Ease</title>
          <description>Natus consequatur suscipit temporibus.</description>
        </package>
    headers:
      Accept-Encoding:
      - gzip;q=1.0,deflate;q=0.6,identity;q=0.3
      Accept:
      - "*/*"
      User-Agent:
      - Ruby
  response:
    status:
      code: 200
      message: OK
    headers:
      Content-Type:
      - text/xml
      Cache-Control:
      - no-cache
      Connection:
      - close
      Content-Length:
      - '173'
    body:
      encoding: UTF-8
      string: |
        <package name="bar_package-123456789" project="home:Iggy">
          <title>No Longer at Ease</title>
          <description>Natus consequatur suscipit temporibus.</description>
        </package>
  recorded_at: Mon, 31 Jan 2022 15:07:45 GMT
- request:
    method: get
    uri: http://backend:5352/source/home:Iggy/bar_package-123456789
    body:
      encoding: US-ASCII
      string: ''
    headers:
      Accept-Encoding:
      - gzip;q=1.0,deflate;q=0.6,identity;q=0.3
      Accept:
      - "*/*"
      User-Agent:
      - Ruby
  response:
    status:
      code: 200
      message: OK
    headers:
      Content-Type:
      - text/xml
      Cache-Control:
      - no-cache
      Connection:
      - close
      Content-Length:
      - '733'
    body:
      encoding: UTF-8
      string: |
        <directory name="bar_package-123456789" rev="40" vrev="40" srcmd5="36a28e224c97ae78be84cf239b0c4892">
          <linkinfo project="foo_project" package="bar_package" srcmd5="1b70b42f7239ee7509fc9c8d1894a543" baserev="1b70b42f7239ee7509fc9c8d1894a543" xsrcmd5="243eb7c8a505686515b569f57f1a44c5" lsrcmd5="36a28e224c97ae78be84cf239b0c4892"/>
          <entry name="_branch_request" md5="1ecf0e682a06f24b71446f85ff3bd803" size="110" mtime="1643641658"/>
          <entry name="_config" md5="e155ab45dc14eebf09d7035891741f98" size="50" mtime="1643641664"/>
          <entry name="_link" md5="7ef2bc2eca03f8774a088711797bc931" size="141" mtime="1643641665"/>
          <entry name="somefile.txt" md5="797e07d021f8daa49562842fbd7b3dfc" size="68" mtime="1643641664"/>
        </directory>
  recorded_at: Mon, 31 Jan 2022 15:07:45 GMT
- request:
    method: get
    uri: http://backend:5352/source/home:Iggy/bar_package-123456789?view=info
    body:
      encoding: US-ASCII
      string: ''
    headers:
      Accept-Encoding:
      - gzip;q=1.0,deflate;q=0.6,identity;q=0.3
      Accept:
      - "*/*"
      User-Agent:
      - Ruby
  response:
    status:
      code: 200
      message: OK
    headers:
      Content-Type:
      - text/xml
      Cache-Control:
      - no-cache
      Connection:
      - close
      Content-Length:
      - '341'
    body:
      encoding: UTF-8
      string: |
        <sourceinfo package="bar_package-123456789" rev="40" vrev="156" srcmd5="243eb7c8a505686515b569f57f1a44c5" lsrcmd5="36a28e224c97ae78be84cf239b0c4892" verifymd5="b5d7fa314200ea5cf0daea476fc8ee2d">
          <error>bad build configuration, no build type defined or detected</error>
          <linked project="foo_project" package="bar_package"/>
        </sourceinfo>
  recorded_at: Mon, 31 Jan 2022 15:07:45 GMT
- request:
    method: get
    uri: http://backend:5352/source/home:Iggy/bar_package-123456789
    body:
      encoding: US-ASCII
      string: ''
    headers:
      Accept-Encoding:
      - gzip;q=1.0,deflate;q=0.6,identity;q=0.3
      Accept:
      - "*/*"
      User-Agent:
      - Ruby
  response:
    status:
      code: 200
      message: OK
    headers:
      Content-Type:
      - text/xml
      Cache-Control:
      - no-cache
      Connection:
      - close
      Content-Length:
      - '733'
    body:
      encoding: UTF-8
      string: |
        <directory name="bar_package-123456789" rev="40" vrev="40" srcmd5="36a28e224c97ae78be84cf239b0c4892">
          <linkinfo project="foo_project" package="bar_package" srcmd5="1b70b42f7239ee7509fc9c8d1894a543" baserev="1b70b42f7239ee7509fc9c8d1894a543" xsrcmd5="243eb7c8a505686515b569f57f1a44c5" lsrcmd5="36a28e224c97ae78be84cf239b0c4892"/>
          <entry name="_branch_request" md5="1ecf0e682a06f24b71446f85ff3bd803" size="110" mtime="1643641658"/>
          <entry name="_config" md5="e155ab45dc14eebf09d7035891741f98" size="50" mtime="1643641664"/>
          <entry name="_link" md5="7ef2bc2eca03f8774a088711797bc931" size="141" mtime="1643641665"/>
          <entry name="somefile.txt" md5="797e07d021f8daa49562842fbd7b3dfc" size="68" mtime="1643641664"/>
        </directory>
  recorded_at: Mon, 31 Jan 2022 15:07:45 GMT
- request:
    method: post
    uri: http://backend:5352/source/home:Iggy/bar_package-123456789?cmd=diff&linkrev=base&onlyissues=1&orev=0&view=xml
    body:
      encoding: UTF-8
      string: ''
    headers:
      Content-Type:
      - application/octet-stream
      Accept-Encoding:
      - gzip;q=1.0,deflate;q=0.6,identity;q=0.3
      Accept:
      - "*/*"
      User-Agent:
      - Ruby
  response:
    status:
      code: 200
      message: OK
    headers:
      Content-Type:
      - text/xml
      Cache-Control:
      - no-cache
      Connection:
      - close
      Content-Length:
      - '323'
    body:
      encoding: UTF-8
      string: |
        <sourcediff key="9f7d898e2596136de3323b3dd8e82c21">
          <old project="home:Iggy" package="bar_package-123456789" rev="0" srcmd5="d41d8cd98f00b204e9800998ecf8427e"/>
          <new project="home:Iggy" package="bar_package-123456789" rev="40" srcmd5="36a28e224c97ae78be84cf239b0c4892"/>
          <files/>
          <issues>
          </issues>
        </sourcediff>
  recorded_at: Mon, 31 Jan 2022 15:07:45 GMT
- request:
    method: post
    uri: http://backend:5352/source/home:Iggy/bar_package-123456789?cmd=linkdiff&linkrev=base&onlyissues=1&view=xml
    body:
      encoding: UTF-8
      string: ''
    headers:
      Content-Type:
      - application/octet-stream
      Accept-Encoding:
      - gzip;q=1.0,deflate;q=0.6,identity;q=0.3
      Accept:
      - "*/*"
      User-Agent:
      - Ruby
  response:
    status:
      code: 200
      message: OK
    headers:
      Content-Type:
      - text/xml
      Cache-Control:
      - no-cache
      Connection:
      - close
      Content-Length:
      - '376'
    body:
      encoding: UTF-8
      string: |
        <sourcediff key="aa15c9508b16c8ee6d1c2ef14a87f3a2">
          <old project="foo_project" package="bar_package" rev="1b70b42f7239ee7509fc9c8d1894a543" srcmd5="1b70b42f7239ee7509fc9c8d1894a543"/>
          <new project="home:Iggy" package="bar_package-123456789" rev="243eb7c8a505686515b569f57f1a44c5" srcmd5="243eb7c8a505686515b569f57f1a44c5"/>
          <files/>
          <issues>
          </issues>
        </sourcediff>
  recorded_at: Mon, 31 Jan 2022 15:07:45 GMT
- request:
    method: get
    uri: http://backend:5352/source/home:Iggy/bar_package-123456789
    body:
      encoding: US-ASCII
      string: ''
    headers:
      Accept-Encoding:
      - gzip;q=1.0,deflate;q=0.6,identity;q=0.3
      Accept:
      - "*/*"
      User-Agent:
      - Ruby
  response:
    status:
      code: 200
      message: OK
    headers:
      Content-Type:
      - text/xml
      Cache-Control:
      - no-cache
      Connection:
      - close
      Content-Length:
      - '733'
    body:
      encoding: UTF-8
      string: |
        <directory name="bar_package-123456789" rev="40" vrev="40" srcmd5="36a28e224c97ae78be84cf239b0c4892">
          <linkinfo project="foo_project" package="bar_package" srcmd5="1b70b42f7239ee7509fc9c8d1894a543" baserev="1b70b42f7239ee7509fc9c8d1894a543" xsrcmd5="243eb7c8a505686515b569f57f1a44c5" lsrcmd5="36a28e224c97ae78be84cf239b0c4892"/>
          <entry name="_branch_request" md5="1ecf0e682a06f24b71446f85ff3bd803" size="110" mtime="1643641658"/>
          <entry name="_config" md5="e155ab45dc14eebf09d7035891741f98" size="50" mtime="1643641664"/>
          <entry name="_link" md5="7ef2bc2eca03f8774a088711797bc931" size="141" mtime="1643641665"/>
          <entry name="somefile.txt" md5="797e07d021f8daa49562842fbd7b3dfc" size="68" mtime="1643641664"/>
        </directory>
  recorded_at: Mon, 31 Jan 2022 15:07:45 GMT
- request:
    method: get
    uri: http://backend:5352/source/home:Iggy/bar_package-123456789?expand=1
    body:
      encoding: US-ASCII
      string: ''
    headers:
      Accept-Encoding:
      - gzip;q=1.0,deflate;q=0.6,identity;q=0.3
      Accept:
      - "*/*"
      User-Agent:
      - Ruby
  response:
    status:
      code: 200
      message: OK
    headers:
      Content-Type:
      - text/xml
      Cache-Control:
      - no-cache
      Connection:
      - close
      Content-Length:
      - '628'
    body:
      encoding: UTF-8
      string: |
        <directory name="bar_package-123456789" rev="243eb7c8a505686515b569f57f1a44c5" vrev="156" srcmd5="243eb7c8a505686515b569f57f1a44c5">
          <linkinfo project="foo_project" package="bar_package" srcmd5="1b70b42f7239ee7509fc9c8d1894a543" baserev="1b70b42f7239ee7509fc9c8d1894a543" lsrcmd5="36a28e224c97ae78be84cf239b0c4892"/>
          <entry name="_branch_request" md5="1ecf0e682a06f24b71446f85ff3bd803" size="110" mtime="1643641658"/>
          <entry name="_config" md5="e155ab45dc14eebf09d7035891741f98" size="50" mtime="1643641664"/>
          <entry name="somefile.txt" md5="797e07d021f8daa49562842fbd7b3dfc" size="68" mtime="1643641664"/>
        </directory>
  recorded_at: Mon, 31 Jan 2022 15:07:45 GMT
- request:
    method: get
    uri: http://backend:5352/source/home:Iggy/bar_package-123456789
    body:
      encoding: US-ASCII
      string: ''
    headers:
      Accept-Encoding:
      - gzip;q=1.0,deflate;q=0.6,identity;q=0.3
      Accept:
      - "*/*"
      User-Agent:
      - Ruby
  response:
    status:
      code: 200
      message: OK
    headers:
      Content-Type:
      - text/xml
      Cache-Control:
      - no-cache
      Connection:
      - close
      Content-Length:
      - '733'
    body:
      encoding: UTF-8
      string: |
        <directory name="bar_package-123456789" rev="40" vrev="40" srcmd5="36a28e224c97ae78be84cf239b0c4892">
          <linkinfo project="foo_project" package="bar_package" srcmd5="1b70b42f7239ee7509fc9c8d1894a543" baserev="1b70b42f7239ee7509fc9c8d1894a543" xsrcmd5="243eb7c8a505686515b569f57f1a44c5" lsrcmd5="36a28e224c97ae78be84cf239b0c4892"/>
          <entry name="_branch_request" md5="1ecf0e682a06f24b71446f85ff3bd803" size="110" mtime="1643641658"/>
          <entry name="_config" md5="e155ab45dc14eebf09d7035891741f98" size="50" mtime="1643641664"/>
          <entry name="_link" md5="7ef2bc2eca03f8774a088711797bc931" size="141" mtime="1643641665"/>
          <entry name="somefile.txt" md5="797e07d021f8daa49562842fbd7b3dfc" size="68" mtime="1643641664"/>
        </directory>
  recorded_at: Mon, 31 Jan 2022 15:07:45 GMT
- request:
    method: get
    uri: http://backend:5352/source/home:Iggy/bar_package-123456789?expand=1
    body:
      encoding: US-ASCII
      string: ''
    headers:
      Accept-Encoding:
      - gzip;q=1.0,deflate;q=0.6,identity;q=0.3
      Accept:
      - "*/*"
      User-Agent:
      - Ruby
  response:
    status:
      code: 200
      message: OK
    headers:
      Content-Type:
      - text/xml
      Cache-Control:
      - no-cache
      Connection:
      - close
      Content-Length:
      - '628'
    body:
      encoding: UTF-8
      string: |
        <directory name="bar_package-123456789" rev="243eb7c8a505686515b569f57f1a44c5" vrev="156" srcmd5="243eb7c8a505686515b569f57f1a44c5">
          <linkinfo project="foo_project" package="bar_package" srcmd5="1b70b42f7239ee7509fc9c8d1894a543" baserev="1b70b42f7239ee7509fc9c8d1894a543" lsrcmd5="36a28e224c97ae78be84cf239b0c4892"/>
          <entry name="_branch_request" md5="1ecf0e682a06f24b71446f85ff3bd803" size="110" mtime="1643641658"/>
          <entry name="_config" md5="e155ab45dc14eebf09d7035891741f98" size="50" mtime="1643641664"/>
          <entry name="somefile.txt" md5="797e07d021f8daa49562842fbd7b3dfc" size="68" mtime="1643641664"/>
        </directory>
  recorded_at: Mon, 31 Jan 2022 15:07:45 GMT
- request:
    method: get
    uri: http://backend:5352/source/home:Iggy/bar_package-123456789
    body:
      encoding: US-ASCII
      string: ''
    headers:
      Accept-Encoding:
      - gzip;q=1.0,deflate;q=0.6,identity;q=0.3
      Accept:
      - "*/*"
      User-Agent:
      - Ruby
  response:
    status:
      code: 200
      message: OK
    headers:
      Content-Type:
      - text/xml
      Cache-Control:
      - no-cache
      Connection:
      - close
      Content-Length:
      - '733'
    body:
      encoding: UTF-8
      string: |
        <directory name="bar_package-123456789" rev="40" vrev="40" srcmd5="36a28e224c97ae78be84cf239b0c4892">
          <linkinfo project="foo_project" package="bar_package" srcmd5="1b70b42f7239ee7509fc9c8d1894a543" baserev="1b70b42f7239ee7509fc9c8d1894a543" xsrcmd5="243eb7c8a505686515b569f57f1a44c5" lsrcmd5="36a28e224c97ae78be84cf239b0c4892"/>
          <entry name="_branch_request" md5="1ecf0e682a06f24b71446f85ff3bd803" size="110" mtime="1643641658"/>
          <entry name="_config" md5="e155ab45dc14eebf09d7035891741f98" size="50" mtime="1643641664"/>
          <entry name="_link" md5="7ef2bc2eca03f8774a088711797bc931" size="141" mtime="1643641665"/>
          <entry name="somefile.txt" md5="797e07d021f8daa49562842fbd7b3dfc" size="68" mtime="1643641664"/>
        </directory>
  recorded_at: Mon, 31 Jan 2022 15:07:45 GMT
- request:
    method: get
    uri: http://backend:5352/source/home:Iggy/bar_package-123456789?expand=1
    body:
      encoding: US-ASCII
      string: ''
    headers:
      Accept-Encoding:
      - gzip;q=1.0,deflate;q=0.6,identity;q=0.3
      Accept:
      - "*/*"
      User-Agent:
      - Ruby
  response:
    status:
      code: 200
      message: OK
    headers:
      Content-Type:
      - text/xml
      Cache-Control:
      - no-cache
      Connection:
      - close
      Content-Length:
      - '628'
    body:
      encoding: UTF-8
      string: |
        <directory name="bar_package-123456789" rev="243eb7c8a505686515b569f57f1a44c5" vrev="156" srcmd5="243eb7c8a505686515b569f57f1a44c5">
          <linkinfo project="foo_project" package="bar_package" srcmd5="1b70b42f7239ee7509fc9c8d1894a543" baserev="1b70b42f7239ee7509fc9c8d1894a543" lsrcmd5="36a28e224c97ae78be84cf239b0c4892"/>
          <entry name="_branch_request" md5="1ecf0e682a06f24b71446f85ff3bd803" size="110" mtime="1643641658"/>
          <entry name="_config" md5="e155ab45dc14eebf09d7035891741f98" size="50" mtime="1643641664"/>
          <entry name="somefile.txt" md5="797e07d021f8daa49562842fbd7b3dfc" size="68" mtime="1643641664"/>
        </directory>
  recorded_at: Mon, 31 Jan 2022 15:07:45 GMT
- request:
    method: get
    uri: http://backend:5352/source/home:Iggy/bar_package-123456789
    body:
      encoding: US-ASCII
      string: ''
    headers:
      Accept-Encoding:
      - gzip;q=1.0,deflate;q=0.6,identity;q=0.3
      Accept:
      - "*/*"
      User-Agent:
      - Ruby
  response:
    status:
      code: 200
      message: OK
    headers:
      Content-Type:
      - text/xml
      Cache-Control:
      - no-cache
      Connection:
      - close
      Content-Length:
      - '733'
    body:
      encoding: UTF-8
      string: |
        <directory name="bar_package-123456789" rev="40" vrev="40" srcmd5="36a28e224c97ae78be84cf239b0c4892">
          <linkinfo project="foo_project" package="bar_package" srcmd5="1b70b42f7239ee7509fc9c8d1894a543" baserev="1b70b42f7239ee7509fc9c8d1894a543" xsrcmd5="243eb7c8a505686515b569f57f1a44c5" lsrcmd5="36a28e224c97ae78be84cf239b0c4892"/>
          <entry name="_branch_request" md5="1ecf0e682a06f24b71446f85ff3bd803" size="110" mtime="1643641658"/>
          <entry name="_config" md5="e155ab45dc14eebf09d7035891741f98" size="50" mtime="1643641664"/>
          <entry name="_link" md5="7ef2bc2eca03f8774a088711797bc931" size="141" mtime="1643641665"/>
          <entry name="somefile.txt" md5="797e07d021f8daa49562842fbd7b3dfc" size="68" mtime="1643641664"/>
        </directory>
  recorded_at: Mon, 31 Jan 2022 15:07:45 GMT
- request:
    method: get
    uri: http://backend:5352/source/home:Iggy/bar_package-123456789?expand=1
    body:
      encoding: US-ASCII
      string: ''
    headers:
      Accept-Encoding:
      - gzip;q=1.0,deflate;q=0.6,identity;q=0.3
      Accept:
      - "*/*"
      User-Agent:
      - Ruby
  response:
    status:
      code: 200
      message: OK
    headers:
      Content-Type:
      - text/xml
      Cache-Control:
      - no-cache
      Connection:
      - close
      Content-Length:
      - '628'
    body:
      encoding: UTF-8
      string: |
        <directory name="bar_package-123456789" rev="243eb7c8a505686515b569f57f1a44c5" vrev="156" srcmd5="243eb7c8a505686515b569f57f1a44c5">
          <linkinfo project="foo_project" package="bar_package" srcmd5="1b70b42f7239ee7509fc9c8d1894a543" baserev="1b70b42f7239ee7509fc9c8d1894a543" lsrcmd5="36a28e224c97ae78be84cf239b0c4892"/>
          <entry name="_branch_request" md5="1ecf0e682a06f24b71446f85ff3bd803" size="110" mtime="1643641658"/>
          <entry name="_config" md5="e155ab45dc14eebf09d7035891741f98" size="50" mtime="1643641664"/>
          <entry name="somefile.txt" md5="797e07d021f8daa49562842fbd7b3dfc" size="68" mtime="1643641664"/>
        </directory>
  recorded_at: Mon, 31 Jan 2022 15:07:45 GMT
- request:
    method: get
    uri: http://backend:5352/source/home:Iggy/bar_package-123456789
    body:
      encoding: US-ASCII
      string: ''
    headers:
      Accept-Encoding:
      - gzip;q=1.0,deflate;q=0.6,identity;q=0.3
      Accept:
      - "*/*"
      User-Agent:
      - Ruby
  response:
    status:
      code: 200
      message: OK
    headers:
      Content-Type:
      - text/xml
      Cache-Control:
      - no-cache
      Connection:
      - close
      Content-Length:
      - '733'
    body:
      encoding: UTF-8
      string: |
        <directory name="bar_package-123456789" rev="40" vrev="40" srcmd5="36a28e224c97ae78be84cf239b0c4892">
          <linkinfo project="foo_project" package="bar_package" srcmd5="1b70b42f7239ee7509fc9c8d1894a543" baserev="1b70b42f7239ee7509fc9c8d1894a543" xsrcmd5="243eb7c8a505686515b569f57f1a44c5" lsrcmd5="36a28e224c97ae78be84cf239b0c4892"/>
          <entry name="_branch_request" md5="1ecf0e682a06f24b71446f85ff3bd803" size="110" mtime="1643641658"/>
          <entry name="_config" md5="e155ab45dc14eebf09d7035891741f98" size="50" mtime="1643641664"/>
          <entry name="_link" md5="7ef2bc2eca03f8774a088711797bc931" size="141" mtime="1643641665"/>
          <entry name="somefile.txt" md5="797e07d021f8daa49562842fbd7b3dfc" size="68" mtime="1643641664"/>
        </directory>
  recorded_at: Mon, 31 Jan 2022 15:07:45 GMT
- request:
    method: get
    uri: http://backend:5352/source/home:Iggy/bar_package-123456789?expand=1
    body:
      encoding: US-ASCII
      string: ''
    headers:
      Accept-Encoding:
      - gzip;q=1.0,deflate;q=0.6,identity;q=0.3
      Accept:
      - "*/*"
      User-Agent:
      - Ruby
  response:
    status:
      code: 200
      message: OK
    headers:
      Content-Type:
      - text/xml
      Cache-Control:
      - no-cache
      Connection:
      - close
      Content-Length:
      - '628'
    body:
      encoding: UTF-8
      string: |
        <directory name="bar_package-123456789" rev="243eb7c8a505686515b569f57f1a44c5" vrev="156" srcmd5="243eb7c8a505686515b569f57f1a44c5">
          <linkinfo project="foo_project" package="bar_package" srcmd5="1b70b42f7239ee7509fc9c8d1894a543" baserev="1b70b42f7239ee7509fc9c8d1894a543" lsrcmd5="36a28e224c97ae78be84cf239b0c4892"/>
          <entry name="_branch_request" md5="1ecf0e682a06f24b71446f85ff3bd803" size="110" mtime="1643641658"/>
          <entry name="_config" md5="e155ab45dc14eebf09d7035891741f98" size="50" mtime="1643641664"/>
          <entry name="somefile.txt" md5="797e07d021f8daa49562842fbd7b3dfc" size="68" mtime="1643641664"/>
        </directory>
  recorded_at: Mon, 31 Jan 2022 15:07:45 GMT
recorded_with: VCR 6.0.0
