---
http_interactions:
- request:
    method: put
    uri: http://backend:5352/source/home:Iggy/_meta?user=Iggy
    body:
      encoding: UTF-8
      string: |
        <project name="home:Iggy">
          <title/>
          <description/>
          <person userid="Iggy" role="maintainer"/>
        </project>
    headers:
      Accept-Encoding:
      - gzip;q=1.0,deflate;q=0.6,identity;q=0.3
      Accept:
      - "*/*"
      User-Agent:
      - Ruby
  response:
    status:
      code: 200
      message: OK
    headers:
      Content-Type:
      - text/xml
      Cache-Control:
      - no-cache
      Connection:
      - close
      Content-Length:
      - '130'
    body:
      encoding: UTF-8
      string: |
        <project name="home:Iggy">
          <title></title>
          <description></description>
          <person userid="Iggy" role="maintainer"/>
        </project>
  recorded_at: Thu, 20 Jan 2022 10:32:18 GMT
- request:
    method: put
    uri: http://backend:5352/source/openSUSE:Factory/_meta?user=user_221
    body:
      encoding: UTF-8
      string: |
        <project name="openSUSE:Factory">
          <title>Beyond the Mexique Bay</title>
          <description/>
          <person userid="Iggy" role="maintainer"/>
        </project>
    headers:
      Accept-Encoding:
      - gzip;q=1.0,deflate;q=0.6,identity;q=0.3
      Accept:
      - "*/*"
      User-Agent:
      - Ruby
  response:
    status:
      code: 200
      message: OK
    headers:
      Content-Type:
      - text/xml
      Cache-Control:
      - no-cache
      Connection:
      - close
      Content-Length:
      - '159'
    body:
      encoding: UTF-8
      string: |
        <project name="openSUSE:Factory">
          <title>Beyond the Mexique Bay</title>
          <description></description>
          <person userid="Iggy" role="maintainer"/>
        </project>
  recorded_at: Thu, 20 Jan 2022 10:32:18 GMT
- request:
    method: put
    uri: http://backend:5352/source/openSUSE:Factory/_meta?user=user_221
    body:
      encoding: UTF-8
      string: |
        <project name="openSUSE:Factory">
          <title>Beyond the Mexique Bay</title>
          <description/>
          <person userid="Iggy" role="maintainer"/>
          <repository name="repository_1" rebuild="direct">
            <arch>x86_64</arch>
          </repository>
        </project>
    headers:
      Accept-Encoding:
      - gzip;q=1.0,deflate;q=0.6,identity;q=0.3
      Accept:
      - "*/*"
      User-Agent:
      - Ruby
  response:
    status:
      code: 200
      message: OK
    headers:
      Content-Type:
      - text/xml
      Cache-Control:
      - no-cache
      Connection:
      - close
      Content-Length:
      - '251'
    body:
      encoding: UTF-8
      string: |
        <project name="openSUSE:Factory">
          <title>Beyond the Mexique Bay</title>
          <description></description>
          <person userid="Iggy" role="maintainer"/>
          <repository name="repository_1" rebuild="direct">
            <arch>x86_64</arch>
          </repository>
        </project>
  recorded_at: Thu, 20 Jan 2022 10:32:18 GMT
- request:
    method: put
    uri: http://backend:5352/source/openSUSE:Factory/hello_world/_meta?user=user_222
    body:
      encoding: UTF-8
      string: |
        <package name="hello_world" project="openSUSE:Factory">
          <title>An Acceptable Time</title>
          <description>Sequi et voluptates qui.</description>
        </package>
    headers:
      Accept-Encoding:
      - gzip;q=1.0,deflate;q=0.6,identity;q=0.3
      Accept:
      - "*/*"
      User-Agent:
      - Ruby
  response:
    status:
      code: 200
      message: OK
    headers:
      Content-Type:
      - text/xml
      Cache-Control:
      - no-cache
      Connection:
      - close
      Content-Length:
      - '157'
    body:
      encoding: UTF-8
      string: |
        <package name="hello_world" project="openSUSE:Factory">
          <title>An Acceptable Time</title>
          <description>Sequi et voluptates qui.</description>
        </package>
  recorded_at: Thu, 20 Jan 2022 10:32:18 GMT
- request:
    method: post
    uri: http://backend:5352/build/openSUSE:Factory?cmd=rebuild&package=hello_world
    body:
      encoding: UTF-8
      string: ''
    headers:
      Content-Type:
      - application/octet-stream
      Accept-Encoding:
      - gzip;q=1.0,deflate;q=0.6,identity;q=0.3
      Accept:
      - "*/*"
      User-Agent:
      - Ruby
  response:
    status:
      code: 200
      message: OK
    headers:
      Content-Type:
      - text/xml
      Cache-Control:
      - no-cache
      Connection:
      - close
      Content-Length:
      - '21'
    body:
      encoding: UTF-8
      string: '<status code="ok" />

'
  recorded_at: Thu, 20 Jan 2022 10:32:18 GMT
recorded_with: VCR 6.0.0
