---
http_interactions:
- request:
    method: put
    uri: http://backend:5352/source/home:tom/_meta?user=tom
    body:
      encoding: UTF-8
      string: |
        <project name="home:tom">
          <title/>
          <description/>
          <person userid="tom" role="maintainer"/>
        </project>
    headers:
      Accept-Encoding:
      - gzip;q=1.0,deflate;q=0.6,identity;q=0.3
      Accept:
      - "*/*"
      User-Agent:
      - Ruby
  response:
    status:
      code: 200
      message: OK
    headers:
      Content-Type:
      - text/xml
      Cache-Control:
      - no-cache
      Connection:
      - close
      Content-Length:
      - '128'
    body:
      encoding: UTF-8
      string: |
        <project name="home:tom">
          <title></title>
          <description></description>
          <person userid="tom" role="maintainer"/>
        </project>
  recorded_at: Mon, 04 Apr 2022 12:48:28 GMT
- request:
    method: put
    uri: http://backend:5352/source/home:tom/apache2/_meta?user=user_1
    body:
      encoding: UTF-8
      string: |
        <package name="apache2" project="home:tom">
          <title>The Wives of Bath</title>
          <description>Reiciendis sed mollitia sunt.</description>
        </package>
    headers:
      Accept-Encoding:
      - gzip;q=1.0,deflate;q=0.6,identity;q=0.3
      Accept:
      - "*/*"
      User-Agent:
      - Ruby
  response:
    status:
      code: 200
      message: OK
    headers:
      Content-Type:
      - text/xml
      Cache-Control:
      - no-cache
      Connection:
      - close
      Content-Length:
      - '149'
    body:
      encoding: UTF-8
      string: |
        <package name="apache2" project="home:tom">
          <title>The Wives of Bath</title>
          <description>Reiciendis sed mollitia sunt.</description>
        </package>
  recorded_at: Mon, 04 Apr 2022 12:48:28 GMT
- request:
    method: put
    uri: http://backend:5352/source/home:tom/apache2/_service
    body:
      encoding: UTF-8
      string: "<services/>"
    headers:
      Accept-Encoding:
      - gzip;q=1.0,deflate;q=0.6,identity;q=0.3
      Accept:
      - "*/*"
      User-Agent:
      - Ruby
  response:
    status:
      code: 200
      message: OK
    headers:
      Content-Type:
      - text/xml
      Cache-Control:
      - no-cache
      Connection:
      - close
      Content-Length:
      - '207'
    body:
      encoding: UTF-8
      string: |
        <revision rev="5" vrev="5">
          <srcmd5>31f0abf749b8f7db8ce67760ae121a92</srcmd5>
          <version>unknown</version>
          <time>1649076508</time>
          <user>unknown</user>
          <comment></comment>
          <requestid/>
        </revision>
  recorded_at: Mon, 04 Apr 2022 12:48:28 GMT
- request:
    method: put
    uri: http://backend:5352/source/project_1/_meta?user=user_2
    body:
      encoding: UTF-8
      string: |
        <project name="project_1">
          <title>The Grapes of Wrath</title>
          <description/>
        </project>
    headers:
      Accept-Encoding:
      - gzip;q=1.0,deflate;q=0.6,identity;q=0.3
      Accept:
      - "*/*"
      User-Agent:
      - Ruby
  response:
    status:
      code: 200
      message: OK
    headers:
      Content-Type:
      - text/xml
      Cache-Control:
      - no-cache
      Connection:
      - close
      Content-Length:
      - '105'
    body:
      encoding: UTF-8
      string: |
        <project name="project_1">
          <title>The Grapes of Wrath</title>
          <description></description>
        </project>
  recorded_at: Mon, 04 Apr 2022 12:48:28 GMT
- request:
    method: put
    uri: http://backend:5352/source/project_1/package_1/_meta?user=user_3
    body:
      encoding: UTF-8
      string: |
        <package name="package_1" project="project_1">
          <title>Shall not Perish</title>
          <description>Ad voluptatibus voluptatum veritatis.</description>
        </package>
    headers:
      Accept-Encoding:
      - gzip;q=1.0,deflate;q=0.6,identity;q=0.3
      Accept:
      - "*/*"
      User-Agent:
      - Ruby
  response:
    status:
      code: 200
      message: OK
    headers:
      Content-Type:
      - text/xml
      Cache-Control:
      - no-cache
      Connection:
      - close
      Content-Length:
      - '159'
    body:
      encoding: UTF-8
      string: |
        <package name="package_1" project="project_1">
          <title>Shall not Perish</title>
          <description>Ad voluptatibus voluptatum veritatis.</description>
        </package>
  recorded_at: Mon, 04 Apr 2022 12:48:28 GMT
- request:
    method: post
    uri: http://backend:5352/source/home:tom/apache2?cmd=runservice&user=tom
    body:
      encoding: UTF-8
      string: ''
    headers:
      Content-Type:
      - application/octet-stream
      Accept-Encoding:
      - gzip;q=1.0,deflate;q=0.6,identity;q=0.3
      Accept:
      - "*/*"
      User-Agent:
      - Ruby
  response:
    status:
      code: 200
      message: OK
    headers:
      Content-Type:
      - text/xml
      Cache-Control:
      - no-cache
      Connection:
      - close
      Content-Length:
      - '21'
    body:
      encoding: UTF-8
      string: '<status code="ok" />

'
  recorded_at: Mon, 04 Apr 2022 12:48:28 GMT
recorded_with: VCR 6.1.0
