---
http_interactions:
- request:
    method: put
    uri: http://backend:5352/source/home:Iggy/_meta?user=Iggy
    body:
      encoding: UTF-8
      string: |
        <project name="home:Iggy">
          <title/>
          <description/>
          <person userid="Iggy" role="maintainer"/>
        </project>
    headers:
      Accept-Encoding:
      - gzip;q=1.0,deflate;q=0.6,identity;q=0.3
      Accept:
      - "*/*"
      User-Agent:
      - Ruby
  response:
    status:
      code: 200
      message: OK
    headers:
      Content-Type:
      - text/xml
      Cache-Control:
      - no-cache
      Connection:
      - close
      Content-Length:
      - '130'
    body:
      encoding: UTF-8
      string: |
        <project name="home:Iggy">
          <title></title>
          <description></description>
          <person userid="Iggy" role="maintainer"/>
        </project>
  recorded_at: Mon, 07 Aug 2023 10:14:19 GMT
- request:
    method: put
    uri: http://backend:5352/source/foo_project/_meta?user=user_149
    body:
      encoding: UTF-8
      string: |
        <project name="foo_project">
          <title>A Time of Gifts</title>
          <description/>
          <person userid="Iggy" role="maintainer"/>
        </project>
    headers:
      Accept-Encoding:
      - gzip;q=1.0,deflate;q=0.6,identity;q=0.3
      Accept:
      - "*/*"
      User-Agent:
      - Ruby
  response:
    status:
      code: 200
      message: OK
    headers:
      Content-Type:
      - text/xml
      Cache-Control:
      - no-cache
      Connection:
      - close
      Content-Length:
      - '147'
    body:
      encoding: UTF-8
      string: |
        <project name="foo_project">
          <title>A Time of Gifts</title>
          <description></description>
          <person userid="Iggy" role="maintainer"/>
        </project>
  recorded_at: Mon, 07 Aug 2023 10:14:19 GMT
- request:
    method: put
    uri: http://backend:5352/source/foo_project/bar_package/_meta?user=user_150
    body:
      encoding: UTF-8
      string: |
        <package name="bar_package" project="foo_project">
          <title>Dance Dance Dance</title>
          <description>Voluptatem labore odio eligendi.</description>
        </package>
    headers:
      Accept-Encoding:
      - gzip;q=1.0,deflate;q=0.6,identity;q=0.3
      Accept:
      - "*/*"
      User-Agent:
      - Ruby
  response:
    status:
      code: 200
      message: OK
    headers:
      Content-Type:
      - text/xml
      Cache-Control:
      - no-cache
      Connection:
      - close
      Content-Length:
      - '159'
    body:
      encoding: UTF-8
      string: |
        <package name="bar_package" project="foo_project">
          <title>Dance Dance Dance</title>
          <description>Voluptatem labore odio eligendi.</description>
        </package>
  recorded_at: Mon, 07 Aug 2023 10:14:19 GMT
- request:
    method: put
    uri: http://backend:5352/source/foo_project/bar_package/_config
    body:
      encoding: UTF-8
      string: Et placeat maiores. Natus consequuntur porro. Beatae molestiae repudiandae.
    headers:
      Accept-Encoding:
      - gzip;q=1.0,deflate;q=0.6,identity;q=0.3
      Accept:
      - "*/*"
      User-Agent:
      - Ruby
  response:
    status:
      code: 200
      message: OK
    headers:
      Content-Type:
      - text/xml
      Cache-Control:
      - no-cache
      Connection:
      - close
      Content-Length:
      - '211'
    body:
      encoding: UTF-8
      string: |
        <revision rev="112" vrev="112">
          <srcmd5>da7a9dc6a3f325a8de68553dfc2537a8</srcmd5>
          <version>unknown</version>
          <time>1691403259</time>
          <user>unknown</user>
          <comment></comment>
          <requestid/>
        </revision>
  recorded_at: Mon, 07 Aug 2023 10:14:19 GMT
- request:
    method: put
    uri: http://backend:5352/source/foo_project/bar_package/somefile.txt
    body:
      encoding: UTF-8
      string: Accusantium occaecati aliquam. Alias minus doloribus. Et veniam et.
    headers:
      Accept-Encoding:
      - gzip;q=1.0,deflate;q=0.6,identity;q=0.3
      Accept:
      - "*/*"
      User-Agent:
      - Ruby
  response:
    status:
      code: 200
      message: OK
    headers:
      Content-Type:
      - text/xml
      Cache-Control:
      - no-cache
      Connection:
      - close
      Content-Length:
      - '211'
    body:
      encoding: UTF-8
      string: |
        <revision rev="113" vrev="113">
          <srcmd5>f2abfac181ce8768cd13fc3d46b025e8</srcmd5>
          <version>unknown</version>
          <time>1691403259</time>
          <user>unknown</user>
          <comment></comment>
          <requestid/>
        </revision>
  recorded_at: Mon, 07 Aug 2023 10:14:19 GMT
- request:
    method: put
    uri: http://backend:5352/source/home:Iggy:openSUSE:open-build-service:PR-1/_meta?user=Iggy
    body:
      encoding: UTF-8
      string: |
        <project name="home:Iggy:openSUSE:open-build-service:PR-1">
          <title>Nectar in a Sieve</title>
          <description/>
          <person userid="Iggy" role="maintainer"/>
        </project>
    headers:
      Accept-Encoding:
      - gzip;q=1.0,deflate;q=0.6,identity;q=0.3
      Accept:
      - "*/*"
      User-Agent:
      - Ruby
  response:
    status:
      code: 200
      message: OK
    headers:
      Content-Type:
      - text/xml
      Cache-Control:
      - no-cache
      Connection:
      - close
      Content-Length:
      - '180'
    body:
      encoding: UTF-8
      string: |
        <project name="home:Iggy:openSUSE:open-build-service:PR-1">
          <title>Nectar in a Sieve</title>
          <description></description>
          <person userid="Iggy" role="maintainer"/>
        </project>
  recorded_at: Mon, 07 Aug 2023 10:14:19 GMT
- request:
    method: put
    uri: http://backend:5352/source/home:Iggy:openSUSE:open-build-service:PR-1/bar_package/_meta?user=Iggy
    body:
      encoding: UTF-8
      string: |
        <package name="bar_package" project="home:Iggy:openSUSE:open-build-service:PR-1">
          <title>The Last Temptation</title>
          <description>Quisquam amet repellendus non.</description>
        </package>
    headers:
      Accept-Encoding:
      - gzip;q=1.0,deflate;q=0.6,identity;q=0.3
      Accept:
      - "*/*"
      User-Agent:
      - Ruby
  response:
    status:
      code: 200
      message: OK
    headers:
      Content-Type:
      - text/xml
      Cache-Control:
      - no-cache
      Connection:
      - close
      Content-Length:
      - '190'
    body:
      encoding: UTF-8
      string: |
        <package name="bar_package" project="home:Iggy:openSUSE:open-build-service:PR-1">
          <title>The Last Temptation</title>
          <description>Quisquam amet repellendus non.</description>
        </package>
  recorded_at: Mon, 07 Aug 2023 10:14:19 GMT
- request:
    method: put
    uri: http://backend:5352/source/home:Iggy:openSUSE:open-build-service:PR-1/bar_package/_config
    body:
      encoding: UTF-8
      string: Repudiandae occaecati dolor. Quia dolorem maxime. Ipsum quasi eveniet.
    headers:
      Accept-Encoding:
      - gzip;q=1.0,deflate;q=0.6,identity;q=0.3
      Accept:
      - "*/*"
      User-Agent:
      - Ruby
  response:
    status:
      code: 200
      message: OK
    headers:
      Content-Type:
      - text/xml
      Cache-Control:
      - no-cache
      Connection:
      - close
      Content-Length:
      - '209'
    body:
      encoding: UTF-8
      string: |
        <revision rev="48" vrev="48">
          <srcmd5>4249f9f389297cf23c98f340ec99d091</srcmd5>
          <version>unknown</version>
          <time>1691403259</time>
          <user>unknown</user>
          <comment></comment>
          <requestid/>
        </revision>
  recorded_at: Mon, 07 Aug 2023 10:14:19 GMT
- request:
    method: put
    uri: http://backend:5352/source/home:Iggy:openSUSE:open-build-service:PR-1/bar_package/somefile.txt
    body:
      encoding: UTF-8
      string: Voluptatem qui beatae. Voluptatem et sed. Voluptatem odit eveniet.
    headers:
      Accept-Encoding:
      - gzip;q=1.0,deflate;q=0.6,identity;q=0.3
      Accept:
      - "*/*"
      User-Agent:
      - Ruby
  response:
    status:
      code: 200
      message: OK
    headers:
      Content-Type:
      - text/xml
      Cache-Control:
      - no-cache
      Connection:
      - close
      Content-Length:
      - '209'
    body:
      encoding: UTF-8
      string: |
        <revision rev="49" vrev="49">
          <srcmd5>6784e47423310aacb4235276554d8c13</srcmd5>
          <version>unknown</version>
          <time>1691403259</time>
          <user>unknown</user>
          <comment></comment>
          <requestid/>
        </revision>
  recorded_at: Mon, 07 Aug 2023 10:14:19 GMT
- request:
    method: put
    uri: http://backend:5352/source/foo_project/bar_package/_branch_request?user=Iggy
    body:
      encoding: UTF-8
      string: '{"object_kind":"update","project":{"http_url":"http_url"},"object_attributes":{"source":{"default_branch":"123"}}}'
    headers:
      Accept-Encoding:
      - gzip;q=1.0,deflate;q=0.6,identity;q=0.3
      Accept:
      - "*/*"
      User-Agent:
      - Ruby
  response:
    status:
      code: 200
      message: OK
    headers:
      Content-Type:
      - text/xml
      Cache-Control:
      - no-cache
      Connection:
      - close
      Content-Length:
      - '208'
    body:
      encoding: UTF-8
      string: |
        <revision rev="114" vrev="114">
          <srcmd5>f2abfac181ce8768cd13fc3d46b025e8</srcmd5>
          <version>unknown</version>
          <time>1691403259</time>
          <user>Iggy</user>
          <comment></comment>
          <requestid/>
        </revision>
  recorded_at: Mon, 07 Aug 2023 10:14:19 GMT
- request:
    method: put
    uri: http://backend:5352/source/foo_project/bar_package/_meta?user=user_150
    body:
      encoding: UTF-8
      string: |
        <package name="bar_package" project="foo_project">
          <title>Dance Dance Dance</title>
          <description>Voluptatem labore odio eligendi.</description>
        </package>
    headers:
      Accept-Encoding:
      - gzip;q=1.0,deflate;q=0.6,identity;q=0.3
      Accept:
      - "*/*"
      User-Agent:
      - Ruby
  response:
    status:
      code: 200
      message: OK
    headers:
      Content-Type:
      - text/xml
      Cache-Control:
      - no-cache
      Connection:
      - close
      Content-Length:
      - '159'
    body:
      encoding: UTF-8
      string: |
        <package name="bar_package" project="foo_project">
          <title>Dance Dance Dance</title>
          <description>Voluptatem labore odio eligendi.</description>
        </package>
  recorded_at: Mon, 07 Aug 2023 10:14:19 GMT
- request:
    method: get
    uri: http://backend:5352/source/foo_project/bar_package
    body:
      encoding: US-ASCII
      string: ''
    headers:
      Accept-Encoding:
      - gzip;q=1.0,deflate;q=0.6,identity;q=0.3
      Accept:
      - "*/*"
      User-Agent:
      - Ruby
  response:
    status:
      code: 200
      message: OK
    headers:
      Content-Type:
      - text/xml
      Cache-Control:
      - no-cache
      Connection:
      - close
      Content-Length:
      - '403'
    body:
      encoding: UTF-8
      string: |
        <directory name="bar_package" rev="114" vrev="114" srcmd5="f2abfac181ce8768cd13fc3d46b025e8">
          <entry name="_branch_request" md5="aea524cf047993d430e69b477e07f3df" size="114" mtime="1691403258"/>
          <entry name="_config" md5="5918f15f709feff97f504c8d6a9fc6ca" size="75" mtime="1691403259"/>
          <entry name="somefile.txt" md5="c2d82adcf18386fd11e881f7e4983ac8" size="67" mtime="1691403259"/>
        </directory>
  recorded_at: Mon, 07 Aug 2023 10:14:19 GMT
- request:
    method: get
    uri: http://backend:5352/source/foo_project/bar_package?view=info
    body:
      encoding: US-ASCII
      string: ''
    headers:
      Accept-Encoding:
      - gzip;q=1.0,deflate;q=0.6,identity;q=0.3
      Accept:
      - "*/*"
      User-Agent:
      - Ruby
  response:
    status:
      code: 200
      message: OK
    headers:
      Content-Type:
      - text/xml
      Cache-Control:
      - no-cache
      Connection:
      - close
      Content-Length:
      - '233'
    body:
      encoding: UTF-8
      string: |
        <sourceinfo package="bar_package" rev="114" vrev="114" srcmd5="f2abfac181ce8768cd13fc3d46b025e8" verifymd5="f2abfac181ce8768cd13fc3d46b025e8">
          <error>bad build configuration, no build type defined or detected</error>
        </sourceinfo>
  recorded_at: Mon, 07 Aug 2023 10:14:19 GMT
- request:
    method: get
    uri: http://backend:5352/source/foo_project/bar_package
    body:
      encoding: US-ASCII
      string: ''
    headers:
      Accept-Encoding:
      - gzip;q=1.0,deflate;q=0.6,identity;q=0.3
      Accept:
      - "*/*"
      User-Agent:
      - Ruby
  response:
    status:
      code: 200
      message: OK
    headers:
      Content-Type:
      - text/xml
      Cache-Control:
      - no-cache
      Connection:
      - close
      Content-Length:
      - '403'
    body:
      encoding: UTF-8
      string: |
        <directory name="bar_package" rev="114" vrev="114" srcmd5="f2abfac181ce8768cd13fc3d46b025e8">
          <entry name="_branch_request" md5="aea524cf047993d430e69b477e07f3df" size="114" mtime="1691403258"/>
          <entry name="_config" md5="5918f15f709feff97f504c8d6a9fc6ca" size="75" mtime="1691403259"/>
          <entry name="somefile.txt" md5="c2d82adcf18386fd11e881f7e4983ac8" size="67" mtime="1691403259"/>
        </directory>
  recorded_at: Mon, 07 Aug 2023 10:14:19 GMT
- request:
    method: post
    uri: http://backend:5352/source/foo_project/bar_package?cmd=diff&linkrev=base&onlyissues=1&orev=0&view=xml
    body:
      encoding: UTF-8
      string: ''
    headers:
      Content-Type:
      - application/octet-stream
      Accept-Encoding:
      - gzip;q=1.0,deflate;q=0.6,identity;q=0.3
      Accept:
      - "*/*"
      User-Agent:
      - Ruby
  response:
    status:
      code: 200
      message: OK
    headers:
      Content-Type:
      - text/xml
      Cache-Control:
      - no-cache
      Connection:
      - close
      Content-Length:
      - '308'
    body:
      encoding: UTF-8
      string: |
        <sourcediff key="cc0a9deaf60d218fe82051ea2e7ac4b6">
          <old project="foo_project" package="bar_package" rev="0" srcmd5="d41d8cd98f00b204e9800998ecf8427e"/>
          <new project="foo_project" package="bar_package" rev="114" srcmd5="f2abfac181ce8768cd13fc3d46b025e8"/>
          <files/>
          <issues>
          </issues>
        </sourcediff>
  recorded_at: Mon, 07 Aug 2023 10:14:19 GMT
- request:
    method: put
    uri: http://backend:5352/source/home:Iggy:openSUSE:open-build-service:PR-1/bar_package/_branch_request?comment=Updated%20_branch_request%20file%20via%20SCM/CI%20Workflow%20run&user=Iggy
    body:
      encoding: UTF-8
      string: '{"object_kind":null,"project":{"http_url":null},"object_attributes":{"source":{"default_branch":"123456789"}}}'
    headers:
      Accept-Encoding:
      - gzip;q=1.0,deflate;q=0.6,identity;q=0.3
      Accept:
      - "*/*"
      User-Agent:
      - Ruby
  response:
    status:
      code: 200
      message: OK
    headers:
      Content-Type:
      - text/xml
      Cache-Control:
      - no-cache
      Connection:
      - close
      Content-Length:
      - '258'
    body:
      encoding: UTF-8
      string: |
        <revision rev="50" vrev="50">
          <srcmd5>6784e47423310aacb4235276554d8c13</srcmd5>
          <version>unknown</version>
          <time>1691403259</time>
          <user>Iggy</user>
          <comment>Updated _branch_request file via SCM/CI Workflow run</comment>
          <requestid/>
        </revision>
  recorded_at: Mon, 07 Aug 2023 10:14:19 GMT
- request:
    method: put
    uri: http://backend:5352/source/home:Iggy:openSUSE:open-build-service:PR-1/bar_package/_meta?user=Iggy
    body:
      encoding: UTF-8
      string: |
        <package name="bar_package" project="home:Iggy:openSUSE:open-build-service:PR-1">
          <title>The Last Temptation</title>
          <description>Quisquam amet repellendus non.</description>
        </package>
    headers:
      Accept-Encoding:
      - gzip;q=1.0,deflate;q=0.6,identity;q=0.3
      Accept:
      - "*/*"
      User-Agent:
      - Ruby
  response:
    status:
      code: 200
      message: OK
    headers:
      Content-Type:
      - text/xml
      Cache-Control:
      - no-cache
      Connection:
      - close
      Content-Length:
      - '190'
    body:
      encoding: UTF-8
      string: |
        <package name="bar_package" project="home:Iggy:openSUSE:open-build-service:PR-1">
          <title>The Last Temptation</title>
          <description>Quisquam amet repellendus non.</description>
        </package>
  recorded_at: Mon, 07 Aug 2023 10:14:19 GMT
- request:
    method: get
    uri: http://backend:5352/source/home:Iggy:openSUSE:open-build-service:PR-1/bar_package
    body:
      encoding: US-ASCII
      string: ''
    headers:
      Accept-Encoding:
      - gzip;q=1.0,deflate;q=0.6,identity;q=0.3
      Accept:
      - "*/*"
      User-Agent:
      - Ruby
  response:
    status:
      code: 200
      message: OK
    headers:
      Content-Type:
      - text/xml
      Cache-Control:
      - no-cache
      Connection:
      - close
      Content-Length:
      - '671'
    body:
      encoding: UTF-8
      string: |
        <directory name="bar_package" rev="50" vrev="50" srcmd5="6784e47423310aacb4235276554d8c13">
          <linkinfo project="foo_project" package="bar_package" baserev="9adfce71f9d278687772152d5a947d78" xsrcmd5="a395b24cd6777ec8fd45678100a1a514" error="conflict in file _config"/>
          <entry name="_branch_request" md5="1ecf0e682a06f24b71446f85ff3bd803" size="110" mtime="1691403256"/>
          <entry name="_config" md5="abd09013f7141733f48e46a0a2d29202" size="70" mtime="1691403259"/>
          <entry name="_link" md5="5993a75f311472f77188e1595158eb65" size="119" mtime="1691403257"/>
          <entry name="somefile.txt" md5="99c3d11b8f50c6fbb0595e2885501fb0" size="66" mtime="1691403259"/>
        </directory>
  recorded_at: Mon, 07 Aug 2023 10:14:19 GMT
- request:
    method: get
    uri: http://backend:5352/source/home:Iggy:openSUSE:open-build-service:PR-1/bar_package?view=info
    body:
      encoding: US-ASCII
      string: ''
    headers:
      Accept-Encoding:
      - gzip;q=1.0,deflate;q=0.6,identity;q=0.3
      Accept:
      - "*/*"
      User-Agent:
      - Ruby
  response:
    status:
      code: 200
      message: OK
    headers:
      Content-Type:
      - text/xml
      Cache-Control:
      - no-cache
      Connection:
      - close
      Content-Length:
      - '254'
    body:
      encoding: UTF-8
      string: |
        <sourceinfo package="bar_package" rev="50" vrev="164" srcmd5="6784e47423310aacb4235276554d8c13" verifymd5="6784e47423310aacb4235276554d8c13">
          <error>conflict in file _config</error>
          <linked project="foo_project" package="bar_package"/>
        </sourceinfo>
  recorded_at: Mon, 07 Aug 2023 10:14:19 GMT
- request:
    method: get
    uri: http://backend:5352/source/home:Iggy:openSUSE:open-build-service:PR-1/bar_package
    body:
      encoding: US-ASCII
      string: ''
    headers:
      Accept-Encoding:
      - gzip;q=1.0,deflate;q=0.6,identity;q=0.3
      Accept:
      - "*/*"
      User-Agent:
      - Ruby
  response:
    status:
      code: 200
      message: OK
    headers:
      Content-Type:
      - text/xml
      Cache-Control:
      - no-cache
      Connection:
      - close
      Content-Length:
      - '671'
    body:
      encoding: UTF-8
      string: |
        <directory name="bar_package" rev="50" vrev="50" srcmd5="6784e47423310aacb4235276554d8c13">
          <linkinfo project="foo_project" package="bar_package" baserev="9adfce71f9d278687772152d5a947d78" xsrcmd5="a395b24cd6777ec8fd45678100a1a514" error="conflict in file _config"/>
          <entry name="_branch_request" md5="1ecf0e682a06f24b71446f85ff3bd803" size="110" mtime="1691403256"/>
          <entry name="_config" md5="abd09013f7141733f48e46a0a2d29202" size="70" mtime="1691403259"/>
          <entry name="_link" md5="5993a75f311472f77188e1595158eb65" size="119" mtime="1691403257"/>
          <entry name="somefile.txt" md5="99c3d11b8f50c6fbb0595e2885501fb0" size="66" mtime="1691403259"/>
        </directory>
  recorded_at: Mon, 07 Aug 2023 10:14:19 GMT
- request:
    method: post
    uri: http://backend:5352/source/home:Iggy:openSUSE:open-build-service:PR-1/bar_package?cmd=diff&linkrev=base&onlyissues=1&orev=0&view=xml
    body:
      encoding: UTF-8
      string: ''
    headers:
      Content-Type:
      - application/octet-stream
      Accept-Encoding:
      - gzip;q=1.0,deflate;q=0.6,identity;q=0.3
      Accept:
      - "*/*"
      User-Agent:
      - Ruby
  response:
    status:
      code: 200
      message: OK
    headers:
      Content-Type:
      - text/xml
      Cache-Control:
      - no-cache
      Connection:
      - close
      Content-Length:
      - '369'
    body:
      encoding: UTF-8
      string: |
        <sourcediff key="b51bdf51cc9846a3f722948708298ea1">
          <old project="home:Iggy:openSUSE:open-build-service:PR-1" package="bar_package" rev="0" srcmd5="d41d8cd98f00b204e9800998ecf8427e"/>
          <new project="home:Iggy:openSUSE:open-build-service:PR-1" package="bar_package" rev="50" srcmd5="6784e47423310aacb4235276554d8c13"/>
          <files/>
          <issues>
          </issues>
        </sourcediff>
  recorded_at: Mon, 07 Aug 2023 10:14:19 GMT
- request:
    method: post
    uri: http://backend:5352/source/home:Iggy:openSUSE:open-build-service:PR-1/bar_package?cmd=linkdiff&linkrev=base&onlyissues=1&view=xml
    body:
      encoding: UTF-8
      string: ''
    headers:
      Content-Type:
      - application/octet-stream
      Accept-Encoding:
      - gzip;q=1.0,deflate;q=0.6,identity;q=0.3
      Accept:
      - "*/*"
      User-Agent:
      - Ruby
  response:
    status:
      code: 200
      message: OK
    headers:
      Content-Type:
      - text/xml
      Cache-Control:
      - no-cache
      Connection:
      - close
      Content-Length:
      - '399'
    body:
      encoding: UTF-8
      string: |
        <sourcediff key="9f5b12b1fc5a42c0e8f83bc6d0a8a8ab">
          <old project="foo_project" package="bar_package" rev="9adfce71f9d278687772152d5a947d78" srcmd5="9adfce71f9d278687772152d5a947d78"/>
          <new project="home:Iggy:openSUSE:open-build-service:PR-1" package="bar_package" rev="2c7f179c253f7b004e7d6a7fbf3b24cc" srcmd5="2c7f179c253f7b004e7d6a7fbf3b24cc"/>
          <files/>
          <issues>
          </issues>
        </sourcediff>
  recorded_at: Mon, 07 Aug 2023 10:14:19 GMT
recorded_with: VCR 6.2.0
