---
http_interactions:
- request:
    method: put
    uri: http://backend:5352/source/home:Iggy/_meta?user=Iggy
    body:
      encoding: UTF-8
      string: |
        <project name="home:Iggy">
          <title/>
          <description/>
          <person userid="Iggy" role="maintainer"/>
        </project>
    headers:
      Accept-Encoding:
      - gzip;q=1.0,deflate;q=0.6,identity;q=0.3
      Accept:
      - "*/*"
      User-Agent:
      - Ruby
  response:
    status:
      code: 200
      message: OK
    headers:
      Content-Type:
      - text/xml
      Cache-Control:
      - no-cache
      Connection:
      - close
      Content-Length:
      - '130'
    body:
      encoding: UTF-8
      string: |
        <project name="home:Iggy">
          <title></title>
          <description></description>
          <person userid="Iggy" role="maintainer"/>
        </project>
  recorded_at: Mon, 07 Aug 2023 10:13:02 GMT
- request:
    method: put
    uri: http://backend:5352/source/foo_project/_meta?user=user_27
    body:
      encoding: UTF-8
      string: |
        <project name="foo_project">
          <title>O Jerusalem!</title>
          <description/>
          <person userid="Iggy" role="maintainer"/>
        </project>
    headers:
      Accept-Encoding:
      - gzip;q=1.0,deflate;q=0.6,identity;q=0.3
      Accept:
      - "*/*"
      User-Agent:
      - Ruby
  response:
    status:
      code: 200
      message: OK
    headers:
      Content-Type:
      - text/xml
      Cache-Control:
      - no-cache
      Connection:
      - close
      Content-Length:
      - '144'
    body:
      encoding: UTF-8
      string: |
        <project name="foo_project">
          <title>O Jerusalem!</title>
          <description></description>
          <person userid="Iggy" role="maintainer"/>
        </project>
  recorded_at: Mon, 07 Aug 2023 10:13:02 GMT
- request:
    method: put
    uri: http://backend:5352/source/foo_project/bar_package/_meta?user=user_28
    body:
      encoding: UTF-8
      string: |
        <package name="bar_package" project="foo_project">
          <title>The Heart Is Deceitful Above All Things</title>
          <description>Qui odit tempora odio.</description>
        </package>
    headers:
      Accept-Encoding:
      - gzip;q=1.0,deflate;q=0.6,identity;q=0.3
      Accept:
      - "*/*"
      User-Agent:
      - Ruby
  response:
    status:
      code: 200
      message: OK
    headers:
      Content-Type:
      - text/xml
      Cache-Control:
      - no-cache
      Connection:
      - close
      Content-Length:
      - '171'
    body:
      encoding: UTF-8
      string: |
        <package name="bar_package" project="foo_project">
          <title>The Heart Is Deceitful Above All Things</title>
          <description>Qui odit tempora odio.</description>
        </package>
  recorded_at: Mon, 07 Aug 2023 10:13:02 GMT
- request:
    method: put
    uri: http://backend:5352/source/foo_project/bar_package/_config
    body:
      encoding: UTF-8
      string: Est rem earum. Similique veniam labore. Non distinctio vitae.
    headers:
      Accept-Encoding:
      - gzip;q=1.0,deflate;q=0.6,identity;q=0.3
      Accept:
      - "*/*"
      User-Agent:
      - Ruby
  response:
    status:
      code: 200
      message: OK
    headers:
      Content-Type:
      - text/xml
      Cache-Control:
      - no-cache
      Connection:
      - close
      Content-Length:
      - '209'
    body:
      encoding: UTF-8
      string: |
        <revision rev="27" vrev="27">
          <srcmd5>5220960aba2db2b8d0bec6f69ec8bb03</srcmd5>
          <version>unknown</version>
          <time>1691403182</time>
          <user>unknown</user>
          <comment></comment>
          <requestid/>
        </revision>
  recorded_at: Mon, 07 Aug 2023 10:13:02 GMT
- request:
    method: put
    uri: http://backend:5352/source/foo_project/bar_package/somefile.txt
    body:
      encoding: UTF-8
      string: Aut alias earum. Omnis libero commodi. Nemo sunt voluptas.
    headers:
      Accept-Encoding:
      - gzip;q=1.0,deflate;q=0.6,identity;q=0.3
      Accept:
      - "*/*"
      User-Agent:
      - Ruby
  response:
    status:
      code: 200
      message: OK
    headers:
      Content-Type:
      - text/xml
      Cache-Control:
      - no-cache
      Connection:
      - close
      Content-Length:
      - '209'
    body:
      encoding: UTF-8
      string: |
        <revision rev="28" vrev="28">
          <srcmd5>c8444456bee8e1577b3cab5f09b794d9</srcmd5>
          <version>unknown</version>
          <time>1691403182</time>
          <user>unknown</user>
          <comment></comment>
          <requestid/>
        </revision>
  recorded_at: Mon, 07 Aug 2023 10:13:02 GMT
- request:
    method: post
    uri: http://backend:5352/source/foo_project/bar_package?cmd=waitservice
    body:
      encoding: UTF-8
      string: ''
    headers:
      Content-Type:
      - application/octet-stream
      Accept-Encoding:
      - gzip;q=1.0,deflate;q=0.6,identity;q=0.3
      Accept:
      - "*/*"
      User-Agent:
      - Ruby
  response:
    status:
      code: 200
      message: OK
    headers:
      Content-Type:
      - text/xml
      Cache-Control:
      - no-cache
      Connection:
      - close
      Content-Length:
      - '21'
    body:
      encoding: UTF-8
      string: '<status code="ok" />

'
  recorded_at: Mon, 07 Aug 2023 10:13:02 GMT
recorded_with: VCR 6.2.0
