---
http_interactions:
- request:
    method: put
    uri: http://backend:5352/source/home:tom/_meta?user=tom
    body:
      encoding: UTF-8
      string: |
        <project name="home:tom">
          <title/>
          <description/>
          <person userid="tom" role="maintainer"/>
        </project>
    headers:
      Accept-Encoding:
      - gzip;q=1.0,deflate;q=0.6,identity;q=0.3
      Accept:
      - "*/*"
      User-Agent:
      - Ruby
  response:
    status:
      code: 200
      message: OK
    headers:
      Content-Type:
      - text/xml
      Cache-Control:
      - no-cache
      Connection:
      - close
      Content-Length:
      - '128'
    body:
      encoding: UTF-8
      string: |
        <project name="home:tom">
          <title></title>
          <description></description>
          <person userid="tom" role="maintainer"/>
        </project>
  recorded_at: Mon, 25 Jul 2022 15:16:28 GMT
- request:
    method: put
    uri: http://backend:5352/source/home:tom/_project/_staging_workflow?user=user_31
    body:
      encoding: UTF-8
      string: |
        <workflow project="home:tom" managers="group_11">
          <staging_project name="home:tom:Staging:A"/>
        </workflow>
    headers:
      Accept-Encoding:
      - gzip;q=1.0,deflate;q=0.6,identity;q=0.3
      Accept:
      - "*/*"
      User-Agent:
      - Ruby
  response:
    status:
      code: 200
      message: OK
    headers:
      Content-Type:
      - text/xml
      Cache-Control:
      - no-cache
      Connection:
      - close
      Content-Length:
      - '170'
    body:
      encoding: UTF-8
      string: |
        <revision rev="21">
          <srcmd5>549eb4d72e1e3a62d47f9af36338cd38</srcmd5>
          <time>1658762188</time>
          <user>user_31</user>
          <comment></comment>
          <requestid/>
        </revision>
  recorded_at: Mon, 25 Jul 2022 15:16:28 GMT
- request:
    method: put
    uri: http://backend:5352/source/home:tom:Staging:A/_meta?user=user_31
    body:
      encoding: UTF-8
      string: |
        <project name="home:tom:Staging:A">
          <title/>
          <description/>
          <group groupid="group_11" role="maintainer"/>
        </project>
    headers:
      Accept-Encoding:
      - gzip;q=1.0,deflate;q=0.6,identity;q=0.3
      Accept:
      - "*/*"
      User-Agent:
      - Ruby
  response:
    status:
      code: 200
      message: OK
    headers:
      Content-Type:
      - text/xml
      Cache-Control:
      - no-cache
      Connection:
      - close
      Content-Length:
      - '143'
    body:
      encoding: UTF-8
      string: |
        <project name="home:tom:Staging:A">
          <title></title>
          <description></description>
          <group groupid="group_11" role="maintainer"/>
        </project>
  recorded_at: Mon, 25 Jul 2022 15:16:28 GMT
- request:
    method: put
    uri: http://backend:5352/source/home:tom/_project/_staging_workflow?user=user_31
    body:
      encoding: UTF-8
      string: |
        <workflow project="home:tom" managers="group_11">
          <staging_project name="home:tom:Staging:A"/>
          <staging_project name="home:tom:Staging:B"/>
        </workflow>
    headers:
      Accept-Encoding:
      - gzip;q=1.0,deflate;q=0.6,identity;q=0.3
      Accept:
      - "*/*"
      User-Agent:
      - Ruby
  response:
    status:
      code: 200
      message: OK
    headers:
      Content-Type:
      - text/xml
      Cache-Control:
      - no-cache
      Connection:
      - close
      Content-Length:
      - '170'
    body:
      encoding: UTF-8
      string: |
        <revision rev="22">
          <srcmd5>a054745d8cdaafcf79501bf152331d81</srcmd5>
          <time>1658762188</time>
          <user>user_31</user>
          <comment></comment>
          <requestid/>
        </revision>
  recorded_at: Mon, 25 Jul 2022 15:16:28 GMT
- request:
    method: put
    uri: http://backend:5352/source/home:tom:Staging:B/_meta?user=user_31
    body:
      encoding: UTF-8
      string: |
        <project name="home:tom:Staging:B">
          <title/>
          <description/>
          <group groupid="group_11" role="maintainer"/>
        </project>
    headers:
      Accept-Encoding:
      - gzip;q=1.0,deflate;q=0.6,identity;q=0.3
      Accept:
      - "*/*"
      User-Agent:
      - Ruby
  response:
    status:
      code: 200
      message: OK
    headers:
      Content-Type:
      - text/xml
      Cache-Control:
      - no-cache
      Connection:
      - close
      Content-Length:
      - '143'
    body:
      encoding: UTF-8
      string: |
        <project name="home:tom:Staging:B">
          <title></title>
          <description></description>
          <group groupid="group_11" role="maintainer"/>
        </project>
  recorded_at: Mon, 25 Jul 2022 15:16:28 GMT
- request:
    method: put
    uri: http://backend:5352/source/home:tom/_meta?user=user_31
    body:
      encoding: UTF-8
      string: |
        <project name="home:tom">
          <title/>
          <description/>
          <person userid="tom" role="maintainer"/>
          <group groupid="group_11" role="reviewer"/>
        </project>
    headers:
      Accept-Encoding:
      - gzip;q=1.0,deflate;q=0.6,identity;q=0.3
      Accept:
      - "*/*"
      User-Agent:
      - Ruby
  response:
    status:
      code: 200
      message: OK
    headers:
      Content-Type:
      - text/xml
      Cache-Control:
      - no-cache
      Connection:
      - close
      Content-Length:
      - '174'
    body:
      encoding: UTF-8
      string: |
        <project name="home:tom">
          <title></title>
          <description></description>
          <person userid="tom" role="maintainer"/>
          <group groupid="group_11" role="reviewer"/>
        </project>
  recorded_at: Mon, 25 Jul 2022 15:16:28 GMT
- request:
    method: put
    uri: http://backend:5352/source/home:tom:Staging:A/package_with_file/_meta?user=user_32
    body:
      encoding: UTF-8
      string: |
        <package name="package_with_file" project="home:tom:Staging:A">
          <title>What's Become of Waring</title>
          <description>Fugiat deleniti itaque molestiae.</description>
        </package>
    headers:
      Accept-Encoding:
      - gzip;q=1.0,deflate;q=0.6,identity;q=0.3
      Accept:
      - "*/*"
      User-Agent:
      - Ruby
  response:
    status:
      code: 200
      message: OK
    headers:
      Content-Type:
      - text/xml
      Cache-Control:
      - no-cache
      Connection:
      - close
      Content-Length:
      - '179'
    body:
      encoding: UTF-8
      string: |
        <package name="package_with_file" project="home:tom:Staging:A">
          <title>What's Become of Waring</title>
          <description>Fugiat deleniti itaque molestiae.</description>
        </package>
  recorded_at: Mon, 25 Jul 2022 15:16:29 GMT
- request:
    method: put
    uri: http://backend:5352/source/home:tom:Staging:A/package_with_file/_config
    body:
      encoding: UTF-8
      string: Deleniti dolorem magnam. Fugiat amet odit. Magni incidunt aperiam.
    headers:
      Accept-Encoding:
      - gzip;q=1.0,deflate;q=0.6,identity;q=0.3
      Accept:
      - "*/*"
      User-Agent:
      - Ruby
  response:
    status:
      code: 200
      message: OK
    headers:
      Content-Type:
      - text/xml
      Cache-Control:
      - no-cache
      Connection:
      - close
      Content-Length:
      - '209'
    body:
      encoding: UTF-8
      string: |
        <revision rev="21" vrev="21">
          <srcmd5>1bebed5e1da267f40359375e108ba029</srcmd5>
          <version>unknown</version>
          <time>1658762189</time>
          <user>unknown</user>
          <comment></comment>
          <requestid/>
        </revision>
  recorded_at: Mon, 25 Jul 2022 15:16:29 GMT
- request:
    method: put
    uri: http://backend:5352/source/home:tom:Staging:A/package_with_file/somefile.txt
    body:
      encoding: UTF-8
      string: Eos assumenda enim. Quia aliquid ea. Sequi est cumque.
    headers:
      Accept-Encoding:
      - gzip;q=1.0,deflate;q=0.6,identity;q=0.3
      Accept:
      - "*/*"
      User-Agent:
      - Ruby
  response:
    status:
      code: 200
      message: OK
    headers:
      Content-Type:
      - text/xml
      Cache-Control:
      - no-cache
      Connection:
      - close
      Content-Length:
      - '209'
    body:
      encoding: UTF-8
      string: |
        <revision rev="22" vrev="22">
          <srcmd5>ad1285f1a83e28a3e1c67c1dd5770568</srcmd5>
          <version>unknown</version>
          <time>1658762189</time>
          <user>unknown</user>
          <comment></comment>
          <requestid/>
        </revision>
  recorded_at: Mon, 25 Jul 2022 15:16:29 GMT
- request:
    method: put
    uri: http://backend:5352/source/target_project/_meta?user=tom
    body:
      encoding: UTF-8
      string: |
        <project name="target_project">
          <title>That Good Night</title>
          <description/>
        </project>
    headers:
      Accept-Encoding:
      - gzip;q=1.0,deflate;q=0.6,identity;q=0.3
      Accept:
      - "*/*"
      User-Agent:
      - Ruby
  response:
    status:
      code: 200
      message: OK
    headers:
      Content-Type:
      - text/xml
      Cache-Control:
      - no-cache
      Connection:
      - close
      Content-Length:
      - '106'
    body:
      encoding: UTF-8
      string: |
        <project name="target_project">
          <title>That Good Night</title>
          <description></description>
        </project>
  recorded_at: Mon, 25 Jul 2022 15:16:29 GMT
- request:
    method: put
    uri: http://backend:5352/source/target_project/target_package/_meta?user=tom
    body:
      encoding: UTF-8
      string: |
        <package name="target_package" project="target_project">
          <title>A Darkling Plain</title>
          <description>Ad repellendus consectetur quis.</description>
        </package>
    headers:
      Accept-Encoding:
      - gzip;q=1.0,deflate;q=0.6,identity;q=0.3
      Accept:
      - "*/*"
      User-Agent:
      - Ruby
  response:
    status:
      code: 200
      message: OK
    headers:
      Content-Type:
      - text/xml
      Cache-Control:
      - no-cache
      Connection:
      - close
      Content-Length:
      - '164'
    body:
      encoding: UTF-8
      string: |
        <package name="target_package" project="target_project">
          <title>A Darkling Plain</title>
          <description>Ad repellendus consectetur quis.</description>
        </package>
  recorded_at: Mon, 25 Jul 2022 15:16:29 GMT
- request:
    method: put
    uri: http://backend:5352/source/source_project/_meta?user=tom
    body:
      encoding: UTF-8
      string: |
        <project name="source_project">
          <title>The Proper Study</title>
          <description/>
        </project>
    headers:
      Accept-Encoding:
      - gzip;q=1.0,deflate;q=0.6,identity;q=0.3
      Accept:
      - "*/*"
      User-Agent:
      - Ruby
  response:
    status:
      code: 200
      message: OK
    headers:
      Content-Type:
      - text/xml
      Cache-Control:
      - no-cache
      Connection:
      - close
      Content-Length:
      - '107'
    body:
      encoding: UTF-8
      string: |
        <project name="source_project">
          <title>The Proper Study</title>
          <description></description>
        </project>
  recorded_at: Mon, 25 Jul 2022 15:16:29 GMT
- request:
    method: put
    uri: http://backend:5352/source/source_project/_project/_attribute?meta=1&user=tom
    body:
      encoding: UTF-8
      string: |
        <attributes>
          <attribute name="ApprovedRequestSource" namespace="OBS"/>
        </attributes>
    headers:
      Accept-Encoding:
      - gzip;q=1.0,deflate;q=0.6,identity;q=0.3
      Accept:
      - "*/*"
      User-Agent:
      - Ruby
  response:
    status:
      code: 200
      message: OK
    headers:
      Content-Type:
      - text/xml
      Cache-Control:
      - no-cache
      Connection:
      - close
      Content-Length:
      - '166'
    body:
      encoding: UTF-8
      string: |
        <revision rev="24">
          <srcmd5>434ab39aa0d26b2e48883cbc7d493fc5</srcmd5>
          <time>1658762189</time>
          <user>tom</user>
          <comment></comment>
          <requestid/>
        </revision>
  recorded_at: Mon, 25 Jul 2022 15:16:29 GMT
- request:
    method: put
    uri: http://backend:5352/source/source_project/source_package/_meta?user=tom
    body:
      encoding: UTF-8
      string: |
        <package name="source_package" project="source_project">
          <title>All the King's Men</title>
          <description>Fuga impedit quo suscipit.</description>
        </package>
    headers:
      Accept-Encoding:
      - gzip;q=1.0,deflate;q=0.6,identity;q=0.3
      Accept:
      - "*/*"
      User-Agent:
      - Ruby
  response:
    status:
      code: 200
      message: OK
    headers:
      Content-Type:
      - text/xml
      Cache-Control:
      - no-cache
      Connection:
      - close
      Content-Length:
      - '160'
    body:
      encoding: UTF-8
      string: |
        <package name="source_package" project="source_project">
          <title>All the King's Men</title>
          <description>Fuga impedit quo suscipit.</description>
        </package>
  recorded_at: Mon, 25 Jul 2022 15:16:29 GMT
- request:
    method: get
    uri: http://backend:5352/source/source_project/source_package
    body:
      encoding: US-ASCII
      string: ''
    headers:
      Accept-Encoding:
      - gzip;q=1.0,deflate;q=0.6,identity;q=0.3
      Accept:
      - "*/*"
      User-Agent:
      - Ruby
  response:
    status:
      code: 200
      message: OK
    headers:
      Content-Type:
      - text/xml
      Cache-Control:
      - no-cache
      Connection:
      - close
      Content-Length:
      - '89'
    body:
      encoding: UTF-8
      string: |
        <directory name="source_package" srcmd5="d41d8cd98f00b204e9800998ecf8427e">
        </directory>
  recorded_at: Mon, 25 Jul 2022 15:16:29 GMT
- request:
    method: post
    uri: http://backend:5352/source/source_project/source_package?cmd=diff&expand=1&filelimit=10000&opackage=target_package&oproject=target_project&tarlimit=10000&view=xml&withissues=1
    body:
      encoding: UTF-8
      string: ''
    headers:
      Content-Type:
      - application/octet-stream
      Accept-Encoding:
      - gzip;q=1.0,deflate;q=0.6,identity;q=0.3
      Accept:
      - "*/*"
      User-Agent:
      - Ruby
  response:
    status:
      code: 200
      message: OK
    headers:
      Content-Type:
      - text/xml
      Content-Length:
      - '328'
      Cache-Control:
      - no-cache
      Connection:
      - close
    body:
      encoding: UTF-8
      string: |
        <sourcediff key="22bfb82bf1c9f9c9dd66ba87930cd41c">
          <old project="target_project" package="target_package" rev="1" srcmd5="d41d8cd98f00b204e9800998ecf8427e"/>
          <new project="source_project" package="source_package" rev="0" srcmd5="d41d8cd98f00b204e9800998ecf8427e"/>
          <files>
          </files>
          <issues>
          </issues>
        </sourcediff>
  recorded_at: Mon, 25 Jul 2022 15:16:29 GMT
recorded_with: VCR 6.1.0
