---
http_interactions:
- request:
    method: put
    uri: http://backend:5352/source/home:Iggy/_meta?user=Iggy
    body:
      encoding: UTF-8
      string: |
        <project name="home:Iggy">
          <title/>
          <description/>
          <person userid="Iggy" role="maintainer"/>
        </project>
    headers:
      Accept-Encoding:
      - gzip;q=1.0,deflate;q=0.6,identity;q=0.3
      Accept:
      - "*/*"
      User-Agent:
      - Ruby
  response:
    status:
      code: 200
      message: OK
    headers:
      Content-Type:
      - text/xml
      Cache-Control:
      - no-cache
      Connection:
      - close
      Content-Length:
      - '130'
    body:
      encoding: UTF-8
      string: |
        <project name="home:Iggy">
          <title></title>
          <description></description>
          <person userid="Iggy" role="maintainer"/>
        </project>
  recorded_at: Mon, 31 Jan 2022 15:05:42 GMT
- request:
    method: put
    uri: http://backend:5352/source/foo_project/_meta?user=user_51
    body:
      encoding: UTF-8
      string: |
        <project name="foo_project">
          <title>This Side of Paradise</title>
          <description/>
          <person userid="Iggy" role="maintainer"/>
        </project>
    headers:
      Accept-Encoding:
      - gzip;q=1.0,deflate;q=0.6,identity;q=0.3
      Accept:
      - "*/*"
      User-Agent:
      - Ruby
  response:
    status:
      code: 200
      message: OK
    headers:
      Content-Type:
      - text/xml
      Cache-Control:
      - no-cache
      Connection:
      - close
      Content-Length:
      - '153'
    body:
      encoding: UTF-8
      string: |
        <project name="foo_project">
          <title>This Side of Paradise</title>
          <description></description>
          <person userid="Iggy" role="maintainer"/>
        </project>
  recorded_at: Mon, 31 Jan 2022 15:05:43 GMT
- request:
    method: put
    uri: http://backend:5352/source/foo_project/bar_package/_meta?user=user_52
    body:
      encoding: UTF-8
      string: |
        <package name="bar_package" project="foo_project">
          <title>A Many-Splendoured Thing</title>
          <description>Qui repudiandae optio reprehenderit.</description>
        </package>
    headers:
      Accept-Encoding:
      - gzip;q=1.0,deflate;q=0.6,identity;q=0.3
      Accept:
      - "*/*"
      User-Agent:
      - Ruby
  response:
    status:
      code: 200
      message: OK
    headers:
      Content-Type:
      - text/xml
      Cache-Control:
      - no-cache
      Connection:
      - close
      Content-Length:
      - '170'
    body:
      encoding: UTF-8
      string: |
        <package name="bar_package" project="foo_project">
          <title>A Many-Splendoured Thing</title>
          <description>Qui repudiandae optio reprehenderit.</description>
        </package>
  recorded_at: Mon, 31 Jan 2022 15:05:43 GMT
- request:
    method: put
    uri: http://backend:5352/source/foo_project/bar_package/_config
    body:
      encoding: UTF-8
      string: Magni nesciunt possimus. Voluptatibus facilis qui. Velit dolor enim.
    headers:
      Accept-Encoding:
      - gzip;q=1.0,deflate;q=0.6,identity;q=0.3
      Accept:
      - "*/*"
      User-Agent:
      - Ruby
  response:
    status:
      code: 200
      message: OK
    headers:
      Content-Type:
      - text/xml
      Cache-Control:
      - no-cache
      Connection:
      - close
      Content-Length:
      - '209'
    body:
      encoding: UTF-8
      string: |
        <revision rev="58" vrev="58">
          <srcmd5>e7c39ba91db1b6e04564ef69b4d9a374</srcmd5>
          <version>unknown</version>
          <time>1643641543</time>
          <user>unknown</user>
          <comment></comment>
          <requestid/>
        </revision>
  recorded_at: Mon, 31 Jan 2022 15:05:43 GMT
- request:
    method: put
    uri: http://backend:5352/source/foo_project/bar_package/somefile.txt
    body:
      encoding: UTF-8
      string: Repellat nulla eum. Similique tempora voluptates. Et reiciendis molestiae.
    headers:
      Accept-Encoding:
      - gzip;q=1.0,deflate;q=0.6,identity;q=0.3
      Accept:
      - "*/*"
      User-Agent:
      - Ruby
  response:
    status:
      code: 200
      message: OK
    headers:
      Content-Type:
      - text/xml
      Cache-Control:
      - no-cache
      Connection:
      - close
      Content-Length:
      - '209'
    body:
      encoding: UTF-8
      string: |
        <revision rev="59" vrev="59">
          <srcmd5>0c24ce58ce5bc8e000b4b42df3c60c95</srcmd5>
          <version>unknown</version>
          <time>1643641543</time>
          <user>unknown</user>
          <comment></comment>
          <requestid/>
        </revision>
  recorded_at: Mon, 31 Jan 2022 15:05:43 GMT
- request:
    method: put
    uri: http://backend:5352/source/home:Iggy:openSUSE:open-build-service:PR-1/_meta?user=Iggy
    body:
      encoding: UTF-8
      string: |
        <project name="home:Iggy:openSUSE:open-build-service:PR-1">
          <title>The Needle's Eye</title>
          <description/>
          <person userid="Iggy" role="maintainer"/>
        </project>
    headers:
      Accept-Encoding:
      - gzip;q=1.0,deflate;q=0.6,identity;q=0.3
      Accept:
      - "*/*"
      User-Agent:
      - Ruby
  response:
    status:
      code: 200
      message: OK
    headers:
      Content-Type:
      - text/xml
      Cache-Control:
      - no-cache
      Connection:
      - close
      Content-Length:
      - '179'
    body:
      encoding: UTF-8
      string: |
        <project name="home:Iggy:openSUSE:open-build-service:PR-1">
          <title>The Needle's Eye</title>
          <description></description>
          <person userid="Iggy" role="maintainer"/>
        </project>
  recorded_at: Mon, 31 Jan 2022 15:05:43 GMT
- request:
    method: put
    uri: http://backend:5352/source/home:Iggy:openSUSE:open-build-service:PR-1/bar_package/_meta?user=Iggy
    body:
      encoding: UTF-8
      string: |
        <package name="bar_package" project="home:Iggy:openSUSE:open-build-service:PR-1">
          <title>Ego Dominus Tuus</title>
          <description>Est saepe eligendi vero.</description>
        </package>
    headers:
      Accept-Encoding:
      - gzip;q=1.0,deflate;q=0.6,identity;q=0.3
      Accept:
      - "*/*"
      User-Agent:
      - Ruby
  response:
    status:
      code: 200
      message: OK
    headers:
      Content-Type:
      - text/xml
      Cache-Control:
      - no-cache
      Connection:
      - close
      Content-Length:
      - '181'
    body:
      encoding: UTF-8
      string: |
        <package name="bar_package" project="home:Iggy:openSUSE:open-build-service:PR-1">
          <title>Ego Dominus Tuus</title>
          <description>Est saepe eligendi vero.</description>
        </package>
  recorded_at: Mon, 31 Jan 2022 15:05:43 GMT
- request:
    method: put
    uri: http://backend:5352/source/home:Iggy:openSUSE:open-build-service:PR-1/bar_package/_config
    body:
      encoding: UTF-8
      string: Non impedit ipsa. Ad quia quisquam. Quod sed id.
    headers:
      Accept-Encoding:
      - gzip;q=1.0,deflate;q=0.6,identity;q=0.3
      Accept:
      - "*/*"
      User-Agent:
      - Ruby
  response:
    status:
      code: 200
      message: OK
    headers:
      Content-Type:
      - text/xml
      Cache-Control:
      - no-cache
      Connection:
      - close
      Content-Length:
      - '209'
    body:
      encoding: UTF-8
      string: |
        <revision rev="36" vrev="36">
          <srcmd5>6f23d31170479a76acc558a06d67e458</srcmd5>
          <version>unknown</version>
          <time>1643641543</time>
          <user>unknown</user>
          <comment></comment>
          <requestid/>
        </revision>
  recorded_at: Mon, 31 Jan 2022 15:05:43 GMT
- request:
    method: put
    uri: http://backend:5352/source/home:Iggy:openSUSE:open-build-service:PR-1/bar_package/somefile.txt
    body:
      encoding: UTF-8
      string: Quo tempora harum. Illum vel est. Nemo tenetur incidunt.
    headers:
      Accept-Encoding:
      - gzip;q=1.0,deflate;q=0.6,identity;q=0.3
      Accept:
      - "*/*"
      User-Agent:
      - Ruby
  response:
    status:
      code: 200
      message: OK
    headers:
      Content-Type:
      - text/xml
      Cache-Control:
      - no-cache
      Connection:
      - close
      Content-Length:
      - '209'
    body:
      encoding: UTF-8
      string: |
        <revision rev="37" vrev="37">
          <srcmd5>9862ad877bbb470693c86b88a1caf20b</srcmd5>
          <version>unknown</version>
          <time>1643641543</time>
          <user>unknown</user>
          <comment></comment>
          <requestid/>
        </revision>
  recorded_at: Mon, 31 Jan 2022 15:05:43 GMT
- request:
    method: put
    uri: http://backend:5352/source/foo_project/bar_package/_branch_request?user=Iggy
    body:
      encoding: UTF-8
      string: '{"action":"synchronize","pull_request":{"head":{"repo":{"full_name":"source_repository_full_name"},"sha":"123"}}}'
    headers:
      Accept-Encoding:
      - gzip;q=1.0,deflate;q=0.6,identity;q=0.3
      Accept:
      - "*/*"
      User-Agent:
      - Ruby
  response:
    status:
      code: 200
      message: OK
    headers:
      Content-Type:
      - text/xml
      Cache-Control:
      - no-cache
      Connection:
      - close
      Content-Length:
      - '206'
    body:
      encoding: UTF-8
      string: |
        <revision rev="60" vrev="60">
          <srcmd5>0c24ce58ce5bc8e000b4b42df3c60c95</srcmd5>
          <version>unknown</version>
          <time>1643641543</time>
          <user>Iggy</user>
          <comment></comment>
          <requestid/>
        </revision>
  recorded_at: Mon, 31 Jan 2022 15:05:43 GMT
- request:
    method: put
    uri: http://backend:5352/source/foo_project/bar_package/_meta?user=user_52
    body:
      encoding: UTF-8
      string: |
        <package name="bar_package" project="foo_project">
          <title>A Many-Splendoured Thing</title>
          <description>Qui repudiandae optio reprehenderit.</description>
        </package>
    headers:
      Accept-Encoding:
      - gzip;q=1.0,deflate;q=0.6,identity;q=0.3
      Accept:
      - "*/*"
      User-Agent:
      - Ruby
  response:
    status:
      code: 200
      message: OK
    headers:
      Content-Type:
      - text/xml
      Cache-Control:
      - no-cache
      Connection:
      - close
      Content-Length:
      - '170'
    body:
      encoding: UTF-8
      string: |
        <package name="bar_package" project="foo_project">
          <title>A Many-Splendoured Thing</title>
          <description>Qui repudiandae optio reprehenderit.</description>
        </package>
  recorded_at: Mon, 31 Jan 2022 15:05:43 GMT
- request:
    method: get
    uri: http://backend:5352/source/foo_project/bar_package
    body:
      encoding: US-ASCII
      string: ''
    headers:
      Accept-Encoding:
      - gzip;q=1.0,deflate;q=0.6,identity;q=0.3
      Accept:
      - "*/*"
      User-Agent:
      - Ruby
  response:
    status:
      code: 200
      message: OK
    headers:
      Content-Type:
      - text/xml
      Cache-Control:
      - no-cache
      Connection:
      - close
      Content-Length:
      - '401'
    body:
      encoding: UTF-8
      string: |
        <directory name="bar_package" rev="60" vrev="60" srcmd5="0c24ce58ce5bc8e000b4b42df3c60c95">
          <entry name="_branch_request" md5="c4321e613d633f87e139ae1201ad0bf8" size="113" mtime="1643641537"/>
          <entry name="_config" md5="921e6f22c61775e853a945f7faa51865" size="68" mtime="1643641543"/>
          <entry name="somefile.txt" md5="ebef9f089f0c16e3cc47d4ac08b49685" size="74" mtime="1643641543"/>
        </directory>
  recorded_at: Mon, 31 Jan 2022 15:05:43 GMT
- request:
    method: get
    uri: http://backend:5352/source/foo_project/bar_package?view=info
    body:
      encoding: US-ASCII
      string: ''
    headers:
      Accept-Encoding:
      - gzip;q=1.0,deflate;q=0.6,identity;q=0.3
      Accept:
      - "*/*"
      User-Agent:
      - Ruby
  response:
    status:
      code: 200
      message: OK
    headers:
      Content-Type:
      - text/xml
      Cache-Control:
      - no-cache
      Connection:
      - close
      Content-Length:
      - '231'
    body:
      encoding: UTF-8
      string: |
        <sourceinfo package="bar_package" rev="60" vrev="60" srcmd5="0c24ce58ce5bc8e000b4b42df3c60c95" verifymd5="0c24ce58ce5bc8e000b4b42df3c60c95">
          <error>bad build configuration, no build type defined or detected</error>
        </sourceinfo>
  recorded_at: Mon, 31 Jan 2022 15:05:43 GMT
- request:
    method: get
    uri: http://backend:5352/source/foo_project/bar_package
    body:
      encoding: US-ASCII
      string: ''
    headers:
      Accept-Encoding:
      - gzip;q=1.0,deflate;q=0.6,identity;q=0.3
      Accept:
      - "*/*"
      User-Agent:
      - Ruby
  response:
    status:
      code: 200
      message: OK
    headers:
      Content-Type:
      - text/xml
      Cache-Control:
      - no-cache
      Connection:
      - close
      Content-Length:
      - '401'
    body:
      encoding: UTF-8
      string: |
        <directory name="bar_package" rev="60" vrev="60" srcmd5="0c24ce58ce5bc8e000b4b42df3c60c95">
          <entry name="_branch_request" md5="c4321e613d633f87e139ae1201ad0bf8" size="113" mtime="1643641537"/>
          <entry name="_config" md5="921e6f22c61775e853a945f7faa51865" size="68" mtime="1643641543"/>
          <entry name="somefile.txt" md5="ebef9f089f0c16e3cc47d4ac08b49685" size="74" mtime="1643641543"/>
        </directory>
  recorded_at: Mon, 31 Jan 2022 15:05:43 GMT
- request:
    method: post
    uri: http://backend:5352/source/foo_project/bar_package?cmd=diff&linkrev=base&onlyissues=1&orev=0&view=xml
    body:
      encoding: UTF-8
      string: ''
    headers:
      Content-Type:
      - application/octet-stream
      Accept-Encoding:
      - gzip;q=1.0,deflate;q=0.6,identity;q=0.3
      Accept:
      - "*/*"
      User-Agent:
      - Ruby
  response:
    status:
      code: 200
      message: OK
    headers:
      Content-Type:
      - text/xml
      Cache-Control:
      - no-cache
      Connection:
      - close
      Content-Length:
      - '307'
    body:
      encoding: UTF-8
      string: |
        <sourcediff key="144b592f75679efca0765dbd2c46bd0a">
          <old project="foo_project" package="bar_package" rev="0" srcmd5="d41d8cd98f00b204e9800998ecf8427e"/>
          <new project="foo_project" package="bar_package" rev="60" srcmd5="0c24ce58ce5bc8e000b4b42df3c60c95"/>
          <files/>
          <issues>
          </issues>
        </sourcediff>
  recorded_at: Mon, 31 Jan 2022 15:05:43 GMT
- request:
    method: put
    uri: http://backend:5352/source/home:Iggy:openSUSE:open-build-service:PR-1/bar_package/_branch_request?user=Iggy
    body:
      encoding: UTF-8
      string: '{"action":"opened","pull_request":{"head":{"repo":{"full_name":"reponame"},"sha":"123456789"}}}'
    headers:
      Accept-Encoding:
      - gzip;q=1.0,deflate;q=0.6,identity;q=0.3
      Accept:
      - "*/*"
      User-Agent:
      - Ruby
  response:
    status:
      code: 200
      message: OK
    headers:
      Content-Type:
      - text/xml
      Cache-Control:
      - no-cache
      Connection:
      - close
      Content-Length:
      - '206'
    body:
      encoding: UTF-8
      string: |
        <revision rev="38" vrev="38">
          <srcmd5>9862ad877bbb470693c86b88a1caf20b</srcmd5>
          <version>unknown</version>
          <time>1643641543</time>
          <user>Iggy</user>
          <comment></comment>
          <requestid/>
        </revision>
  recorded_at: Mon, 31 Jan 2022 15:05:43 GMT
- request:
    method: put
    uri: http://backend:5352/source/home:Iggy:openSUSE:open-build-service:PR-1/bar_package/_meta?user=Iggy
    body:
      encoding: UTF-8
      string: |
        <package name="bar_package" project="home:Iggy:openSUSE:open-build-service:PR-1">
          <title>Ego Dominus Tuus</title>
          <description>Est saepe eligendi vero.</description>
        </package>
    headers:
      Accept-Encoding:
      - gzip;q=1.0,deflate;q=0.6,identity;q=0.3
      Accept:
      - "*/*"
      User-Agent:
      - Ruby
  response:
    status:
      code: 200
      message: OK
    headers:
      Content-Type:
      - text/xml
      Cache-Control:
      - no-cache
      Connection:
      - close
      Content-Length:
      - '181'
    body:
      encoding: UTF-8
      string: |
        <package name="bar_package" project="home:Iggy:openSUSE:open-build-service:PR-1">
          <title>Ego Dominus Tuus</title>
          <description>Est saepe eligendi vero.</description>
        </package>
  recorded_at: Mon, 31 Jan 2022 15:05:43 GMT
- request:
    method: get
    uri: http://backend:5352/source/home:Iggy:openSUSE:open-build-service:PR-1/bar_package
    body:
      encoding: US-ASCII
      string: ''
    headers:
      Accept-Encoding:
      - gzip;q=1.0,deflate;q=0.6,identity;q=0.3
      Accept:
      - "*/*"
      User-Agent:
      - Ruby
  response:
    status:
      code: 200
      message: OK
    headers:
      Content-Type:
      - text/xml
      Cache-Control:
      - no-cache
      Connection:
      - close
      Content-Length:
      - '670'
    body:
      encoding: UTF-8
      string: |
        <directory name="bar_package" rev="38" vrev="38" srcmd5="9862ad877bbb470693c86b88a1caf20b">
          <linkinfo project="foo_project" package="bar_package" baserev="7e3a8ddb7d7c6013d4d98f6f202e3508" xsrcmd5="4fadba3b644d130e663f838f312afb30" error="conflict in file _config"/>
          <entry name="_branch_request" md5="a0ae3e8c1598e691c7662a4b258bd481" size="95" mtime="1643632505"/>
          <entry name="_config" md5="687c6647da8f512279635e8d090c192b" size="48" mtime="1643641543"/>
          <entry name="_link" md5="ff3d9dc8a65ce527370348e821fae4b8" size="119" mtime="1643641536"/>
          <entry name="somefile.txt" md5="e6f3f4a37d53d2000b79e5c2f3491e72" size="56" mtime="1643641543"/>
        </directory>
  recorded_at: Mon, 31 Jan 2022 15:05:43 GMT
- request:
    method: get
    uri: http://backend:5352/source/home:Iggy:openSUSE:open-build-service:PR-1/bar_package?view=info
    body:
      encoding: US-ASCII
      string: ''
    headers:
      Accept-Encoding:
      - gzip;q=1.0,deflate;q=0.6,identity;q=0.3
      Accept:
      - "*/*"
      User-Agent:
      - Ruby
  response:
    status:
      code: 200
      message: OK
    headers:
      Content-Type:
      - text/xml
      Cache-Control:
      - no-cache
      Connection:
      - close
      Content-Length:
      - '253'
    body:
      encoding: UTF-8
      string: |
        <sourceinfo package="bar_package" rev="38" vrev="98" srcmd5="9862ad877bbb470693c86b88a1caf20b" verifymd5="9862ad877bbb470693c86b88a1caf20b">
          <error>conflict in file _config</error>
          <linked project="foo_project" package="bar_package"/>
        </sourceinfo>
  recorded_at: Mon, 31 Jan 2022 15:05:43 GMT
- request:
    method: get
    uri: http://backend:5352/source/home:Iggy:openSUSE:open-build-service:PR-1/bar_package
    body:
      encoding: US-ASCII
      string: ''
    headers:
      Accept-Encoding:
      - gzip;q=1.0,deflate;q=0.6,identity;q=0.3
      Accept:
      - "*/*"
      User-Agent:
      - Ruby
  response:
    status:
      code: 200
      message: OK
    headers:
      Content-Type:
      - text/xml
      Cache-Control:
      - no-cache
      Connection:
      - close
      Content-Length:
      - '670'
    body:
      encoding: UTF-8
      string: |
        <directory name="bar_package" rev="38" vrev="38" srcmd5="9862ad877bbb470693c86b88a1caf20b">
          <linkinfo project="foo_project" package="bar_package" baserev="7e3a8ddb7d7c6013d4d98f6f202e3508" xsrcmd5="4fadba3b644d130e663f838f312afb30" error="conflict in file _config"/>
          <entry name="_branch_request" md5="a0ae3e8c1598e691c7662a4b258bd481" size="95" mtime="1643632505"/>
          <entry name="_config" md5="687c6647da8f512279635e8d090c192b" size="48" mtime="1643641543"/>
          <entry name="_link" md5="ff3d9dc8a65ce527370348e821fae4b8" size="119" mtime="1643641536"/>
          <entry name="somefile.txt" md5="e6f3f4a37d53d2000b79e5c2f3491e72" size="56" mtime="1643641543"/>
        </directory>
  recorded_at: Mon, 31 Jan 2022 15:05:43 GMT
- request:
    method: post
    uri: http://backend:5352/source/home:Iggy:openSUSE:open-build-service:PR-1/bar_package?cmd=diff&linkrev=base&onlyissues=1&orev=0&view=xml
    body:
      encoding: UTF-8
      string: ''
    headers:
      Content-Type:
      - application/octet-stream
      Accept-Encoding:
      - gzip;q=1.0,deflate;q=0.6,identity;q=0.3
      Accept:
      - "*/*"
      User-Agent:
      - Ruby
  response:
    status:
      code: 200
      message: OK
    headers:
      Content-Type:
      - text/xml
      Cache-Control:
      - no-cache
      Connection:
      - close
      Content-Length:
      - '369'
    body:
      encoding: UTF-8
      string: |
        <sourcediff key="4955181c52928806cfa508361eaf3616">
          <old project="home:Iggy:openSUSE:open-build-service:PR-1" package="bar_package" rev="0" srcmd5="d41d8cd98f00b204e9800998ecf8427e"/>
          <new project="home:Iggy:openSUSE:open-build-service:PR-1" package="bar_package" rev="38" srcmd5="9862ad877bbb470693c86b88a1caf20b"/>
          <files/>
          <issues>
          </issues>
        </sourcediff>
  recorded_at: Mon, 31 Jan 2022 15:05:43 GMT
- request:
    method: post
    uri: http://backend:5352/source/home:Iggy:openSUSE:open-build-service:PR-1/bar_package?cmd=linkdiff&linkrev=base&onlyissues=1&view=xml
    body:
      encoding: UTF-8
      string: ''
    headers:
      Content-Type:
      - application/octet-stream
      Accept-Encoding:
      - gzip;q=1.0,deflate;q=0.6,identity;q=0.3
      Accept:
      - "*/*"
      User-Agent:
      - Ruby
  response:
    status:
      code: 200
      message: OK
    headers:
      Content-Type:
      - text/xml
      Cache-Control:
      - no-cache
      Connection:
      - close
      Content-Length:
      - '399'
    body:
      encoding: UTF-8
      string: |
        <sourcediff key="e70d07ae2f8c5c2a939f710786195911">
          <old project="foo_project" package="bar_package" rev="7e3a8ddb7d7c6013d4d98f6f202e3508" srcmd5="7e3a8ddb7d7c6013d4d98f6f202e3508"/>
          <new project="home:Iggy:openSUSE:open-build-service:PR-1" package="bar_package" rev="3ee0d6c67af8edb1ea05353283662c45" srcmd5="3ee0d6c67af8edb1ea05353283662c45"/>
          <files/>
          <issues>
          </issues>
        </sourcediff>
  recorded_at: Mon, 31 Jan 2022 15:05:43 GMT
recorded_with: VCR 6.0.0
